[2025-11-29T08:07:53.557+0000][0.040s][info][gc] Using G1
[2025-11-29T08:07:53.562+0000][0.045s][info][gc,init] Version: 17.0.16+8-Debian-1deb12u1 (release)
[2025-11-29T08:07:53.562+0000][0.045s][info][gc,init] CPUs: 12 total, 12 available
[2025-11-29T08:07:53.563+0000][0.046s][info][gc,init] Memory: 7785M
[2025-11-29T08:07:53.563+0000][0.046s][info][gc,init] Large Page Support: Disabled
[2025-11-29T08:07:53.564+0000][0.047s][info][gc,init] NUMA Support: Disabled
[2025-11-29T08:07:53.565+0000][0.048s][info][gc,init] Compressed Oops: Enabled (32-bit)
[2025-11-29T08:07:53.565+0000][0.048s][info][gc,init] Heap Region Size: 1M
[2025-11-29T08:07:53.566+0000][0.049s][info][gc,init] Heap Min Capacity: 8M
[2025-11-29T08:07:53.566+0000][0.049s][info][gc,init] Heap Initial Capacity: 122M
[2025-11-29T08:07:53.566+0000][0.049s][info][gc,init] Heap Max Capacity: 1948M
[2025-11-29T08:07:53.567+0000][0.050s][info][gc,init] Pre-touch: Disabled
[2025-11-29T08:07:53.567+0000][0.050s][info][gc,init] Parallel Workers: 10
[2025-11-29T08:07:53.568+0000][0.051s][info][gc,init] Concurrent Workers: 3
[2025-11-29T08:07:53.568+0000][0.051s][info][gc,init] Concurrent Refinement Workers: 10
[2025-11-29T08:07:53.569+0000][0.052s][info][gc,init] Periodic GC: Disabled
[2025-11-29T08:07:53.601+0000][0.084s][info][gc,metaspace] CDS archive(s) mapped at: [0x00007ef777000000-0x00007ef777bca000-0x00007ef777bca000), size 12361728, SharedBaseAddress: 0x00007ef777000000, ArchiveRelocationMode: 1.
[2025-11-29T08:07:53.601+0000][0.084s][info][gc,metaspace] Compressed class space mapped at: 0x00007ef778000000-0x00007ef7b8000000, reserved size: 1073741824
[2025-11-29T08:07:53.602+0000][0.085s][info][gc,metaspace] Narrow klass base: 0x00007ef777000000, Narrow klass shift: 0, Narrow klass range: 0x100000000
[2025-11-29T08:07:53.617+0000][0.100s][info][cds,heap    ] initialize_from_archived_subgraph java.lang.Module$ArchivedData 0x00007ef7771837f0 (early)
[2025-11-29T08:07:53.618+0000][0.101s][info][cds,heap    ] initialize_from_archived_subgraph java.util.ImmutableCollections 0x00007ef777072308 (early)
[2025-11-29T08:07:53.620+0000][0.103s][info][cds,heap    ] initialize_from_archived_subgraph java.lang.Integer$IntegerCache 0x00007ef777037660 (early)
[2025-11-29T08:07:53.629+0000][0.112s][info][cds,heap    ] initialize_from_archived_subgraph java.lang.module.Configuration 0x00007ef777171770 (early)
[2025-11-29T08:07:53.629+0000][0.112s][info][cds,heap    ] initialize_from_archived_subgraph java.lang.ModuleLayer 0x00007ef777145ba8 (early)
[2025-11-29T08:07:53.630+0000][0.113s][info][cds,heap    ] initialize_from_archived_subgraph jdk.internal.loader.ArchivedClassLoaders 0x00007ef7771a7e68 (early)
[2025-11-29T08:07:53.631+0000][0.114s][info][cds,heap    ] initialize_from_archived_subgraph jdk.internal.module.ArchivedBootLayer 0x00007ef7771783b0 (early)
[2025-11-29T08:07:53.636+0000][0.119s][info][cds,heap    ] initialize_from_archived_subgraph sun.util.locale.BaseLocale 0x00007ef77726ebf0
[2025-11-29T08:07:53.649+0000][0.132s][info][cds,heap    ] initialize_from_archived_subgraph java.util.jar.Attributes$Name 0x00007ef7771998d0
[2025-11-29T08:07:53.675+0000][0.158s][info][cds,heap    ] initialize_from_archived_subgraph java.lang.Long$LongCache 0x00007ef777020f98
[2025-11-29T08:07:53.748+0000][0.231s][info][cds,heap    ] initialize_from_archived_subgraph java.lang.Character$CharacterCache 0x00007ef77703a9e8
[2025-11-29T08:07:54.292+0000][0.775s][debug][safepoint   ] Safepoint synchronization initiated using futex wait barrier. (14 threads)
[2025-11-29T08:07:54.293+0000][0.776s][info ][safepoint   ] Safepoint "ICBufferFull", Time since last: 677413145 ns, Reaching safepoint: 701547 ns, Cleanup: 174566 ns, At safepoint: 13904 ns, Total: 890017 ns
[2025-11-29T08:07:54.381+0000][0.864s][debug][safepoint   ] Safepoint synchronization initiated using futex wait barrier. (14 threads)
[2025-11-29T08:07:54.382+0000][0.865s][info ][gc,start    ] GC(0) Pause Young (Normal) (G1 Evacuation Pause)
[2025-11-29T08:07:54.383+0000][0.866s][info ][gc,task     ] GC(0) Using 2 workers of 10 for evacuation
[2025-11-29T08:07:54.393+0000][0.876s][info ][gc,phases   ] GC(0)   Pre Evacuate Collection Set: 0.1ms
[2025-11-29T08:07:54.394+0000][0.877s][info ][gc,phases   ] GC(0)   Merge Heap Roots: 0.2ms
[2025-11-29T08:07:54.394+0000][0.877s][info ][gc,phases   ] GC(0)   Evacuate Collection Set: 8.2ms
[2025-11-29T08:07:54.394+0000][0.877s][info ][gc,phases   ] GC(0)   Post Evacuate Collection Set: 1.1ms
[2025-11-29T08:07:54.395+0000][0.878s][info ][gc,phases   ] GC(0)   Other: 1.9ms
[2025-11-29T08:07:54.396+0000][0.879s][info ][gc,heap     ] GC(0) Eden regions: 57->0(59)
[2025-11-29T08:07:54.396+0000][0.879s][info ][gc,heap     ] GC(0) Survivor regions: 0->8(8)
[2025-11-29T08:07:54.397+0000][0.880s][info ][gc,heap     ] GC(0) Old regions: 0->0
[2025-11-29T08:07:54.397+0000][0.880s][info ][gc,heap     ] GC(0) Archive regions: 2->2
[2025-11-29T08:07:54.398+0000][0.881s][info ][gc,heap     ] GC(0) Humongous regions: 0->0
[2025-11-29T08:07:54.398+0000][0.881s][info ][gc,metaspace] GC(0) Metaspace: 2532K(2752K)->2532K(2752K) NonClass: 2292K(2432K)->2292K(2432K) Class: 240K(320K)->240K(320K)
[2025-11-29T08:07:54.399+0000][0.882s][info ][gc          ] GC(0) Pause Young (Normal) (G1 Evacuation Pause) 57M->8M(124M) 16.982ms
[2025-11-29T08:07:54.399+0000][0.882s][info ][gc,cpu      ] GC(0) User=0.01s Sys=0.01s Real=0.01s
[2025-11-29T08:07:54.400+0000][0.883s][info ][safepoint   ] Safepoint "G1CollectForAllocation", Time since last: 87985164 ns, Reaching safepoint: 718572 ns, Cleanup: 27249 ns, At safepoint: 18200407 ns, Total: 18946228 ns
[2025-11-29T08:07:55.032+0000][1.515s][debug][safepoint   ] Safepoint synchronization initiated using futex wait barrier. (14 threads)
[2025-11-29T08:07:55.033+0000][1.516s][info ][gc,start    ] GC(1) Pause Young (Normal) (G1 Evacuation Pause)
[2025-11-29T08:07:55.034+0000][1.517s][info ][gc,task     ] GC(1) Using 2 workers of 10 for evacuation
[2025-11-29T08:07:55.047+0000][1.530s][info ][gc,phases   ] GC(1)   Pre Evacuate Collection Set: 0.3ms
[2025-11-29T08:07:55.048+0000][1.531s][info ][gc,phases   ] GC(1)   Merge Heap Roots: 0.1ms
[2025-11-29T08:07:55.048+0000][1.531s][info ][gc,phases   ] GC(1)   Evacuate Collection Set: 8.6ms
[2025-11-29T08:07:55.049+0000][1.532s][info ][gc,phases   ] GC(1)   Post Evacuate Collection Set: 4.3ms
[2025-11-29T08:07:55.049+0000][1.532s][info ][gc,phases   ] GC(1)   Other: 1.2ms
[2025-11-29T08:07:55.050+0000][1.533s][info ][gc,heap     ] GC(1) Eden regions: 59->0(70)
[2025-11-29T08:07:55.050+0000][1.533s][info ][gc,heap     ] GC(1) Survivor regions: 8->3(9)
[2025-11-29T08:07:55.050+0000][1.533s][info ][gc,heap     ] GC(1) Old regions: 0->8
[2025-11-29T08:07:55.050+0000][1.533s][info ][gc,heap     ] GC(1) Archive regions: 2->2
[2025-11-29T08:07:55.051+0000][1.534s][info ][gc,heap     ] GC(1) Humongous regions: 0->0
[2025-11-29T08:07:55.051+0000][1.534s][info ][gc,metaspace] GC(1) Metaspace: 4463K(4736K)->4463K(4736K) NonClass: 3940K(4096K)->3940K(4096K) Class: 522K(640K)->522K(640K)
[2025-11-29T08:07:55.051+0000][1.534s][info ][gc          ] GC(1) Pause Young (Normal) (G1 Evacuation Pause) 67M->11M(124M) 18.088ms
[2025-11-29T08:07:55.051+0000][1.534s][info ][gc,cpu      ] GC(1) User=0.03s Sys=0.00s Real=0.02s
[2025-11-29T08:07:55.052+0000][1.535s][info ][safepoint   ] Safepoint "G1CollectForAllocation", Time since last: 632479476 ns, Reaching safepoint: 591848 ns, Cleanup: 70027 ns, At safepoint: 18586455 ns, Total: 19248330 ns
[2025-11-29T08:07:55.730+0000][2.213s][debug][safepoint   ] Safepoint synchronization initiated using futex wait barrier. (15 threads)
[2025-11-29T08:07:55.731+0000][2.214s][info ][gc,start    ] GC(2) Pause Young (Normal) (G1 Evacuation Pause)
[2025-11-29T08:07:55.732+0000][2.215s][info ][gc,task     ] GC(2) Using 2 workers of 10 for evacuation
[2025-11-29T08:07:55.742+0000][2.225s][info ][gc,phases   ] GC(2)   Pre Evacuate Collection Set: 0.1ms
[2025-11-29T08:07:55.743+0000][2.226s][info ][gc,phases   ] GC(2)   Merge Heap Roots: 0.1ms
[2025-11-29T08:07:55.743+0000][2.226s][info ][gc,phases   ] GC(2)   Evacuate Collection Set: 7.4ms
[2025-11-29T08:07:55.744+0000][2.227s][info ][gc,phases   ] GC(2)   Post Evacuate Collection Set: 1.9ms
[2025-11-29T08:07:55.744+0000][2.227s][info ][gc,phases   ] GC(2)   Other: 1.5ms
[2025-11-29T08:07:55.745+0000][2.228s][info ][gc,heap     ] GC(2) Eden regions: 70->0(68)
[2025-11-29T08:07:55.745+0000][2.228s][info ][gc,heap     ] GC(2) Survivor regions: 3->5(10)
[2025-11-29T08:07:55.745+0000][2.228s][info ][gc,heap     ] GC(2) Old regions: 8->8
[2025-11-29T08:07:55.746+0000][2.229s][info ][gc,heap     ] GC(2) Archive regions: 2->2
[2025-11-29T08:07:55.746+0000][2.229s][info ][gc,heap     ] GC(2) Humongous regions: 0->0
[2025-11-29T08:07:55.747+0000][2.230s][info ][gc,metaspace] GC(2) Metaspace: 7683K(7936K)->7683K(7936K) NonClass: 6699K(6848K)->6699K(6848K) Class: 983K(1088K)->983K(1088K)
[2025-11-29T08:07:55.747+0000][2.230s][info ][gc          ] GC(2) Pause Young (Normal) (G1 Evacuation Pause) 81M->13M(124M) 16.300ms
[2025-11-29T08:07:55.748+0000][2.231s][info ][gc,cpu      ] GC(2) User=0.03s Sys=0.00s Real=0.02s
[2025-11-29T08:07:55.748+0000][2.231s][info ][safepoint   ] Safepoint "G1CollectForAllocation", Time since last: 678042799 ns, Reaching safepoint: 853871 ns, Cleanup: 464706 ns, At safepoint: 17065048 ns, Total: 18383625 ns
[2025-11-29T08:07:56.278+0000][2.761s][debug][safepoint   ] Safepoint synchronization initiated using futex wait barrier. (15 threads)
[2025-11-29T08:07:56.279+0000][2.762s][info ][gc,start    ] GC(3) Pause Young (Normal) (G1 Evacuation Pause)
[2025-11-29T08:07:56.279+0000][2.762s][info ][gc,task     ] GC(3) Using 2 workers of 10 for evacuation
[2025-11-29T08:07:56.287+0000][2.770s][info ][gc,phases   ] GC(3)   Pre Evacuate Collection Set: 0.1ms
[2025-11-29T08:07:56.287+0000][2.770s][info ][gc,phases   ] GC(3)   Merge Heap Roots: 0.1ms
[2025-11-29T08:07:56.287+0000][2.770s][info ][gc,phases   ] GC(3)   Evacuate Collection Set: 5.3ms
[2025-11-29T08:07:56.288+0000][2.771s][info ][gc,phases   ] GC(3)   Post Evacuate Collection Set: 1.3ms
[2025-11-29T08:07:56.288+0000][2.771s][info ][gc,phases   ] GC(3)   Other: 1.0ms
[2025-11-29T08:07:56.289+0000][2.772s][info ][gc,heap     ] GC(3) Eden regions: 68->0(67)
[2025-11-29T08:07:56.289+0000][2.772s][info ][gc,heap     ] GC(3) Survivor regions: 5->6(10)
[2025-11-29T08:07:56.289+0000][2.772s][info ][gc,heap     ] GC(3) Old regions: 8->8
[2025-11-29T08:07:56.290+0000][2.773s][info ][gc,heap     ] GC(3) Archive regions: 2->2
[2025-11-29T08:07:56.290+0000][2.773s][info ][gc,heap     ] GC(3) Humongous regions: 0->0
[2025-11-29T08:07:56.291+0000][2.774s][info ][gc,metaspace] GC(3) Metaspace: 10991K(11328K)->10991K(11328K) NonClass: 9530K(9664K)->9530K(9664K) Class: 1461K(1664K)->1461K(1664K)
[2025-11-29T08:07:56.291+0000][2.774s][info ][gc          ] GC(3) Pause Young (Normal) (G1 Evacuation Pause) 81M->14M(124M) 12.084ms
[2025-11-29T08:07:56.291+0000][2.774s][info ][gc,cpu      ] GC(3) User=0.01s Sys=0.00s Real=0.01s
[2025-11-29T08:07:56.291+0000][2.774s][info ][safepoint   ] Safepoint "G1CollectForAllocation", Time since last: 530016375 ns, Reaching safepoint: 530140 ns, Cleanup: 180882 ns, At safepoint: 12758677 ns, Total: 13469699 ns
[2025-11-29T08:07:56.636+0000][3.119s][debug][safepoint   ] Safepoint synchronization initiated using futex wait barrier. (15 threads)
[2025-11-29T08:07:56.637+0000][3.120s][info ][safepoint   ] Safepoint "ICBufferFull", Time since last: 344085204 ns, Reaching safepoint: 987666 ns, Cleanup: 144094 ns, At safepoint: 8914 ns, Total: 1140674 ns
[2025-11-29T08:07:56.805+0000][3.288s][debug][safepoint   ] Safepoint synchronization initiated using futex wait barrier. (16 threads)
[2025-11-29T08:07:56.806+0000][3.289s][info ][gc,start    ] GC(4) Pause Young (Normal) (G1 Evacuation Pause)
[2025-11-29T08:07:56.806+0000][3.289s][info ][gc,task     ] GC(4) Using 4 workers of 10 for evacuation
[2025-11-29T08:07:56.813+0000][3.296s][info ][gc,phases   ] GC(4)   Pre Evacuate Collection Set: 0.1ms
[2025-11-29T08:07:56.813+0000][3.296s][info ][gc,phases   ] GC(4)   Merge Heap Roots: 0.2ms
[2025-11-29T08:07:56.814+0000][3.297s][info ][gc,phases   ] GC(4)   Evacuate Collection Set: 4.2ms
[2025-11-29T08:07:56.814+0000][3.297s][info ][gc,phases   ] GC(4)   Post Evacuate Collection Set: 1.4ms
[2025-11-29T08:07:56.815+0000][3.298s][info ][gc,phases   ] GC(4)   Other: 1.0ms
[2025-11-29T08:07:56.815+0000][3.298s][info ][gc,heap     ] GC(4) Eden regions: 67->0(81)
[2025-11-29T08:07:56.816+0000][3.299s][info ][gc,heap     ] GC(4) Survivor regions: 6->8(10)
[2025-11-29T08:07:56.816+0000][3.299s][info ][gc,heap     ] GC(4) Old regions: 8->8
[2025-11-29T08:07:56.817+0000][3.300s][info ][gc,heap     ] GC(4) Archive regions: 2->2
[2025-11-29T08:07:56.817+0000][3.300s][info ][gc,heap     ] GC(4) Humongous regions: 0->0
[2025-11-29T08:07:56.817+0000][3.300s][info ][gc,metaspace] GC(4) Metaspace: 13066K(13376K)->13066K(13376K) NonClass: 11354K(11520K)->11354K(11520K) Class: 1711K(1856K)->1711K(1856K)
[2025-11-29T08:07:56.818+0000][3.301s][info ][gc          ] GC(4) Pause Young (Normal) (G1 Evacuation Pause) 81M->16M(149M) 12.080ms
[2025-11-29T08:07:56.818+0000][3.301s][info ][gc,cpu      ] GC(4) User=0.03s Sys=0.00s Real=0.01s
[2025-11-29T08:07:56.819+0000][3.302s][info ][safepoint   ] Safepoint "G1CollectForAllocation", Time since last: 168194175 ns, Reaching safepoint: 689009 ns, Cleanup: 82613 ns, At safepoint: 13037626 ns, Total: 13809248 ns
[2025-11-29T08:07:57.076+0000][3.559s][debug][safepoint   ] Safepoint synchronization initiated using futex wait barrier. (17 threads)
[2025-11-29T08:07:57.077+0000][3.560s][info ][gc,start    ] GC(5) Pause Young (Normal) (G1 Evacuation Pause)
[2025-11-29T08:07:57.077+0000][3.560s][info ][gc,task     ] GC(5) Using 4 workers of 10 for evacuation
[2025-11-29T08:07:57.083+0000][3.566s][info ][gc,phases   ] GC(5)   Pre Evacuate Collection Set: 0.1ms
[2025-11-29T08:07:57.084+0000][3.567s][info ][gc,phases   ] GC(5)   Merge Heap Roots: 0.1ms
[2025-11-29T08:07:57.084+0000][3.567s][info ][gc,phases   ] GC(5)   Evacuate Collection Set: 4.7ms
[2025-11-29T08:07:57.085+0000][3.568s][info ][gc,phases   ] GC(5)   Post Evacuate Collection Set: 0.9ms
[2025-11-29T08:07:57.085+0000][3.568s][info ][gc,phases   ] GC(5)   Other: 0.7ms
[2025-11-29T08:07:57.086+0000][3.569s][info ][gc,heap     ] GC(5) Eden regions: 81->0(82)
[2025-11-29T08:07:57.087+0000][3.570s][info ][gc,heap     ] GC(5) Survivor regions: 8->7(12)
[2025-11-29T08:07:57.087+0000][3.570s][info ][gc,heap     ] GC(5) Old regions: 8->10
[2025-11-29T08:07:57.088+0000][3.571s][info ][gc,heap     ] GC(5) Archive regions: 2->2
[2025-11-29T08:07:57.088+0000][3.571s][info ][gc,heap     ] GC(5) Humongous regions: 0->0
[2025-11-29T08:07:57.089+0000][3.572s][info ][gc,metaspace] GC(5) Metaspace: 15730K(16128K)->15730K(16128K) NonClass: 13625K(13824K)->13625K(13824K) Class: 2105K(2304K)->2105K(2304K)
[2025-11-29T08:07:57.089+0000][3.572s][info ][gc          ] GC(5) Pause Young (Normal) (G1 Evacuation Pause) 97M->17M(149M) 12.386ms
[2025-11-29T08:07:57.089+0000][3.572s][info ][gc,cpu      ] GC(5) User=0.02s Sys=0.00s Real=0.01s
[2025-11-29T08:07:57.090+0000][3.573s][info ][safepoint   ] Safepoint "G1CollectForAllocation", Time since last: 257477173 ns, Reaching safepoint: 407215 ns, Cleanup: 55584 ns, At safepoint: 13698212 ns, Total: 14161011 ns
[2025-11-29T08:07:57.126+0000][3.609s][info ][cds,heap    ] initialize_from_archived_subgraph java.lang.Byte$ByteCache 0x00007ef77703abf8
[2025-11-29T08:07:57.126+0000][3.609s][info ][cds,heap    ] initialize_from_archived_subgraph java.lang.Short$ShortCache 0x00007ef7770412e8
[2025-11-29T08:07:57.303+0000][3.786s][debug][safepoint   ] Safepoint synchronization initiated using futex wait barrier. (17 threads)
[2025-11-29T08:07:57.303+0000][3.786s][info ][gc,start    ] GC(6) Pause Young (Normal) (G1 Evacuation Pause)
[2025-11-29T08:07:57.304+0000][3.787s][info ][gc,task     ] GC(6) Using 4 workers of 10 for evacuation
[2025-11-29T08:07:57.312+0000][3.795s][info ][gc,phases   ] GC(6)   Pre Evacuate Collection Set: 0.2ms
[2025-11-29T08:07:57.312+0000][3.795s][info ][gc,phases   ] GC(6)   Merge Heap Roots: 0.1ms
[2025-11-29T08:07:57.313+0000][3.796s][info ][gc,phases   ] GC(6)   Evacuate Collection Set: 5.6ms
[2025-11-29T08:07:57.313+0000][3.796s][info ][gc,phases   ] GC(6)   Post Evacuate Collection Set: 1.6ms
[2025-11-29T08:07:57.314+0000][3.797s][info ][gc,phases   ] GC(6)   Other: 0.9ms
[2025-11-29T08:07:57.315+0000][3.798s][info ][gc,heap     ] GC(6) Eden regions: 82->0(80)
[2025-11-29T08:07:57.315+0000][3.798s][info ][gc,heap     ] GC(6) Survivor regions: 7->9(12)
[2025-11-29T08:07:57.316+0000][3.799s][info ][gc,heap     ] GC(6) Old regions: 10->10
[2025-11-29T08:07:57.316+0000][3.799s][info ][gc,heap     ] GC(6) Archive regions: 2->2
[2025-11-29T08:07:57.316+0000][3.799s][info ][gc,heap     ] GC(6) Humongous regions: 0->0
[2025-11-29T08:07:57.317+0000][3.800s][info ][gc,metaspace] GC(6) Metaspace: 17572K(17920K)->17572K(17920K) NonClass: 15159K(15360K)->15159K(15360K) Class: 2413K(2560K)->2413K(2560K)
[2025-11-29T08:07:57.318+0000][3.801s][info ][gc          ] GC(6) Pause Young (Normal) (G1 Evacuation Pause) 99M->19M(149M) 14.270ms
[2025-11-29T08:07:57.318+0000][3.801s][info ][gc,cpu      ] GC(6) User=0.07s Sys=0.00s Real=0.01s
[2025-11-29T08:07:57.319+0000][3.802s][info ][safepoint   ] Safepoint "G1CollectForAllocation", Time since last: 212338666 ns, Reaching safepoint: 526893 ns, Cleanup: 100867 ns, At safepoint: 15578494 ns, Total: 16206254 ns
[2025-11-29T08:07:57.366+0000][3.849s][debug][safepoint   ] ... found polling page loop exception at pc = 0x00007ef7e1270a53, stub =0x00007ef7e0adb400
[2025-11-29T08:07:57.650+0000][4.133s][debug][safepoint   ] Safepoint synchronization initiated using futex wait barrier. (16 threads)
[2025-11-29T08:07:57.650+0000][4.133s][info ][gc,start    ] GC(7) Pause Young (Concurrent Start) (Metadata GC Threshold)
[2025-11-29T08:07:57.651+0000][4.134s][info ][gc,task     ] GC(7) Using 4 workers of 10 for evacuation
[2025-11-29T08:07:57.660+0000][4.143s][info ][gc,phases   ] GC(7)   Pre Evacuate Collection Set: 0.3ms
[2025-11-29T08:07:57.661+0000][4.144s][info ][gc,phases   ] GC(7)   Merge Heap Roots: 0.2ms
[2025-11-29T08:07:57.661+0000][4.144s][info ][gc,phases   ] GC(7)   Evacuate Collection Set: 6.8ms
[2025-11-29T08:07:57.662+0000][4.145s][info ][gc,phases   ] GC(7)   Post Evacuate Collection Set: 1.2ms
[2025-11-29T08:07:57.662+0000][4.145s][info ][gc,phases   ] GC(7)   Other: 1.1ms
[2025-11-29T08:07:57.663+0000][4.146s][info ][gc,heap     ] GC(7) Eden regions: 66->0(82)
[2025-11-29T08:07:57.663+0000][4.146s][info ][gc,heap     ] GC(7) Survivor regions: 9->7(12)
[2025-11-29T08:07:57.663+0000][4.146s][info ][gc,heap     ] GC(7) Old regions: 10->15
[2025-11-29T08:07:57.663+0000][4.146s][info ][gc,heap     ] GC(7) Archive regions: 2->2
[2025-11-29T08:07:57.663+0000][4.146s][info ][gc,heap     ] GC(7) Humongous regions: 0->0
[2025-11-29T08:07:57.664+0000][4.147s][info ][gc,metaspace] GC(7) Metaspace: 21215K(21504K)->21215K(21504K) NonClass: 18428K(18560K)->18428K(18560K) Class: 2786K(2944K)->2786K(2944K)
[2025-11-29T08:07:57.664+0000][4.147s][info ][gc          ] GC(7) Pause Young (Concurrent Start) (Metadata GC Threshold) 85M->22M(149M) 13.375ms
[2025-11-29T08:07:57.664+0000][4.147s][info ][gc,cpu      ] GC(7) User=0.04s Sys=0.01s Real=0.02s
[2025-11-29T08:07:57.664+0000][4.147s][info ][gc          ] GC(8) Concurrent Mark Cycle
[2025-11-29T08:07:57.664+0000][4.147s][info ][safepoint   ] Safepoint "CollectForMetadataAllocation", Time since last: 330861318 ns, Reaching safepoint: 647218 ns, Cleanup: 68368 ns, At safepoint: 13969153 ns, Total: 14684739 ns
[2025-11-29T08:07:57.665+0000][4.148s][info ][gc,marking  ] GC(8) Concurrent Clear Claimed Marks
[2025-11-29T08:07:57.666+0000][4.149s][info ][gc,marking  ] GC(8) Concurrent Clear Claimed Marks 0.964ms
[2025-11-29T08:07:57.666+0000][4.149s][info ][gc,marking  ] GC(8) Concurrent Scan Root Regions
[2025-11-29T08:07:57.666+0000][4.149s][debug][safepoint   ] Safepoint synchronization initiated using futex wait barrier. (16 threads)
[2025-11-29T08:07:57.667+0000][4.150s][info ][safepoint   ] Safepoint "CollectForMetadataAllocation", Time since last: 1192966 ns, Reaching safepoint: 1764211 ns, Cleanup: 4995 ns, At safepoint: 79077 ns, Total: 1848283 ns
[2025-11-29T08:07:57.671+0000][4.154s][info ][gc,marking  ] GC(8) Concurrent Scan Root Regions 4.894ms
[2025-11-29T08:07:57.672+0000][4.155s][info ][gc,marking  ] GC(8) Concurrent Mark
[2025-11-29T08:07:57.672+0000][4.155s][info ][gc,marking  ] GC(8) Concurrent Mark From Roots
[2025-11-29T08:07:57.673+0000][4.156s][info ][gc,task     ] GC(8) Using 3 workers of 3 for marking
[2025-11-29T08:07:57.679+0000][4.162s][info ][gc,marking  ] GC(8) Concurrent Mark From Roots 7.026ms
[2025-11-29T08:07:57.680+0000][4.163s][info ][gc,marking  ] GC(8) Concurrent Preclean
[2025-11-29T08:07:57.681+0000][4.164s][info ][gc,marking  ] GC(8) Concurrent Preclean 0.864ms
[2025-11-29T08:07:57.681+0000][4.164s][debug][safepoint   ] Safepoint synchronization initiated using futex wait barrier. (16 threads)
[2025-11-29T08:07:57.683+0000][4.166s][info ][gc,start    ] GC(8) Pause Remark
[2025-11-29T08:07:57.687+0000][4.170s][info ][gc          ] GC(8) Pause Remark 24M->24M(90M) 4.367ms
[2025-11-29T08:07:57.688+0000][4.171s][info ][gc,cpu      ] GC(8) User=0.01s Sys=0.00s Real=0.00s
[2025-11-29T08:07:57.689+0000][4.172s][info ][safepoint   ] Safepoint "G1PauseRemark", Time since last: 13997353 ns, Reaching safepoint: 1102357 ns, Cleanup: 14430 ns, At safepoint: 6069821 ns, Total: 7186608 ns
[2025-11-29T08:07:57.694+0000][4.177s][info ][gc,marking  ] GC(8) Concurrent Mark 22.073ms
[2025-11-29T08:07:57.694+0000][4.177s][info ][gc,marking  ] GC(8) Concurrent Rebuild Remembered Sets
[2025-11-29T08:07:57.694+0000][4.177s][debug][safepoint   ] ... found polling page loop exception at pc = 0x00007ef7e12c0f7a, stub =0x00007ef7e0adb400
[2025-11-29T08:07:57.698+0000][4.181s][info ][gc,marking  ] GC(8) Concurrent Rebuild Remembered Sets 3.964ms
[2025-11-29T08:07:57.699+0000][4.182s][debug][safepoint   ] Safepoint synchronization initiated using futex wait barrier. (16 threads)
[2025-11-29T08:07:57.700+0000][4.183s][info ][gc,start    ] GC(8) Pause Cleanup
[2025-11-29T08:07:57.700+0000][4.183s][info ][gc          ] GC(8) Pause Cleanup 25M->25M(90M) 0.742ms
[2025-11-29T08:07:57.701+0000][4.184s][info ][gc,cpu      ] GC(8) User=0.00s Sys=0.00s Real=0.00s
[2025-11-29T08:07:57.702+0000][4.185s][info ][safepoint   ] Safepoint "G1PauseCleanup", Time since last: 10285931 ns, Reaching safepoint: 816642 ns, Cleanup: 4969 ns, At safepoint: 1961805 ns, Total: 2783416 ns
[2025-11-29T08:07:57.702+0000][4.185s][info ][gc,marking  ] GC(8) Concurrent Cleanup for Next Mark
[2025-11-29T08:07:57.704+0000][4.187s][info ][gc,marking  ] GC(8) Concurrent Cleanup for Next Mark 1.465ms
[2025-11-29T08:07:57.704+0000][4.187s][info ][gc          ] GC(8) Concurrent Mark Cycle 39.921ms
[2025-11-29T08:07:57.712+0000][4.195s][debug][safepoint   ] ... found polling page loop exception at pc = 0x00007ef7e10752bd, stub =0x00007ef7e0adb400
[2025-11-29T08:07:57.970+0000][4.453s][debug][safepoint   ] Safepoint synchronization initiated using futex wait barrier. (16 threads)
[2025-11-29T08:07:57.971+0000][4.454s][info ][safepoint   ] Safepoint "G1CollectForAllocation", Time since last: 268735455 ns, Reaching safepoint: 546838 ns, Cleanup: 102726 ns, At safepoint: 41918 ns, Total: 691482 ns
[2025-11-29T08:07:57.972+0000][4.455s][debug][safepoint   ] Safepoint synchronization initiated using futex wait barrier. (16 threads)
[2025-11-29T08:07:57.972+0000][4.455s][info ][gc,start    ] GC(9) Pause Young (Prepare Mixed) (GCLocker Initiated GC)
[2025-11-29T08:07:57.973+0000][4.456s][info ][gc,task     ] GC(9) Using 4 workers of 10 for evacuation
[2025-11-29T08:07:57.981+0000][4.464s][info ][gc,phases   ] GC(9)   Pre Evacuate Collection Set: 0.4ms
[2025-11-29T08:07:57.982+0000][4.465s][info ][gc,phases   ] GC(9)   Merge Heap Roots: 0.3ms
[2025-11-29T08:07:57.982+0000][4.465s][info ][gc,phases   ] GC(9)   Evacuate Collection Set: 5.8ms
[2025-11-29T08:07:57.982+0000][4.465s][info ][gc,phases   ] GC(9)   Post Evacuate Collection Set: 1.3ms
[2025-11-29T08:07:57.983+0000][4.466s][info ][gc,phases   ] GC(9)   Other: 1.1ms
[2025-11-29T08:07:57.983+0000][4.466s][info ][gc,heap     ] GC(9) Eden regions: 47->0(1)
[2025-11-29T08:07:57.983+0000][4.466s][info ][gc,heap     ] GC(9) Survivor regions: 7->5(7)
[2025-11-29T08:07:57.984+0000][4.467s][info ][gc,heap     ] GC(9) Old regions: 15->19
[2025-11-29T08:07:57.984+0000][4.467s][info ][gc,heap     ] GC(9) Archive regions: 2->2
[2025-11-29T08:07:57.984+0000][4.467s][info ][gc,heap     ] GC(9) Humongous regions: 0->0
[2025-11-29T08:07:57.984+0000][4.467s][info ][gc,metaspace] GC(9) Metaspace: 23340K(23680K)->23340K(23680K) NonClass: 20251K(20416K)->20251K(20416K) Class: 3088K(3264K)->3088K(3264K)
[2025-11-29T08:07:57.985+0000][4.468s][info ][gc          ] GC(9) Pause Young (Prepare Mixed) (GCLocker Initiated GC) 69M->24M(90M) 12.473ms
[2025-11-29T08:07:57.985+0000][4.468s][info ][gc,cpu      ] GC(9) User=0.04s Sys=0.01s Real=0.02s
[2025-11-29T08:07:57.985+0000][4.468s][info ][safepoint   ] Safepoint "G1CollectForAllocation", Time since last: 724587 ns, Reaching safepoint: 383434 ns, Cleanup: 3951 ns, At safepoint: 13053214 ns, Total: 13440599 ns
[2025-11-29T08:07:57.993+0000][4.476s][debug][safepoint   ] Safepoint synchronization initiated using futex wait barrier. (16 threads)
[2025-11-29T08:07:57.993+0000][4.476s][info ][gc,start    ] GC(10) Pause Young (Mixed) (G1 Evacuation Pause)
[2025-11-29T08:07:57.994+0000][4.477s][info ][gc,task     ] GC(10) Using 4 workers of 10 for evacuation
[2025-11-29T08:07:58.000+0000][4.483s][info ][gc,phases   ] GC(10)   Pre Evacuate Collection Set: 0.2ms
[2025-11-29T08:07:58.001+0000][4.484s][info ][gc,phases   ] GC(10)   Merge Heap Roots: 0.2ms
[2025-11-29T08:07:58.001+0000][4.484s][info ][gc,phases   ] GC(10)   Evacuate Collection Set: 4.9ms
[2025-11-29T08:07:58.001+0000][4.484s][info ][gc,phases   ] GC(10)   Post Evacuate Collection Set: 1.0ms
[2025-11-29T08:07:58.002+0000][4.485s][info ][gc,phases   ] GC(10)   Other: 0.8ms
[2025-11-29T08:07:58.002+0000][4.485s][info ][gc,heap     ] GC(10) Eden regions: 1->0(46)
[2025-11-29T08:07:58.002+0000][4.485s][info ][gc,heap     ] GC(10) Survivor regions: 5->1(1)
[2025-11-29T08:07:58.003+0000][4.486s][info ][gc,heap     ] GC(10) Old regions: 19->24
[2025-11-29T08:07:58.003+0000][4.486s][info ][gc,heap     ] GC(10) Archive regions: 2->2
[2025-11-29T08:07:58.003+0000][4.486s][info ][gc,heap     ] GC(10) Humongous regions: 0->0
[2025-11-29T08:07:58.004+0000][4.487s][info ][gc,metaspace] GC(10) Metaspace: 23357K(23680K)->23357K(23680K) NonClass: 20267K(20416K)->20267K(20416K) Class: 3090K(3264K)->3090K(3264K)
[2025-11-29T08:07:58.004+0000][4.487s][info ][gc          ] GC(10) Pause Young (Mixed) (G1 Evacuation Pause) 25M->25M(90M) 10.777ms
[2025-11-29T08:07:58.004+0000][4.487s][info ][gc,cpu      ] GC(10) User=0.04s Sys=0.01s Real=0.02s
[2025-11-29T08:07:58.005+0000][4.488s][info ][safepoint   ] Safepoint "G1CollectForAllocation", Time since last: 7213415 ns, Reaching safepoint: 528701 ns, Cleanup: 18255 ns, At safepoint: 11663312 ns, Total: 12210268 ns
[2025-11-29T08:07:58.220+0000][4.703s][debug][safepoint   ] Safepoint synchronization initiated using futex wait barrier. (16 threads)
[2025-11-29T08:07:58.222+0000][4.705s][info ][gc,start    ] GC(11) Pause Young (Normal) (G1 Evacuation Pause)
[2025-11-29T08:07:58.222+0000][4.705s][info ][gc,task     ] GC(11) Using 4 workers of 10 for evacuation
[2025-11-29T08:07:58.228+0000][4.711s][info ][gc,phases   ] GC(11)   Pre Evacuate Collection Set: 0.3ms
[2025-11-29T08:07:58.229+0000][4.712s][info ][gc,phases   ] GC(11)   Merge Heap Roots: 0.3ms
[2025-11-29T08:07:58.229+0000][4.712s][info ][gc,phases   ] GC(11)   Evacuate Collection Set: 2.2ms
[2025-11-29T08:07:58.229+0000][4.712s][info ][gc,phases   ] GC(11)   Post Evacuate Collection Set: 2.4ms
[2025-11-29T08:07:58.230+0000][4.713s][info ][gc,phases   ] GC(11)   Other: 1.3ms
[2025-11-29T08:07:58.230+0000][4.713s][info ][gc,heap     ] GC(11) Eden regions: 46->0(105)
[2025-11-29T08:07:58.231+0000][4.714s][info ][gc,heap     ] GC(11) Survivor regions: 1->3(6)
[2025-11-29T08:07:58.231+0000][4.714s][info ][gc,heap     ] GC(11) Old regions: 24->24
[2025-11-29T08:07:58.231+0000][4.714s][info ][gc,heap     ] GC(11) Archive regions: 2->2
[2025-11-29T08:07:58.231+0000][4.714s][info ][gc,heap     ] GC(11) Humongous regions: 0->0
[2025-11-29T08:07:58.231+0000][4.714s][info ][gc,metaspace] GC(11) Metaspace: 24458K(24832K)->24458K(24832K) NonClass: 21255K(21440K)->21255K(21440K) Class: 3202K(3392K)->3202K(3392K)
[2025-11-29T08:07:58.232+0000][4.715s][info ][gc          ] GC(11) Pause Young (Normal) (G1 Evacuation Pause) 71M->26M(180M) 10.029ms
[2025-11-29T08:07:58.232+0000][4.715s][info ][gc,cpu      ] GC(11) User=0.01s Sys=0.01s Real=0.00s
[2025-11-29T08:07:58.232+0000][4.715s][info ][safepoint   ] Safepoint "G1CollectForAllocation", Time since last: 215784637 ns, Reaching safepoint: 772245 ns, Cleanup: 292601 ns, At safepoint: 10691846 ns, Total: 11756692 ns
[2025-11-29T08:07:58.794+0000][5.277s][debug][safepoint   ] Safepoint synchronization initiated using futex wait barrier. (15 threads)
[2025-11-29T08:07:58.795+0000][5.278s][info ][gc,start    ] GC(12) Pause Young (Normal) (G1 Evacuation Pause)
[2025-11-29T08:07:58.795+0000][5.278s][info ][gc,task     ] GC(12) Using 4 workers of 10 for evacuation
[2025-11-29T08:07:58.808+0000][5.291s][info ][gc,phases   ] GC(12)   Pre Evacuate Collection Set: 0.2ms
[2025-11-29T08:07:58.809+0000][5.292s][info ][gc,phases   ] GC(12)   Merge Heap Roots: 0.2ms
[2025-11-29T08:07:58.810+0000][5.293s][info ][gc,phases   ] GC(12)   Evacuate Collection Set: 10.2ms
[2025-11-29T08:07:58.810+0000][5.293s][info ][gc,phases   ] GC(12)   Post Evacuate Collection Set: 1.8ms
[2025-11-29T08:07:58.811+0000][5.294s][info ][gc,phases   ] GC(12)   Other: 1.2ms
[2025-11-29T08:07:58.811+0000][5.294s][info ][gc,heap     ] GC(12) Eden regions: 105->0(94)
[2025-11-29T08:07:58.812+0000][5.295s][info ][gc,heap     ] GC(12) Survivor regions: 3->14(14)
[2025-11-29T08:07:58.812+0000][5.295s][info ][gc,heap     ] GC(12) Old regions: 24->25
[2025-11-29T08:07:58.813+0000][5.296s][info ][gc,heap     ] GC(12) Archive regions: 2->2
[2025-11-29T08:07:58.813+0000][5.296s][info ][gc,heap     ] GC(12) Humongous regions: 0->0
[2025-11-29T08:07:58.814+0000][5.297s][info ][gc,metaspace] GC(12) Metaspace: 25120K(25472K)->25120K(25472K) NonClass: 21828K(22016K)->21828K(22016K) Class: 3291K(3456K)->3291K(3456K)
[2025-11-29T08:07:58.814+0000][5.297s][info ][gc          ] GC(12) Pause Young (Normal) (G1 Evacuation Pause) 131M->39M(180M) 19.315ms
[2025-11-29T08:07:58.814+0000][5.297s][info ][gc,cpu      ] GC(12) User=0.07s Sys=0.01s Real=0.02s
[2025-11-29T08:07:58.814+0000][5.297s][info ][safepoint   ] Safepoint "G1CollectForAllocation", Time since last: 561706111 ns, Reaching safepoint: 515285 ns, Cleanup: 73826 ns, At safepoint: 19878757 ns, Total: 20467868 ns
[2025-11-29T08:07:59.165+0000][5.648s][debug][safepoint   ] Safepoint synchronization initiated using futex wait barrier. (15 threads)
[2025-11-29T08:07:59.166+0000][5.649s][info ][gc,start    ] GC(13) Pause Young (Normal) (G1 Evacuation Pause)
[2025-11-29T08:07:59.168+0000][5.651s][info ][gc,task     ] GC(13) Using 4 workers of 10 for evacuation
[2025-11-29T08:07:59.188+0000][5.671s][info ][gc,phases   ] GC(13)   Pre Evacuate Collection Set: 0.3ms
[2025-11-29T08:07:59.188+0000][5.671s][info ][gc,phases   ] GC(13)   Merge Heap Roots: 0.4ms
[2025-11-29T08:07:59.189+0000][5.672s][info ][gc,phases   ] GC(13)   Evacuate Collection Set: 15.3ms
[2025-11-29T08:07:59.190+0000][5.673s][info ][gc,phases   ] GC(13)   Post Evacuate Collection Set: 3.0ms
[2025-11-29T08:07:59.190+0000][5.673s][info ][gc,phases   ] GC(13)   Other: 2.3ms
[2025-11-29T08:07:59.191+0000][5.674s][info ][gc,heap     ] GC(13) Eden regions: 94->0(90)
[2025-11-29T08:07:59.191+0000][5.674s][info ][gc,heap     ] GC(13) Survivor regions: 14->10(14)
[2025-11-29T08:07:59.191+0000][5.674s][info ][gc,heap     ] GC(13) Old regions: 25->38
[2025-11-29T08:07:59.192+0000][5.675s][info ][gc,heap     ] GC(13) Archive regions: 2->2
[2025-11-29T08:07:59.192+0000][5.675s][info ][gc,heap     ] GC(13) Humongous regions: 0->0
[2025-11-29T08:07:59.193+0000][5.676s][info ][gc,metaspace] GC(13) Metaspace: 25441K(25792K)->25441K(25792K) NonClass: 22101K(22272K)->22101K(22272K) Class: 3339K(3520K)->3339K(3520K)
[2025-11-29T08:07:59.194+0000][5.677s][info ][gc          ] GC(13) Pause Young (Normal) (G1 Evacuation Pause) 133M->48M(180M) 27.192ms
[2025-11-29T08:07:59.194+0000][5.677s][info ][gc,cpu      ] GC(13) User=0.09s Sys=0.02s Real=0.03s
[2025-11-29T08:07:59.195+0000][5.678s][info ][safepoint   ] Safepoint "G1CollectForAllocation", Time since last: 350940159 ns, Reaching safepoint: 825963 ns, Cleanup: 144152 ns, At safepoint: 28804223 ns, Total: 29774338 ns
[2025-11-29T08:07:59.886+0000][6.369s][debug][safepoint   ] Safepoint synchronization initiated using futex wait barrier. (15 threads)
[2025-11-29T08:07:59.886+0000][6.369s][info ][safepoint   ] Safepoint "ICBufferFull", Time since last: 690597162 ns, Reaching safepoint: 514941 ns, Cleanup: 194677 ns, At safepoint: 43837 ns, Total: 753455 ns
[2025-11-29T08:07:59.955+0000][6.438s][debug][safepoint   ] Safepoint synchronization initiated using futex wait barrier. (15 threads)
[2025-11-29T08:07:59.956+0000][6.439s][info ][gc,start    ] GC(14) Pause Young (Normal) (G1 Evacuation Pause)
[2025-11-29T08:07:59.957+0000][6.440s][info ][gc,task     ] GC(14) Using 4 workers of 10 for evacuation
[2025-11-29T08:07:59.971+0000][6.454s][info ][gc,phases   ] GC(14)   Pre Evacuate Collection Set: 0.2ms
[2025-11-29T08:07:59.972+0000][6.455s][info ][gc,phases   ] GC(14)   Merge Heap Roots: 0.2ms
[2025-11-29T08:07:59.972+0000][6.455s][info ][gc,phases   ] GC(14)   Evacuate Collection Set: 10.6ms
[2025-11-29T08:07:59.972+0000][6.455s][info ][gc,phases   ] GC(14)   Post Evacuate Collection Set: 1.9ms
[2025-11-29T08:07:59.972+0000][6.455s][info ][gc,phases   ] GC(14)   Other: 1.7ms
[2025-11-29T08:07:59.973+0000][6.456s][info ][gc,heap     ] GC(14) Eden regions: 90->0(88)
[2025-11-29T08:07:59.973+0000][6.456s][info ][gc,heap     ] GC(14) Survivor regions: 10->6(13)
[2025-11-29T08:07:59.973+0000][6.456s][info ][gc,heap     ] GC(14) Old regions: 38->47
[2025-11-29T08:07:59.973+0000][6.456s][info ][gc,heap     ] GC(14) Archive regions: 2->2
[2025-11-29T08:07:59.974+0000][6.457s][info ][gc,heap     ] GC(14) Humongous regions: 0->0
[2025-11-29T08:07:59.974+0000][6.457s][info ][gc,metaspace] GC(14) Metaspace: 25863K(26240K)->25863K(26240K) NonClass: 22488K(22720K)->22488K(22720K) Class: 3375K(3520K)->3375K(3520K)
[2025-11-29T08:07:59.974+0000][6.457s][info ][gc          ] GC(14) Pause Young (Normal) (G1 Evacuation Pause) 138M->53M(180M) 18.315ms
[2025-11-29T08:07:59.975+0000][6.458s][info ][gc,cpu      ] GC(14) User=0.07s Sys=0.01s Real=0.02s
[2025-11-29T08:07:59.975+0000][6.458s][info ][safepoint   ] Safepoint "G1CollectForAllocation", Time since last: 68584693 ns, Reaching safepoint: 876405 ns, Cleanup: 38168 ns, At safepoint: 18950125 ns, Total: 19864698 ns
[2025-11-29T08:08:00.522+0000][7.007s][debug][safepoint   ] Safepoint synchronization initiated using futex wait barrier. (15 threads)
[2025-11-29T08:08:00.522+0000][7.008s][info ][gc,start    ] GC(15) Pause Young (Normal) (G1 Evacuation Pause)
[2025-11-29T08:08:00.523+0000][7.009s][info ][gc,task     ] GC(15) Using 4 workers of 10 for evacuation
[2025-11-29T08:08:00.534+0000][7.020s][info ][gc,phases   ] GC(15)   Pre Evacuate Collection Set: 0.2ms
[2025-11-29T08:08:00.534+0000][7.020s][info ][gc,phases   ] GC(15)   Merge Heap Roots: 0.2ms
[2025-11-29T08:08:00.535+0000][7.021s][info ][gc,phases   ] GC(15)   Evacuate Collection Set: 7.6ms
[2025-11-29T08:08:00.535+0000][7.021s][info ][gc,phases   ] GC(15)   Post Evacuate Collection Set: 2.6ms
[2025-11-29T08:08:00.535+0000][7.021s][info ][gc,phases   ] GC(15)   Other: 0.9ms
[2025-11-29T08:08:00.536+0000][7.021s][info ][gc,heap     ] GC(15) Eden regions: 88->0(113)
[2025-11-29T08:08:00.536+0000][7.022s][info ][gc,heap     ] GC(15) Survivor regions: 6->10(12)
[2025-11-29T08:08:00.536+0000][7.022s][info ][gc,heap     ] GC(15) Old regions: 47->47
[2025-11-29T08:08:00.537+0000][7.022s][info ][gc,heap     ] GC(15) Archive regions: 2->2
[2025-11-29T08:08:00.537+0000][7.023s][info ][gc,heap     ] GC(15) Humongous regions: 0->0
[2025-11-29T08:08:00.537+0000][7.023s][info ][gc,metaspace] GC(15) Metaspace: 26018K(26368K)->26018K(26368K) NonClass: 22624K(22848K)->22624K(22848K) Class: 3393K(3520K)->3393K(3520K)
[2025-11-29T08:08:00.538+0000][7.023s][info ][gc          ] GC(15) Pause Young (Normal) (G1 Evacuation Pause) 141M->57M(216M) 15.232ms
[2025-11-29T08:08:00.538+0000][7.024s][info ][gc,cpu      ] GC(15) User=0.05s Sys=0.00s Real=0.01s
[2025-11-29T08:08:00.538+0000][7.024s][info ][safepoint   ] Safepoint "G1CollectForAllocation", Time since last: 549452146 ns, Reaching safepoint: 622308 ns, Cleanup: 137601 ns, At safepoint: 16071519 ns, Total: 16831428 ns
[2025-11-29T08:08:01.159+0000][7.645s][debug][safepoint   ] Safepoint synchronization initiated using futex wait barrier. (15 threads)
[2025-11-29T08:08:01.160+0000][7.646s][info ][gc,start    ] GC(16) Pause Young (Normal) (G1 Evacuation Pause)
[2025-11-29T08:08:01.160+0000][7.646s][info ][gc,task     ] GC(16) Using 5 workers of 10 for evacuation
[2025-11-29T08:08:01.169+0000][7.655s][info ][gc,phases   ] GC(16)   Pre Evacuate Collection Set: 0.3ms
[2025-11-29T08:08:01.170+0000][7.655s][info ][gc,phases   ] GC(16)   Merge Heap Roots: 0.2ms
[2025-11-29T08:08:01.170+0000][7.656s][info ][gc,phases   ] GC(16)   Evacuate Collection Set: 6.6ms
[2025-11-29T08:08:01.170+0000][7.656s][info ][gc,phases   ] GC(16)   Post Evacuate Collection Set: 1.2ms
[2025-11-29T08:08:01.170+0000][7.656s][info ][gc,phases   ] GC(16)   Other: 0.8ms
[2025-11-29T08:08:01.171+0000][7.657s][info ][gc,heap     ] GC(16) Eden regions: 113->0(113)
[2025-11-29T08:08:01.171+0000][7.657s][info ][gc,heap     ] GC(16) Survivor regions: 10->7(16)
[2025-11-29T08:08:01.171+0000][7.657s][info ][gc,heap     ] GC(16) Old regions: 47->53
[2025-11-29T08:08:01.172+0000][7.657s][info ][gc,heap     ] GC(16) Archive regions: 2->2
[2025-11-29T08:08:01.172+0000][7.658s][info ][gc,heap     ] GC(16) Humongous regions: 0->0
[2025-11-29T08:08:01.172+0000][7.658s][info ][gc,metaspace] GC(16) Metaspace: 27460K(27776K)->27460K(27776K) NonClass: 23967K(24128K)->23967K(24128K) Class: 3493K(3648K)->3493K(3648K)
[2025-11-29T08:08:01.172+0000][7.658s][info ][gc          ] GC(16) Pause Young (Normal) (G1 Evacuation Pause) 170M->60M(216M) 12.543ms
[2025-11-29T08:08:01.173+0000][7.659s][info ][gc,cpu      ] GC(16) User=0.05s Sys=0.00s Real=0.01s
[2025-11-29T08:08:01.173+0000][7.659s][info ][safepoint   ] Safepoint "G1CollectForAllocation", Time since last: 620826756 ns, Reaching safepoint: 546428 ns, Cleanup: 91061 ns, At safepoint: 13272970 ns, Total: 13910459 ns
[2025-11-29T08:08:01.611+0000][8.097s][debug][safepoint   ] Safepoint synchronization initiated using futex wait barrier. (15 threads)
[2025-11-29T08:08:01.612+0000][8.098s][info ][gc,start    ] GC(17) Pause Young (Normal) (G1 Evacuation Pause)
[2025-11-29T08:08:01.612+0000][8.098s][info ][gc,task     ] GC(17) Using 5 workers of 10 for evacuation
[2025-11-29T08:08:01.619+0000][8.105s][info ][gc,phases   ] GC(17)   Pre Evacuate Collection Set: 0.3ms
[2025-11-29T08:08:01.620+0000][8.106s][info ][gc,phases   ] GC(17)   Merge Heap Roots: 0.2ms
[2025-11-29T08:08:01.621+0000][8.106s][info ][gc,phases   ] GC(17)   Evacuate Collection Set: 3.5ms
[2025-11-29T08:08:01.621+0000][8.107s][info ][gc,phases   ] GC(17)   Post Evacuate Collection Set: 1.8ms
[2025-11-29T08:08:01.622+0000][8.108s][info ][gc,phases   ] GC(17)   Other: 1.5ms
[2025-11-29T08:08:01.623+0000][8.108s][info ][gc,heap     ] GC(17) Eden regions: 113->0(116)
[2025-11-29T08:08:01.624+0000][8.109s][info ][gc,heap     ] GC(17) Survivor regions: 7->8(15)
[2025-11-29T08:08:01.624+0000][8.110s][info ][gc,heap     ] GC(17) Old regions: 53->53
[2025-11-29T08:08:01.625+0000][8.111s][info ][gc,heap     ] GC(17) Archive regions: 2->2
[2025-11-29T08:08:01.625+0000][8.111s][info ][gc,heap     ] GC(17) Humongous regions: 0->0
[2025-11-29T08:08:01.626+0000][8.112s][info ][gc,metaspace] GC(17) Metaspace: 27866K(28224K)->27866K(28224K) NonClass: 24318K(24512K)->24318K(24512K) Class: 3548K(3712K)->3548K(3712K)
[2025-11-29T08:08:01.627+0000][8.112s][info ][gc          ] GC(17) Pause Young (Normal) (G1 Evacuation Pause) 173M->61M(216M) 14.596ms
[2025-11-29T08:08:01.627+0000][8.113s][info ][gc,cpu      ] GC(17) User=0.05s Sys=0.01s Real=0.01s
[2025-11-29T08:08:01.628+0000][8.114s][info ][safepoint   ] Safepoint "G1CollectForAllocation", Time since last: 437895893 ns, Reaching safepoint: 801406 ns, Cleanup: 70207 ns, At safepoint: 15963158 ns, Total: 16834771 ns
[2025-11-29T08:08:02.635+0000][9.121s][debug][safepoint   ] Safepoint synchronization initiated using futex wait barrier. (14 threads)
[2025-11-29T08:08:02.636+0000][9.121s][info ][safepoint   ] Safepoint "Cleanup", Time since last: 1007059340 ns, Reaching safepoint: 582174 ns, Cleanup: 46468 ns, At safepoint: 22676 ns, Total: 651318 ns
[2025-11-29T08:08:02.837+0000][9.323s][debug][safepoint   ] Safepoint synchronization initiated using futex wait barrier. (14 threads)
[2025-11-29T08:08:02.838+0000][9.323s][info ][gc,start    ] GC(18) Pause Young (Normal) (G1 Evacuation Pause)
[2025-11-29T08:08:02.838+0000][9.324s][info ][gc,task     ] GC(18) Using 5 workers of 10 for evacuation
[2025-11-29T08:08:02.847+0000][9.333s][info ][gc,phases   ] GC(18)   Pre Evacuate Collection Set: 0.3ms
[2025-11-29T08:08:02.848+0000][9.333s][info ][gc,phases   ] GC(18)   Merge Heap Roots: 0.2ms
[2025-11-29T08:08:02.848+0000][9.334s][info ][gc,phases   ] GC(18)   Evacuate Collection Set: 5.1ms
[2025-11-29T08:08:02.849+0000][9.335s][info ][gc,phases   ] GC(18)   Post Evacuate Collection Set: 2.2ms
[2025-11-29T08:08:02.850+0000][9.335s][info ][gc,phases   ] GC(18)   Other: 1.3ms
[2025-11-29T08:08:02.850+0000][9.336s][info ][gc,heap     ] GC(18) Eden regions: 116->0(118)
[2025-11-29T08:08:02.850+0000][9.336s][info ][gc,heap     ] GC(18) Survivor regions: 8->8(16)
[2025-11-29T08:08:02.851+0000][9.337s][info ][gc,heap     ] GC(18) Old regions: 53->53
[2025-11-29T08:08:02.851+0000][9.337s][info ][gc,heap     ] GC(18) Archive regions: 2->2
[2025-11-29T08:08:02.852+0000][9.337s][info ][gc,heap     ] GC(18) Humongous regions: 0->0
[2025-11-29T08:08:02.852+0000][9.338s][info ][gc,metaspace] GC(18) Metaspace: 34796K(35136K)->34796K(35136K) NonClass: 30508K(30720K)->30508K(30720K) Class: 4287K(4416K)->4287K(4416K)
[2025-11-29T08:08:02.853+0000][9.339s][info ][gc          ] GC(18) Pause Young (Normal) (G1 Evacuation Pause) 177M->61M(216M) 15.341ms
[2025-11-29T08:08:02.854+0000][9.340s][info ][gc,cpu      ] GC(18) User=0.04s Sys=0.00s Real=0.02s
[2025-11-29T08:08:02.855+0000][9.340s][info ][safepoint   ] Safepoint "G1CollectForAllocation", Time since last: 201417425 ns, Reaching safepoint: 468960 ns, Cleanup: 102188 ns, At safepoint: 16930947 ns, Total: 17502095 ns
[2025-11-29T08:08:03.790+0000][10.275s][debug][safepoint   ] Safepoint synchronization initiated using futex wait barrier. (15 threads)
[2025-11-29T08:08:03.791+0000][10.276s][info ][gc,start    ] GC(19) Pause Young (Concurrent Start) (Metadata GC Threshold)
[2025-11-29T08:08:03.791+0000][10.277s][info ][gc,task     ] GC(19) Using 5 workers of 10 for evacuation
[2025-11-29T08:08:03.800+0000][10.285s][info ][gc,phases   ] GC(19)   Pre Evacuate Collection Set: 0.2ms
[2025-11-29T08:08:03.803+0000][10.289s][info ][gc,phases   ] GC(19)   Merge Heap Roots: 0.2ms
[2025-11-29T08:08:03.803+0000][10.289s][info ][gc,phases   ] GC(19)   Evacuate Collection Set: 5.8ms
[2025-11-29T08:08:03.804+0000][10.290s][info ][gc,phases   ] GC(19)   Post Evacuate Collection Set: 1.8ms
[2025-11-29T08:08:03.804+0000][10.290s][info ][gc,phases   ] GC(19)   Other: 1.1ms
[2025-11-29T08:08:03.805+0000][10.291s][info ][gc,heap     ] GC(19) Eden regions: 111->0(119)
[2025-11-29T08:08:03.806+0000][10.292s][info ][gc,heap     ] GC(19) Survivor regions: 8->9(16)
[2025-11-29T08:08:03.807+0000][10.293s][info ][gc,heap     ] GC(19) Old regions: 53->53
[2025-11-29T08:08:03.808+0000][10.294s][info ][gc,heap     ] GC(19) Archive regions: 2->2
[2025-11-29T08:08:03.808+0000][10.294s][info ][gc,heap     ] GC(19) Humongous regions: 0->0
[2025-11-29T08:08:03.809+0000][10.295s][info ][gc,metaspace] GC(19) Metaspace: 35967K(36288K)->35967K(36288K) NonClass: 31516K(31680K)->31516K(31680K) Class: 4450K(4608K)->4450K(4608K)
[2025-11-29T08:08:03.810+0000][10.295s][info ][gc          ] GC(19) Pause Young (Concurrent Start) (Metadata GC Threshold) 172M->62M(216M) 19.119ms
[2025-11-29T08:08:03.810+0000][10.296s][info ][gc,cpu      ] GC(19) User=0.03s Sys=0.00s Real=0.02s
[2025-11-29T08:08:03.810+0000][10.296s][info ][gc          ] GC(20) Concurrent Mark Cycle
[2025-11-29T08:08:03.811+0000][10.296s][info ][safepoint   ] Safepoint "CollectForMetadataAllocation", Time since last: 934999212 ns, Reaching safepoint: 717680 ns, Cleanup: 246590 ns, At safepoint: 20138586 ns, Total: 21102856 ns
[2025-11-29T08:08:03.815+0000][10.301s][info ][gc,marking  ] GC(20) Concurrent Clear Claimed Marks
[2025-11-29T08:08:03.816+0000][10.302s][info ][gc,marking  ] GC(20) Concurrent Clear Claimed Marks 1.487ms
[2025-11-29T08:08:03.817+0000][10.302s][info ][gc,marking  ] GC(20) Concurrent Scan Root Regions
[2025-11-29T08:08:03.820+0000][10.306s][info ][gc,marking  ] GC(20) Concurrent Scan Root Regions 3.748ms
[2025-11-29T08:08:03.821+0000][10.307s][info ][gc,marking  ] GC(20) Concurrent Mark
[2025-11-29T08:08:03.821+0000][10.307s][info ][gc,marking  ] GC(20) Concurrent Mark From Roots
[2025-11-29T08:08:03.821+0000][10.307s][info ][gc,task     ] GC(20) Using 3 workers of 3 for marking
[2025-11-29T08:08:03.857+0000][10.343s][info ][gc,marking  ] GC(20) Concurrent Mark From Roots 35.501ms
[2025-11-29T08:08:03.857+0000][10.343s][info ][gc,marking  ] GC(20) Concurrent Preclean
[2025-11-29T08:08:03.858+0000][10.344s][info ][gc,marking  ] GC(20) Concurrent Preclean 0.819ms
[2025-11-29T08:08:03.859+0000][10.345s][debug][safepoint   ] Safepoint synchronization initiated using futex wait barrier. (15 threads)
[2025-11-29T08:08:03.860+0000][10.346s][info ][gc,start    ] GC(20) Pause Remark
[2025-11-29T08:08:03.869+0000][10.355s][info ][gc          ] GC(20) Pause Remark 66M->66M(216M) 8.421ms
[2025-11-29T08:08:03.870+0000][10.356s][info ][gc,cpu      ] GC(20) User=0.02s Sys=0.01s Real=0.00s
[2025-11-29T08:08:03.871+0000][10.357s][info ][safepoint   ] Safepoint "G1PauseRemark", Time since last: 48582792 ns, Reaching safepoint: 993806 ns, Cleanup: 72433 ns, At safepoint: 10800473 ns, Total: 11866712 ns
[2025-11-29T08:08:03.873+0000][10.359s][info ][gc,marking  ] GC(20) Concurrent Mark 51.833ms
[2025-11-29T08:08:03.874+0000][10.360s][info ][gc,marking  ] GC(20) Concurrent Rebuild Remembered Sets
[2025-11-29T08:08:03.907+0000][10.393s][info ][gc,marking  ] GC(20) Concurrent Rebuild Remembered Sets 32.495ms
[2025-11-29T08:08:03.908+0000][10.394s][debug][safepoint   ] Safepoint synchronization initiated using futex wait barrier. (15 threads)
[2025-11-29T08:08:03.908+0000][10.394s][debug][safepoint   ] ... found polling page loop exception at pc = 0x00007ef7e1312cdd, stub =0x00007ef7e0adb400
[2025-11-29T08:08:03.909+0000][10.395s][info ][gc,start    ] GC(20) Pause Cleanup
[2025-11-29T08:08:03.910+0000][10.396s][info ][gc          ] GC(20) Pause Cleanup 67M->67M(216M) 1.341ms
[2025-11-29T08:08:03.911+0000][10.397s][info ][gc,cpu      ] GC(20) User=0.01s Sys=0.00s Real=0.01s
[2025-11-29T08:08:03.912+0000][10.397s][info ][safepoint   ] Safepoint "G1PauseCleanup", Time since last: 36678532 ns, Reaching safepoint: 929763 ns, Cleanup: 22452 ns, At safepoint: 2791136 ns, Total: 3743351 ns
[2025-11-29T08:08:03.913+0000][10.398s][info ][gc,marking  ] GC(20) Concurrent Cleanup for Next Mark
[2025-11-29T08:08:03.918+0000][10.403s][info ][gc,marking  ] GC(20) Concurrent Cleanup for Next Mark 5.048ms
[2025-11-29T08:08:03.920+0000][10.405s][info ][gc          ] GC(20) Concurrent Mark Cycle 109.048ms
[2025-11-29T08:08:04.944+0000][11.430s][debug][safepoint   ] Safepoint synchronization initiated using futex wait barrier. (15 threads)
[2025-11-29T08:08:04.945+0000][11.430s][debug][safepoint   ] ... found polling page loop exception at pc = 0x00007ef7d97856ef, stub =0x00007ef7e0adb400
[2025-11-29T08:08:04.945+0000][11.431s][info ][safepoint   ] Safepoint "Cleanup", Time since last: 1032585152 ns, Reaching safepoint: 865781 ns, Cleanup: 127266 ns, At safepoint: 37450 ns, Total: 1030497 ns
[2025-11-29T08:08:05.017+0000][11.503s][debug][safepoint   ] Safepoint synchronization initiated using futex wait barrier. (15 threads)
[2025-11-29T08:08:05.018+0000][11.504s][info ][gc,start    ] GC(21) Pause Young (Prepare Mixed) (G1 Evacuation Pause)
[2025-11-29T08:08:05.018+0000][11.504s][info ][gc,task     ] GC(21) Using 5 workers of 10 for evacuation
[2025-11-29T08:08:05.026+0000][11.512s][info ][gc,phases   ] GC(21)   Pre Evacuate Collection Set: 0.2ms
[2025-11-29T08:08:05.027+0000][11.512s][info ][gc,phases   ] GC(21)   Merge Heap Roots: 0.2ms
[2025-11-29T08:08:05.027+0000][11.513s][info ][gc,phases   ] GC(21)   Evacuate Collection Set: 5.6ms
[2025-11-29T08:08:05.027+0000][11.513s][info ][gc,phases   ] GC(21)   Post Evacuate Collection Set: 1.5ms
[2025-11-29T08:08:05.027+0000][11.513s][info ][gc,phases   ] GC(21)   Other: 0.7ms
[2025-11-29T08:08:05.028+0000][11.513s][info ][gc,heap     ] GC(21) Eden regions: 119->0(3)
[2025-11-29T08:08:05.028+0000][11.514s][info ][gc,heap     ] GC(21) Survivor regions: 9->7(16)
[2025-11-29T08:08:05.028+0000][11.514s][info ][gc,heap     ] GC(21) Old regions: 53->55
[2025-11-29T08:08:05.028+0000][11.514s][info ][gc,heap     ] GC(21) Archive regions: 2->2
[2025-11-29T08:08:05.029+0000][11.514s][info ][gc,heap     ] GC(21) Humongous regions: 0->0
[2025-11-29T08:08:05.029+0000][11.515s][info ][gc,metaspace] GC(21) Metaspace: 38875K(39360K)->38875K(39360K) NonClass: 33930K(34176K)->33930K(34176K) Class: 4945K(5184K)->4945K(5184K)
[2025-11-29T08:08:05.029+0000][11.515s][info ][gc          ] GC(21) Pause Young (Prepare Mixed) (G1 Evacuation Pause) 181M->62M(216M) 11.033ms
[2025-11-29T08:08:05.029+0000][11.515s][info ][gc,cpu      ] GC(21) User=0.03s Sys=0.00s Real=0.01s
[2025-11-29T08:08:05.030+0000][11.515s][info ][safepoint   ] Safepoint "G1CollectForAllocation", Time since last: 72250513 ns, Reaching safepoint: 513555 ns, Cleanup: 51935 ns, At safepoint: 11580562 ns, Total: 12146052 ns
[2025-11-29T08:08:05.053+0000][11.539s][debug][safepoint   ] Safepoint synchronization initiated using futex wait barrier. (15 threads)
[2025-11-29T08:08:05.053+0000][11.539s][info ][gc,start    ] GC(22) Pause Young (Mixed) (G1 Evacuation Pause)
[2025-11-29T08:08:05.054+0000][11.539s][info ][gc,task     ] GC(22) Using 5 workers of 10 for evacuation
[2025-11-29T08:08:05.060+0000][11.546s][info ][gc,phases   ] GC(22)   Pre Evacuate Collection Set: 0.3ms
[2025-11-29T08:08:05.060+0000][11.546s][info ][gc,phases   ] GC(22)   Merge Heap Roots: 0.1ms
[2025-11-29T08:08:05.061+0000][11.546s][info ][gc,phases   ] GC(22)   Evacuate Collection Set: 4.5ms
[2025-11-29T08:08:05.061+0000][11.547s][info ][gc,phases   ] GC(22)   Post Evacuate Collection Set: 1.0ms
[2025-11-29T08:08:05.061+0000][11.547s][info ][gc,phases   ] GC(22)   Other: 0.7ms
[2025-11-29T08:08:05.061+0000][11.547s][info ][gc,heap     ] GC(22) Eden regions: 3->0(120)
[2025-11-29T08:08:05.061+0000][11.547s][info ][gc,heap     ] GC(22) Survivor regions: 7->2(2)
[2025-11-29T08:08:05.062+0000][11.547s][info ][gc,heap     ] GC(22) Old regions: 55->60
[2025-11-29T08:08:05.062+0000][11.548s][info ][gc,heap     ] GC(22) Archive regions: 2->2
[2025-11-29T08:08:05.062+0000][11.548s][info ][gc,heap     ] GC(22) Humongous regions: 0->0
[2025-11-29T08:08:05.063+0000][11.548s][info ][gc,metaspace] GC(22) Metaspace: 39010K(39424K)->39010K(39424K) NonClass: 34039K(34240K)->34039K(34240K) Class: 4970K(5184K)->4970K(5184K)
[2025-11-29T08:08:05.063+0000][11.549s][info ][gc          ] GC(22) Pause Young (Mixed) (G1 Evacuation Pause) 65M->62M(216M) 9.831ms
[2025-11-29T08:08:05.063+0000][11.549s][info ][gc,cpu      ] GC(22) User=0.03s Sys=0.00s Real=0.01s
[2025-11-29T08:08:05.064+0000][11.550s][info ][safepoint   ] Safepoint "G1CollectForAllocation", Time since last: 23351547 ns, Reaching safepoint: 430527 ns, Cleanup: 23045 ns, At safepoint: 10424877 ns, Total: 10878449 ns
[2025-11-29T08:08:05.615+0000][12.101s][debug][safepoint   ] Safepoint synchronization initiated using futex wait barrier. (15 threads)
[2025-11-29T08:08:05.617+0000][12.103s][info ][safepoint   ] Safepoint "ICBufferFull", Time since last: 551739836 ns, Reaching safepoint: 1183763 ns, Cleanup: 195240 ns, At safepoint: 112235 ns, Total: 1491238 ns
[2025-11-29T08:08:05.680+0000][12.165s][debug][safepoint   ] Safepoint synchronization initiated using futex wait barrier. (15 threads)
[2025-11-29T08:08:05.680+0000][12.166s][info ][gc,start    ] GC(23) Pause Young (Normal) (G1 Evacuation Pause)
[2025-11-29T08:08:05.681+0000][12.167s][info ][gc,task     ] GC(23) Using 5 workers of 10 for evacuation
[2025-11-29T08:08:05.686+0000][12.172s][info ][gc,phases   ] GC(23)   Pre Evacuate Collection Set: 0.3ms
[2025-11-29T08:08:05.686+0000][12.172s][info ][gc,phases   ] GC(23)   Merge Heap Roots: 0.3ms
[2025-11-29T08:08:05.687+0000][12.173s][info ][gc,phases   ] GC(23)   Evacuate Collection Set: 3.1ms
[2025-11-29T08:08:05.687+0000][12.173s][info ][gc,phases   ] GC(23)   Post Evacuate Collection Set: 1.0ms
[2025-11-29T08:08:05.687+0000][12.173s][info ][gc,phases   ] GC(23)   Other: 1.2ms
[2025-11-29T08:08:05.687+0000][12.173s][info ][gc,heap     ] GC(23) Eden regions: 120->0(119)
[2025-11-29T08:08:05.688+0000][12.173s][info ][gc,heap     ] GC(23) Survivor regions: 2->3(16)
[2025-11-29T08:08:05.688+0000][12.174s][info ][gc,heap     ] GC(23) Old regions: 60->60
[2025-11-29T08:08:05.688+0000][12.174s][info ][gc,heap     ] GC(23) Archive regions: 2->2
[2025-11-29T08:08:05.688+0000][12.174s][info ][gc,heap     ] GC(23) Humongous regions: 0->0
[2025-11-29T08:08:05.689+0000][12.174s][info ][gc,metaspace] GC(23) Metaspace: 41183K(41600K)->41183K(41600K) NonClass: 36006K(36224K)->36006K(36224K) Class: 5177K(5376K)->5177K(5376K)
[2025-11-29T08:08:05.689+0000][12.175s][info ][gc          ] GC(23) Pause Young (Normal) (G1 Evacuation Pause) 182M->63M(216M) 8.614ms
[2025-11-29T08:08:05.689+0000][12.175s][info ][gc,cpu      ] GC(23) User=0.02s Sys=0.00s Real=0.00s
[2025-11-29T08:08:05.690+0000][12.175s][info ][safepoint   ] Safepoint "G1CollectForAllocation", Time since last: 62534048 ns, Reaching safepoint: 588525 ns, Cleanup: 48464 ns, At safepoint: 9463195 ns, Total: 10100184 ns
[2025-11-29T08:08:06.563+0000][13.049s][debug][safepoint   ] Safepoint synchronization initiated using futex wait barrier. (14 threads)
[2025-11-29T08:08:06.564+0000][13.049s][info ][gc,start    ] GC(24) Pause Young (Normal) (G1 Evacuation Pause)
[2025-11-29T08:08:06.564+0000][13.050s][info ][gc,task     ] GC(24) Using 5 workers of 10 for evacuation
[2025-11-29T08:08:06.570+0000][13.056s][info ][gc,phases   ] GC(24)   Pre Evacuate Collection Set: 0.3ms
[2025-11-29T08:08:06.571+0000][13.056s][info ][gc,phases   ] GC(24)   Merge Heap Roots: 0.2ms
[2025-11-29T08:08:06.571+0000][13.057s][info ][gc,phases   ] GC(24)   Evacuate Collection Set: 3.3ms
[2025-11-29T08:08:06.571+0000][13.057s][info ][gc,phases   ] GC(24)   Post Evacuate Collection Set: 1.7ms
[2025-11-29T08:08:06.572+0000][13.058s][info ][gc,phases   ] GC(24)   Other: 0.9ms
[2025-11-29T08:08:06.572+0000][13.058s][info ][gc,heap     ] GC(24) Eden regions: 119->0(119)
[2025-11-29T08:08:06.573+0000][13.059s][info ][gc,heap     ] GC(24) Survivor regions: 3->4(16)
[2025-11-29T08:08:06.573+0000][13.059s][info ][gc,heap     ] GC(24) Old regions: 60->60
[2025-11-29T08:08:06.573+0000][13.059s][info ][gc,heap     ] GC(24) Archive regions: 2->2
[2025-11-29T08:08:06.574+0000][13.060s][info ][gc,heap     ] GC(24) Humongous regions: 0->0
[2025-11-29T08:08:06.574+0000][13.060s][info ][gc,metaspace] GC(24) Metaspace: 43223K(43648K)->43223K(43648K) NonClass: 37762K(37952K)->37762K(37952K) Class: 5461K(5696K)->5461K(5696K)
[2025-11-29T08:08:06.575+0000][13.061s][info ][gc          ] GC(24) Pause Young (Normal) (G1 Evacuation Pause) 182M->64M(216M) 11.165ms
[2025-11-29T08:08:06.575+0000][13.061s][info ][gc,cpu      ] GC(24) User=0.03s Sys=0.00s Real=0.01s
[2025-11-29T08:08:06.575+0000][13.061s][info ][safepoint   ] Safepoint "G1CollectForAllocation", Time since last: 873269287 ns, Reaching safepoint: 552537 ns, Cleanup: 89031 ns, At safepoint: 11832492 ns, Total: 12474060 ns
[2025-11-29T08:08:07.383+0000][13.869s][debug][safepoint   ] Safepoint synchronization initiated using futex wait barrier. (16 threads)
[2025-11-29T08:08:07.384+0000][13.870s][info ][safepoint   ] Safepoint "ICBufferFull", Time since last: 807437029 ns, Reaching safepoint: 826646 ns, Cleanup: 283694 ns, At safepoint: 8620 ns, Total: 1118960 ns
[2025-11-29T08:08:07.830+0000][14.316s][debug][safepoint   ] Safepoint synchronization initiated using futex wait barrier. (16 threads)
[2025-11-29T08:08:07.832+0000][14.318s][info ][gc,start    ] GC(25) Pause Young (Normal) (G1 Evacuation Pause)
[2025-11-29T08:08:07.833+0000][14.319s][info ][gc,task     ] GC(25) Using 5 workers of 10 for evacuation
[2025-11-29T08:08:07.846+0000][14.332s][info ][gc,phases   ] GC(25)   Pre Evacuate Collection Set: 0.2ms
[2025-11-29T08:08:07.846+0000][14.332s][info ][gc,phases   ] GC(25)   Merge Heap Roots: 0.3ms
[2025-11-29T08:08:07.847+0000][14.333s][info ][gc,phases   ] GC(25)   Evacuate Collection Set: 10.4ms
[2025-11-29T08:08:07.847+0000][14.333s][info ][gc,phases   ] GC(25)   Post Evacuate Collection Set: 1.7ms
[2025-11-29T08:08:07.848+0000][14.334s][info ][gc,phases   ] GC(25)   Other: 1.2ms
[2025-11-29T08:08:07.849+0000][14.334s][info ][gc,heap     ] GC(25) Eden regions: 119->0(117)
[2025-11-29T08:08:07.849+0000][14.335s][info ][gc,heap     ] GC(25) Survivor regions: 4->7(16)
[2025-11-29T08:08:07.849+0000][14.335s][info ][gc,heap     ] GC(25) Old regions: 60->60
[2025-11-29T08:08:07.850+0000][14.336s][info ][gc,heap     ] GC(25) Archive regions: 2->2
[2025-11-29T08:08:07.851+0000][14.337s][info ][gc,heap     ] GC(25) Humongous regions: 0->0
[2025-11-29T08:08:07.851+0000][14.337s][info ][gc,metaspace] GC(25) Metaspace: 46778K(47168K)->46778K(47168K) NonClass: 40827K(41024K)->40827K(41024K) Class: 5950K(6144K)->5950K(6144K)
[2025-11-29T08:08:07.852+0000][14.338s][info ][gc          ] GC(25) Pause Young (Normal) (G1 Evacuation Pause) 183M->67M(216M) 19.452ms
[2025-11-29T08:08:07.852+0000][14.338s][info ][gc,cpu      ] GC(25) User=0.07s Sys=0.01s Real=0.02s
[2025-11-29T08:08:07.853+0000][14.338s][info ][safepoint   ] Safepoint "G1CollectForAllocation", Time since last: 445954321 ns, Reaching safepoint: 2349157 ns, Cleanup: 66794 ns, At safepoint: 20306852 ns, Total: 22722803 ns
[2025-11-29T08:08:08.876+0000][15.362s][debug][safepoint   ] Safepoint synchronization initiated using futex wait barrier. (16 threads)
[2025-11-29T08:08:08.877+0000][15.363s][info ][safepoint   ] Safepoint "Cleanup", Time since last: 1023197627 ns, Reaching safepoint: 766049 ns, Cleanup: 150946 ns, At safepoint: 40969 ns, Total: 957964 ns
[2025-11-29T08:08:09.282+0000][15.768s][debug][safepoint   ] Safepoint synchronization initiated using futex wait barrier. (16 threads)
[2025-11-29T08:08:09.283+0000][15.769s][info ][gc,start    ] GC(26) Pause Young (Normal) (G1 Evacuation Pause)
[2025-11-29T08:08:09.283+0000][15.769s][info ][gc,task     ] GC(26) Using 5 workers of 10 for evacuation
[2025-11-29T08:08:09.292+0000][15.778s][info ][gc,phases   ] GC(26)   Pre Evacuate Collection Set: 0.2ms
[2025-11-29T08:08:09.293+0000][15.779s][info ][gc,phases   ] GC(26)   Merge Heap Roots: 0.3ms
[2025-11-29T08:08:09.293+0000][15.779s][info ][gc,phases   ] GC(26)   Evacuate Collection Set: 6.4ms
[2025-11-29T08:08:09.293+0000][15.779s][info ][gc,phases   ] GC(26)   Post Evacuate Collection Set: 1.5ms
[2025-11-29T08:08:09.294+0000][15.780s][info ][gc,phases   ] GC(26)   Other: 0.9ms
[2025-11-29T08:08:09.294+0000][15.780s][info ][gc,heap     ] GC(26) Eden regions: 117->0(114)
[2025-11-29T08:08:09.294+0000][15.780s][info ][gc,heap     ] GC(26) Survivor regions: 7->9(16)
[2025-11-29T08:08:09.295+0000][15.781s][info ][gc,heap     ] GC(26) Old regions: 60->60
[2025-11-29T08:08:09.295+0000][15.781s][info ][gc,heap     ] GC(26) Archive regions: 2->2
[2025-11-29T08:08:09.295+0000][15.781s][info ][gc,heap     ] GC(26) Humongous regions: 0->0
[2025-11-29T08:08:09.296+0000][15.781s][info ][gc,metaspace] GC(26) Metaspace: 50890K(51328K)->50890K(51328K) NonClass: 44374K(44608K)->44374K(44608K) Class: 6515K(6720K)->6515K(6720K)
[2025-11-29T08:08:09.296+0000][15.782s][info ][gc          ] GC(26) Pause Young (Normal) (G1 Evacuation Pause) 184M->69M(216M) 12.923ms
[2025-11-29T08:08:09.296+0000][15.782s][info ][gc,cpu      ] GC(26) User=0.05s Sys=0.00s Real=0.01s
[2025-11-29T08:08:09.297+0000][15.782s][info ][safepoint   ] Safepoint "G1CollectForAllocation", Time since last: 405611436 ns, Reaching safepoint: 474174 ns, Cleanup: 88611 ns, At safepoint: 13667022 ns, Total: 14229807 ns
[2025-11-29T08:08:10.324+0000][16.810s][debug][safepoint   ] Safepoint synchronization initiated using futex wait barrier. (18 threads)
[2025-11-29T08:08:10.326+0000][16.812s][info ][safepoint   ] Safepoint "Cleanup", Time since last: 1027796671 ns, Reaching safepoint: 1370485 ns, Cleanup: 593772 ns, At safepoint: 42583 ns, Total: 2006840 ns
[2025-11-29T08:08:11.352+0000][17.838s][debug][safepoint   ] Safepoint synchronization initiated using futex wait barrier. (18 threads)
[2025-11-29T08:08:11.353+0000][17.839s][info ][safepoint   ] Safepoint "Cleanup", Time since last: 1025669463 ns, Reaching safepoint: 613820 ns, Cleanup: 32238 ns, At safepoint: 4546 ns, Total: 650604 ns
[2025-11-29T08:08:11.776+0000][18.262s][debug][safepoint   ] Safepoint synchronization initiated using futex wait barrier. (18 threads)
[2025-11-29T08:08:11.777+0000][18.263s][info ][safepoint   ] Safepoint "ICBufferFull", Time since last: 423627250 ns, Reaching safepoint: 514557 ns, Cleanup: 185836 ns, At safepoint: 7409 ns, Total: 707802 ns
[2025-11-29T08:08:12.039+0000][18.525s][debug][safepoint   ] Safepoint synchronization initiated using futex wait barrier. (18 threads)
[2025-11-29T08:08:12.040+0000][18.526s][info ][gc,start    ] GC(27) Pause Young (Normal) (G1 Evacuation Pause)
[2025-11-29T08:08:12.040+0000][18.526s][info ][gc,task     ] GC(27) Using 5 workers of 10 for evacuation
[2025-11-29T08:08:12.051+0000][18.537s][info ][gc,phases   ] GC(27)   Pre Evacuate Collection Set: 0.3ms
[2025-11-29T08:08:12.052+0000][18.538s][info ][gc,phases   ] GC(27)   Merge Heap Roots: 0.2ms
[2025-11-29T08:08:12.052+0000][18.538s][info ][gc,phases   ] GC(27)   Evacuate Collection Set: 8.5ms
[2025-11-29T08:08:12.052+0000][18.538s][info ][gc,phases   ] GC(27)   Post Evacuate Collection Set: 1.6ms
[2025-11-29T08:08:12.053+0000][18.539s][info ][gc,phases   ] GC(27)   Other: 0.9ms
[2025-11-29T08:08:12.053+0000][18.539s][info ][gc,heap     ] GC(27) Eden regions: 114->0(110)
[2025-11-29T08:08:12.053+0000][18.539s][info ][gc,heap     ] GC(27) Survivor regions: 9->11(16)
[2025-11-29T08:08:12.054+0000][18.540s][info ][gc,heap     ] GC(27) Old regions: 60->60
[2025-11-29T08:08:12.054+0000][18.540s][info ][gc,heap     ] GC(27) Archive regions: 2->2
[2025-11-29T08:08:12.054+0000][18.540s][info ][gc,heap     ] GC(27) Humongous regions: 0->0
[2025-11-29T08:08:12.055+0000][18.541s][info ][gc,metaspace] GC(27) Metaspace: 56848K(57344K)->56848K(57344K) NonClass: 49672K(49920K)->49672K(49920K) Class: 7175K(7424K)->7175K(7424K)
[2025-11-29T08:08:12.055+0000][18.541s][info ][gc          ] GC(27) Pause Young (Normal) (G1 Evacuation Pause) 183M->71M(216M) 15.221ms
[2025-11-29T08:08:12.055+0000][18.541s][info ][gc,cpu      ] GC(27) User=0.08s Sys=0.00s Real=0.01s
[2025-11-29T08:08:12.056+0000][18.542s][info ][safepoint   ] Safepoint "G1CollectForAllocation", Time since last: 262291393 ns, Reaching safepoint: 495160 ns, Cleanup: 35918 ns, At safepoint: 16066783 ns, Total: 16597861 ns
[2025-11-29T08:08:12.745+0000][19.231s][debug][safepoint   ] Safepoint synchronization initiated using futex wait barrier. (17 threads)
[2025-11-29T08:08:12.746+0000][19.232s][info ][gc,start    ] GC(28) Pause Young (Normal) (G1 Evacuation Pause)
[2025-11-29T08:08:12.747+0000][19.233s][info ][gc,task     ] GC(28) Using 5 workers of 10 for evacuation
[2025-11-29T08:08:12.756+0000][19.242s][info ][gc,phases   ] GC(28)   Pre Evacuate Collection Set: 0.2ms
[2025-11-29T08:08:12.756+0000][19.242s][info ][gc,phases   ] GC(28)   Merge Heap Roots: 0.2ms
[2025-11-29T08:08:12.757+0000][19.242s][info ][gc,phases   ] GC(28)   Evacuate Collection Set: 6.8ms
[2025-11-29T08:08:12.757+0000][19.243s][info ][gc,phases   ] GC(28)   Post Evacuate Collection Set: 1.4ms
[2025-11-29T08:08:12.758+0000][19.243s][info ][gc,phases   ] GC(28)   Other: 1.2ms
[2025-11-29T08:08:12.758+0000][19.244s][info ][gc,heap     ] GC(28) Eden regions: 110->0(111)
[2025-11-29T08:08:12.758+0000][19.244s][info ][gc,heap     ] GC(28) Survivor regions: 11->9(16)
[2025-11-29T08:08:12.759+0000][19.244s][info ][gc,heap     ] GC(28) Old regions: 60->63
[2025-11-29T08:08:12.759+0000][19.245s][info ][gc,heap     ] GC(28) Archive regions: 2->2
[2025-11-29T08:08:12.759+0000][19.245s][info ][gc,heap     ] GC(28) Humongous regions: 0->0
[2025-11-29T08:08:12.760+0000][19.246s][info ][gc,metaspace] GC(28) Metaspace: 59609K(60096K)->59609K(60096K) NonClass: 51983K(52224K)->51983K(52224K) Class: 7625K(7872K)->7625K(7872K)
[2025-11-29T08:08:12.760+0000][19.246s][info ][gc          ] GC(28) Pause Young (Normal) (G1 Evacuation Pause) 181M->72M(216M) 14.110ms
[2025-11-29T08:08:12.760+0000][19.246s][info ][gc,cpu      ] GC(28) User=0.03s Sys=0.01s Real=0.02s
[2025-11-29T08:08:12.761+0000][19.247s][info ][safepoint   ] Safepoint "G1CollectForAllocation", Time since last: 689480638 ns, Reaching safepoint: 590093 ns, Cleanup: 32294 ns, At safepoint: 14846093 ns, Total: 15468480 ns
[2025-11-29T08:08:12.845+0000][19.331s][debug][safepoint   ] Safepoint synchronization initiated using futex wait barrier. (17 threads)
[2025-11-29T08:08:12.845+0000][19.331s][info ][gc,start    ] GC(29) Pause Young (Concurrent Start) (Metadata GC Threshold)
[2025-11-29T08:08:12.846+0000][19.332s][info ][gc,task     ] GC(29) Using 5 workers of 10 for evacuation
[2025-11-29T08:08:12.854+0000][19.340s][info ][gc,phases   ] GC(29)   Pre Evacuate Collection Set: 0.4ms
[2025-11-29T08:08:12.855+0000][19.341s][info ][gc,phases   ] GC(29)   Merge Heap Roots: 0.2ms
[2025-11-29T08:08:12.855+0000][19.341s][info ][gc,phases   ] GC(29)   Evacuate Collection Set: 5.9ms
[2025-11-29T08:08:12.856+0000][19.341s][info ][gc,phases   ] GC(29)   Post Evacuate Collection Set: 1.3ms
[2025-11-29T08:08:12.856+0000][19.342s][info ][gc,phases   ] GC(29)   Other: 1.1ms
[2025-11-29T08:08:12.857+0000][19.342s][info ][gc,heap     ] GC(29) Eden regions: 13->0(113)
[2025-11-29T08:08:12.857+0000][19.343s][info ][gc,heap     ] GC(29) Survivor regions: 9->7(15)
[2025-11-29T08:08:12.858+0000][19.344s][info ][gc,heap     ] GC(29) Old regions: 63->65
[2025-11-29T08:08:12.858+0000][19.344s][info ][gc,heap     ] GC(29) Archive regions: 2->2
[2025-11-29T08:08:12.859+0000][19.344s][info ][gc,heap     ] GC(29) Humongous regions: 0->0
[2025-11-29T08:08:12.859+0000][19.345s][info ][gc,metaspace] GC(29) Metaspace: 60135K(60608K)->60135K(60608K) NonClass: 52448K(52672K)->52448K(52672K) Class: 7687K(7936K)->7687K(7936K)
[2025-11-29T08:08:12.860+0000][19.345s][info ][gc          ] GC(29) Pause Young (Concurrent Start) (Metadata GC Threshold) 85M->72M(216M) 14.334ms
[2025-11-29T08:08:12.860+0000][19.346s][info ][gc,cpu      ] GC(29) User=0.04s Sys=0.00s Real=0.02s
[2025-11-29T08:08:12.860+0000][19.346s][info ][gc          ] GC(30) Concurrent Mark Cycle
[2025-11-29T08:08:12.860+0000][19.346s][info ][gc,marking  ] GC(30) Concurrent Clear Claimed Marks
[2025-11-29T08:08:12.860+0000][19.346s][info ][safepoint   ] Safepoint "CollectForMetadataAllocation", Time since last: 83960359 ns, Reaching safepoint: 394195 ns, Cleanup: 16934 ns, At safepoint: 14977139 ns, Total: 15388268 ns
[2025-11-29T08:08:12.861+0000][19.347s][info ][gc,marking  ] GC(30) Concurrent Clear Claimed Marks 0.284ms
[2025-11-29T08:08:12.861+0000][19.347s][info ][gc,marking  ] GC(30) Concurrent Scan Root Regions
[2025-11-29T08:08:12.864+0000][19.350s][info ][gc,marking  ] GC(30) Concurrent Scan Root Regions 3.299ms
[2025-11-29T08:08:12.865+0000][19.351s][info ][gc,marking  ] GC(30) Concurrent Mark
[2025-11-29T08:08:12.866+0000][19.351s][info ][gc,marking  ] GC(30) Concurrent Mark From Roots
[2025-11-29T08:08:12.866+0000][19.352s][info ][gc,task     ] GC(30) Using 3 workers of 3 for marking
[2025-11-29T08:08:12.899+0000][19.385s][info ][gc,marking  ] GC(30) Concurrent Mark From Roots 33.803ms
[2025-11-29T08:08:12.900+0000][19.386s][info ][gc,marking  ] GC(30) Concurrent Preclean
[2025-11-29T08:08:12.901+0000][19.386s][info ][gc,marking  ] GC(30) Concurrent Preclean 0.754ms
[2025-11-29T08:08:12.901+0000][19.387s][debug][safepoint   ] Safepoint synchronization initiated using futex wait barrier. (17 threads)
[2025-11-29T08:08:12.902+0000][19.387s][info ][gc,start    ] GC(30) Pause Remark
[2025-11-29T08:08:12.907+0000][19.393s][info ][gc          ] GC(30) Pause Remark 75M->75M(216M) 5.489ms
[2025-11-29T08:08:12.908+0000][19.393s][info ][gc,cpu      ] GC(30) User=0.01s Sys=0.01s Real=0.00s
[2025-11-29T08:08:12.908+0000][19.394s][info ][safepoint   ] Safepoint "G1PauseRemark", Time since last: 40874360 ns, Reaching safepoint: 452449 ns, Cleanup: 12743 ns, At safepoint: 6501431 ns, Total: 6966623 ns
[2025-11-29T08:08:12.909+0000][19.395s][info ][gc,marking  ] GC(30) Concurrent Mark 43.616ms
[2025-11-29T08:08:12.909+0000][19.395s][info ][gc,marking  ] GC(30) Concurrent Rebuild Remembered Sets
[2025-11-29T08:08:12.928+0000][19.414s][info ][gc,marking  ] GC(30) Concurrent Rebuild Remembered Sets 18.743ms
[2025-11-29T08:08:12.928+0000][19.414s][debug][safepoint   ] Safepoint synchronization initiated using futex wait barrier. (17 threads)
[2025-11-29T08:08:12.929+0000][19.415s][info ][gc,start    ] GC(30) Pause Cleanup
[2025-11-29T08:08:12.930+0000][19.416s][info ][gc          ] GC(30) Pause Cleanup 77M->77M(216M) 0.626ms
[2025-11-29T08:08:12.930+0000][19.416s][info ][gc,cpu      ] GC(30) User=0.00s Sys=0.00s Real=0.00s
[2025-11-29T08:08:12.931+0000][19.417s][info ][safepoint   ] Safepoint "G1PauseCleanup", Time since last: 20248146 ns, Reaching safepoint: 903256 ns, Cleanup: 16514 ns, At safepoint: 1551991 ns, Total: 2471761 ns
[2025-11-29T08:08:12.931+0000][19.417s][info ][gc,marking  ] GC(30) Concurrent Cleanup for Next Mark
[2025-11-29T08:08:12.934+0000][19.419s][info ][gc,marking  ] GC(30) Concurrent Cleanup for Next Mark 2.328ms
[2025-11-29T08:08:12.934+0000][19.420s][info ][gc          ] GC(30) Concurrent Mark Cycle 73.950ms
[2025-11-29T08:08:13.861+0000][20.347s][debug][safepoint   ] Safepoint synchronization initiated using futex wait barrier. (19 threads)
[2025-11-29T08:08:13.863+0000][20.349s][info ][gc,start    ] GC(31) Pause Young (Prepare Mixed) (G1 Evacuation Pause)
[2025-11-29T08:08:13.864+0000][20.350s][info ][gc,task     ] GC(31) Using 5 workers of 10 for evacuation
[2025-11-29T08:08:13.871+0000][20.356s][info ][gc,phases   ] GC(31)   Pre Evacuate Collection Set: 0.2ms
[2025-11-29T08:08:13.871+0000][20.357s][info ][gc,phases   ] GC(31)   Merge Heap Roots: 0.2ms
[2025-11-29T08:08:13.871+0000][20.357s][info ][gc,phases   ] GC(31)   Evacuate Collection Set: 4.5ms
[2025-11-29T08:08:13.872+0000][20.358s][info ][gc,phases   ] GC(31)   Post Evacuate Collection Set: 1.4ms
[2025-11-29T08:08:13.872+0000][20.358s][info ][gc,phases   ] GC(31)   Other: 0.9ms
[2025-11-29T08:08:13.872+0000][20.358s][info ][gc,heap     ] GC(31) Eden regions: 113->0(2)
[2025-11-29T08:08:13.873+0000][20.359s][info ][gc,heap     ] GC(31) Survivor regions: 7->8(15)
[2025-11-29T08:08:13.873+0000][20.359s][info ][gc,heap     ] GC(31) Old regions: 65->65
[2025-11-29T08:08:13.873+0000][20.359s][info ][gc,heap     ] GC(31) Archive regions: 2->2
[2025-11-29T08:08:13.873+0000][20.359s][info ][gc,heap     ] GC(31) Humongous regions: 0->0
[2025-11-29T08:08:13.874+0000][20.359s][info ][gc,metaspace] GC(31) Metaspace: 63877K(64320K)->63877K(64320K) NonClass: 55685K(55936K)->55685K(55936K) Class: 8191K(8384K)->8191K(8384K)
[2025-11-29T08:08:13.874+0000][20.360s][info ][gc          ] GC(31) Pause Young (Prepare Mixed) (G1 Evacuation Pause) 185M->73M(216M) 10.384ms
[2025-11-29T08:08:13.874+0000][20.360s][info ][gc,cpu      ] GC(31) User=0.02s Sys=0.00s Real=0.01s
[2025-11-29T08:08:13.874+0000][20.360s][info ][safepoint   ] Safepoint "G1CollectForAllocation", Time since last: 930629075 ns, Reaching safepoint: 478976 ns, Cleanup: 1533755 ns, At safepoint: 10964157 ns, Total: 12976888 ns
[2025-11-29T08:08:13.883+0000][20.368s][debug][safepoint   ] Safepoint synchronization initiated using futex wait barrier. (19 threads)
[2025-11-29T08:08:13.883+0000][20.369s][info ][gc,start    ] GC(32) Pause Young (Mixed) (G1 Evacuation Pause)
[2025-11-29T08:08:13.883+0000][20.369s][info ][gc,task     ] GC(32) Using 5 workers of 10 for evacuation
[2025-11-29T08:08:13.891+0000][20.377s][info ][gc,phases   ] GC(32)   Pre Evacuate Collection Set: 0.2ms
[2025-11-29T08:08:13.892+0000][20.378s][info ][gc,phases   ] GC(32)   Merge Heap Roots: 0.2ms
[2025-11-29T08:08:13.893+0000][20.378s][info ][gc,phases   ] GC(32)   Evacuate Collection Set: 6.0ms
[2025-11-29T08:08:13.893+0000][20.379s][info ][gc,phases   ] GC(32)   Post Evacuate Collection Set: 1.1ms
[2025-11-29T08:08:13.893+0000][20.379s][info ][gc,phases   ] GC(32)   Other: 0.8ms
[2025-11-29T08:08:13.893+0000][20.379s][info ][gc,heap     ] GC(32) Eden regions: 2->0(113)
[2025-11-29T08:08:13.894+0000][20.379s][info ][gc,heap     ] GC(32) Survivor regions: 8->2(2)
[2025-11-29T08:08:13.894+0000][20.380s][info ][gc,heap     ] GC(32) Old regions: 65->71
[2025-11-29T08:08:13.894+0000][20.380s][info ][gc,heap     ] GC(32) Archive regions: 2->2
[2025-11-29T08:08:13.894+0000][20.380s][info ][gc,heap     ] GC(32) Humongous regions: 0->0
[2025-11-29T08:08:13.895+0000][20.380s][info ][gc,metaspace] GC(32) Metaspace: 63904K(64320K)->63904K(64320K) NonClass: 55706K(55936K)->55706K(55936K) Class: 8197K(8384K)->8197K(8384K)
[2025-11-29T08:08:13.895+0000][20.381s][info ][gc          ] GC(32) Pause Young (Mixed) (G1 Evacuation Pause) 75M->72M(216M) 11.817ms
[2025-11-29T08:08:13.895+0000][20.381s][info ][gc,cpu      ] GC(32) User=0.03s Sys=0.01s Real=0.01s
[2025-11-29T08:08:13.895+0000][20.381s][info ][safepoint   ] Safepoint "G1CollectForAllocation", Time since last: 8145803 ns, Reaching safepoint: 462318 ns, Cleanup: 5925 ns, At safepoint: 12337685 ns, Total: 12805928 ns
[2025-11-29T08:08:14.254+0000][20.740s][debug][safepoint   ] Safepoint synchronization initiated using futex wait barrier. (19 threads)
[2025-11-29T08:08:14.255+0000][20.740s][info ][gc,start    ] GC(33) Pause Young (Normal) (G1 Evacuation Pause)
[2025-11-29T08:08:14.255+0000][20.741s][info ][gc,task     ] GC(33) Using 5 workers of 10 for evacuation
[2025-11-29T08:08:14.258+0000][20.744s][info ][gc,phases   ] GC(33)   Pre Evacuate Collection Set: 0.1ms
[2025-11-29T08:08:14.258+0000][20.744s][info ][gc,phases   ] GC(33)   Merge Heap Roots: 0.1ms
[2025-11-29T08:08:14.259+0000][20.745s][info ][gc,phases   ] GC(33)   Evacuate Collection Set: 1.3ms
[2025-11-29T08:08:14.259+0000][20.745s][info ][gc,phases   ] GC(33)   Post Evacuate Collection Set: 1.0ms
[2025-11-29T08:08:14.259+0000][20.745s][info ][gc,phases   ] GC(33)   Other: 1.1ms
[2025-11-29T08:08:14.260+0000][20.745s][info ][gc,heap     ] GC(33) Eden regions: 113->0(115)
[2025-11-29T08:08:14.260+0000][20.746s][info ][gc,heap     ] GC(33) Survivor regions: 2->1(15)
[2025-11-29T08:08:14.260+0000][20.746s][info ][gc,heap     ] GC(33) Old regions: 71->71
[2025-11-29T08:08:14.260+0000][20.746s][info ][gc,heap     ] GC(33) Archive regions: 2->2
[2025-11-29T08:08:14.261+0000][20.746s][info ][gc,heap     ] GC(33) Humongous regions: 0->0
[2025-11-29T08:08:14.261+0000][20.747s][info ][gc,metaspace] GC(33) Metaspace: 65699K(66176K)->65699K(66176K) NonClass: 57164K(57408K)->57164K(57408K) Class: 8535K(8768K)->8535K(8768K)
[2025-11-29T08:08:14.261+0000][20.747s][info ][gc          ] GC(33) Pause Young (Normal) (G1 Evacuation Pause) 185M->71M(216M) 6.581ms
[2025-11-29T08:08:14.261+0000][20.747s][info ][gc,cpu      ] GC(33) User=0.01s Sys=0.01s Real=0.01s
[2025-11-29T08:08:14.262+0000][20.747s][info ][safepoint   ] Safepoint "G1CollectForAllocation", Time since last: 358547986 ns, Reaching safepoint: 390601 ns, Cleanup: 251787 ns, At safepoint: 7073532 ns, Total: 7715920 ns
[2025-11-29T08:08:14.794+0000][21.280s][debug][safepoint   ] Safepoint synchronization initiated using futex wait barrier. (21 threads)
[2025-11-29T08:08:14.795+0000][21.281s][info ][safepoint   ] Safepoint "ICBufferFull", Time since last: 532669828 ns, Reaching safepoint: 448440 ns, Cleanup: 174577 ns, At safepoint: 77504 ns, Total: 700521 ns
[2025-11-29T08:08:15.183+0000][21.669s][debug][safepoint   ] Safepoint synchronization initiated using futex wait barrier. (21 threads)
[2025-11-29T08:08:15.184+0000][21.670s][info ][gc,start    ] GC(34) Pause Young (Normal) (G1 Evacuation Pause)
[2025-11-29T08:08:15.184+0000][21.670s][info ][gc,task     ] GC(34) Using 5 workers of 10 for evacuation
[2025-11-29T08:08:15.190+0000][21.676s][info ][gc,phases   ] GC(34)   Pre Evacuate Collection Set: 0.3ms
[2025-11-29T08:08:15.191+0000][21.677s][info ][gc,phases   ] GC(34)   Merge Heap Roots: 0.2ms
[2025-11-29T08:08:15.191+0000][21.677s][info ][gc,phases   ] GC(34)   Evacuate Collection Set: 3.7ms
[2025-11-29T08:08:15.191+0000][21.677s][info ][gc,phases   ] GC(34)   Post Evacuate Collection Set: 1.3ms
[2025-11-29T08:08:15.191+0000][21.677s][info ][gc,phases   ] GC(34)   Other: 1.2ms
[2025-11-29T08:08:15.192+0000][21.677s][info ][gc,heap     ] GC(34) Eden regions: 115->0(111)
[2025-11-29T08:08:15.192+0000][21.678s][info ][gc,heap     ] GC(34) Survivor regions: 1->4(15)
[2025-11-29T08:08:15.192+0000][21.678s][info ][gc,heap     ] GC(34) Old regions: 71->71
[2025-11-29T08:08:15.193+0000][21.678s][info ][gc,heap     ] GC(34) Archive regions: 2->2
[2025-11-29T08:08:15.193+0000][21.679s][info ][gc,heap     ] GC(34) Humongous regions: 0->0
[2025-11-29T08:08:15.193+0000][21.679s][info ][gc,metaspace] GC(34) Metaspace: 69571K(70016K)->69571K(70016K) NonClass: 60563K(60800K)->60563K(60800K) Class: 9008K(9216K)->9008K(9216K)
[2025-11-29T08:08:15.194+0000][21.680s][info ][gc          ] GC(34) Pause Young (Normal) (G1 Evacuation Pause) 186M->74M(216M) 9.985ms
[2025-11-29T08:08:15.194+0000][21.680s][info ][gc,cpu      ] GC(34) User=0.04s Sys=0.00s Real=0.01s
[2025-11-29T08:08:15.194+0000][21.680s][info ][safepoint   ] Safepoint "G1CollectForAllocation", Time since last: 387999592 ns, Reaching safepoint: 573243 ns, Cleanup: 121289 ns, At safepoint: 10711635 ns, Total: 11406167 ns
[2025-11-29T08:08:16.061+0000][22.547s][debug][safepoint   ] Safepoint synchronization initiated using futex wait barrier. (21 threads)
[2025-11-29T08:08:16.062+0000][22.548s][info ][safepoint   ] Safepoint "ICBufferFull", Time since last: 866880555 ns, Reaching safepoint: 527514 ns, Cleanup: 213159 ns, At safepoint: 8499 ns, Total: 749172 ns
[2025-11-29T08:08:16.322+0000][22.808s][debug][safepoint   ] Safepoint synchronization initiated using futex wait barrier. (21 threads)
[2025-11-29T08:08:16.323+0000][22.808s][info ][gc,start    ] GC(35) Pause Young (Normal) (G1 Evacuation Pause)
[2025-11-29T08:08:16.323+0000][22.809s][info ][gc,task     ] GC(35) Using 5 workers of 10 for evacuation
[2025-11-29T08:08:16.330+0000][22.816s][info ][gc,phases   ] GC(35)   Pre Evacuate Collection Set: 0.2ms
[2025-11-29T08:08:16.331+0000][22.817s][info ][gc,phases   ] GC(35)   Merge Heap Roots: 0.2ms
[2025-11-29T08:08:16.331+0000][22.817s][info ][gc,phases   ] GC(35)   Evacuate Collection Set: 4.6ms
[2025-11-29T08:08:16.332+0000][22.817s][info ][gc,phases   ] GC(35)   Post Evacuate Collection Set: 1.6ms
[2025-11-29T08:08:16.332+0000][22.818s][info ][gc,phases   ] GC(35)   Other: 0.9ms
[2025-11-29T08:08:16.332+0000][22.818s][info ][gc,heap     ] GC(35) Eden regions: 111->0(107)
[2025-11-29T08:08:16.333+0000][22.819s][info ][gc,heap     ] GC(35) Survivor regions: 4->7(15)
[2025-11-29T08:08:16.333+0000][22.819s][info ][gc,heap     ] GC(35) Old regions: 71->71
[2025-11-29T08:08:16.333+0000][22.819s][info ][gc,heap     ] GC(35) Archive regions: 2->2
[2025-11-29T08:08:16.334+0000][22.819s][info ][gc,heap     ] GC(35) Humongous regions: 0->0
[2025-11-29T08:08:16.334+0000][22.820s][info ][gc,metaspace] GC(35) Metaspace: 71837K(72384K)->71837K(72384K) NonClass: 62557K(62848K)->62557K(62848K) Class: 9279K(9536K)->9279K(9536K)
[2025-11-29T08:08:16.334+0000][22.820s][info ][gc          ] GC(35) Pause Young (Normal) (G1 Evacuation Pause) 185M->77M(216M) 11.585ms
[2025-11-29T08:08:16.334+0000][22.820s][info ][gc,cpu      ] GC(35) User=0.04s Sys=0.00s Real=0.01s
[2025-11-29T08:08:16.335+0000][22.821s][info ][safepoint   ] Safepoint "G1CollectForAllocation", Time since last: 260008048 ns, Reaching safepoint: 496287 ns, Cleanup: 27835 ns, At safepoint: 12315680 ns, Total: 12839802 ns
[2025-11-29T08:08:16.798+0000][23.283s][debug][safepoint   ] Safepoint synchronization initiated using futex wait barrier. (22 threads)
[2025-11-29T08:08:16.800+0000][23.285s][info ][safepoint   ] Safepoint "ICBufferFull", Time since last: 462781331 ns, Reaching safepoint: 1649611 ns, Cleanup: 167042 ns, At safepoint: 77362 ns, Total: 1894015 ns
[2025-11-29T08:08:17.268+0000][23.753s][debug][safepoint   ] Safepoint synchronization initiated using futex wait barrier. (22 threads)
[2025-11-29T08:08:17.268+0000][23.754s][info ][gc,start    ] GC(36) Pause Young (Normal) (G1 Evacuation Pause)
[2025-11-29T08:08:17.268+0000][23.754s][info ][gc,task     ] GC(36) Using 5 workers of 10 for evacuation
[2025-11-29T08:08:17.275+0000][23.761s][info ][gc,phases   ] GC(36)   Pre Evacuate Collection Set: 0.1ms
[2025-11-29T08:08:17.276+0000][23.762s][info ][gc,phases   ] GC(36)   Merge Heap Roots: 0.2ms
[2025-11-29T08:08:17.276+0000][23.762s][info ][gc,phases   ] GC(36)   Evacuate Collection Set: 4.8ms
[2025-11-29T08:08:17.276+0000][23.762s][info ][gc,phases   ] GC(36)   Post Evacuate Collection Set: 1.5ms
[2025-11-29T08:08:17.277+0000][23.762s][info ][gc,phases   ] GC(36)   Other: 0.6ms
[2025-11-29T08:08:17.277+0000][23.763s][info ][gc,heap     ] GC(36) Eden regions: 107->0(105)
[2025-11-29T08:08:17.277+0000][23.763s][info ][gc,heap     ] GC(36) Survivor regions: 7->8(15)
[2025-11-29T08:08:17.277+0000][23.763s][info ][gc,heap     ] GC(36) Old regions: 71->71
[2025-11-29T08:08:17.278+0000][23.763s][info ][gc,heap     ] GC(36) Archive regions: 2->2
[2025-11-29T08:08:17.278+0000][23.764s][info ][gc,heap     ] GC(36) Humongous regions: 0->0
[2025-11-29T08:08:17.278+0000][23.764s][info ][gc,metaspace] GC(36) Metaspace: 75195K(75776K)->75195K(75776K) NonClass: 65520K(65792K)->65520K(65792K) Class: 9675K(9984K)->9675K(9984K)
[2025-11-29T08:08:17.279+0000][23.764s][info ][gc          ] GC(36) Pause Young (Normal) (G1 Evacuation Pause) 184M->79M(216M) 10.551ms
[2025-11-29T08:08:17.279+0000][23.765s][info ][gc,cpu      ] GC(36) User=0.03s Sys=0.00s Real=0.02s
[2025-11-29T08:08:17.280+0000][23.765s][info ][safepoint   ] Safepoint "G1CollectForAllocation", Time since last: 468028927 ns, Reaching safepoint: 464316 ns, Cleanup: 84255 ns, At safepoint: 11543210 ns, Total: 12091781 ns
[2025-11-29T08:08:17.744+0000][24.229s][debug][safepoint   ] Safepoint synchronization initiated using futex wait barrier. (21 threads)
[2025-11-29T08:08:17.744+0000][24.230s][info ][gc,start    ] GC(37) Pause Young (Normal) (G1 Evacuation Pause)
[2025-11-29T08:08:17.744+0000][24.230s][info ][gc,task     ] GC(37) Using 5 workers of 10 for evacuation
[2025-11-29T08:08:17.752+0000][24.238s][info ][gc,phases   ] GC(37)   Pre Evacuate Collection Set: 0.1ms
[2025-11-29T08:08:17.752+0000][24.238s][info ][gc,phases   ] GC(37)   Merge Heap Roots: 0.1ms
[2025-11-29T08:08:17.753+0000][24.239s][info ][gc,phases   ] GC(37)   Evacuate Collection Set: 5.6ms
[2025-11-29T08:08:17.753+0000][24.239s][info ][gc,phases   ] GC(37)   Post Evacuate Collection Set: 1.7ms
[2025-11-29T08:08:17.753+0000][24.239s][info ][gc,phases   ] GC(37)   Other: 0.5ms
[2025-11-29T08:08:17.754+0000][24.239s][info ][gc,heap     ] GC(37) Eden regions: 105->0(103)
[2025-11-29T08:08:17.754+0000][24.240s][info ][gc,heap     ] GC(37) Survivor regions: 8->9(15)
[2025-11-29T08:08:17.754+0000][24.240s][info ][gc,heap     ] GC(37) Old regions: 71->71
[2025-11-29T08:08:17.755+0000][24.240s][info ][gc,heap     ] GC(37) Archive regions: 2->2
[2025-11-29T08:08:17.755+0000][24.241s][info ][gc,heap     ] GC(37) Humongous regions: 0->0
[2025-11-29T08:08:17.755+0000][24.241s][info ][gc,metaspace] GC(37) Metaspace: 78463K(79040K)->78463K(79040K) NonClass: 68157K(68480K)->68157K(68480K) Class: 10306K(10560K)->10306K(10560K)
[2025-11-29T08:08:17.756+0000][24.241s][info ][gc          ] GC(37) Pause Young (Normal) (G1 Evacuation Pause) 184M->79M(216M) 11.575ms
[2025-11-29T08:08:17.756+0000][24.242s][info ][gc,cpu      ] GC(37) User=0.04s Sys=0.00s Real=0.01s
[2025-11-29T08:08:17.756+0000][24.242s][info ][safepoint   ] Safepoint "G1CollectForAllocation", Time since last: 463989596 ns, Reaching safepoint: 367462 ns, Cleanup: 42988 ns, At safepoint: 12316293 ns, Total: 12726743 ns
[2025-11-29T08:08:18.076+0000][24.561s][debug][safepoint   ] Safepoint synchronization initiated using futex wait barrier. (21 threads)
[2025-11-29T08:08:18.076+0000][24.562s][info ][safepoint   ] Safepoint "ICBufferFull", Time since last: 319320428 ns, Reaching safepoint: 434012 ns, Cleanup: 80080 ns, At safepoint: 21769 ns, Total: 535861 ns
[2025-11-29T08:08:18.145+0000][24.631s][debug][safepoint   ] Safepoint synchronization initiated using futex wait barrier. (22 threads)
[2025-11-29T08:08:18.146+0000][24.632s][info ][safepoint   ] Safepoint "ICBufferFull", Time since last: 68871668 ns, Reaching safepoint: 615824 ns, Cleanup: 87598 ns, At safepoint: 2788 ns, Total: 706210 ns
[2025-11-29T08:08:18.246+0000][24.732s][debug][safepoint   ] Safepoint synchronization initiated using futex wait barrier. (22 threads)
[2025-11-29T08:08:18.247+0000][24.732s][info ][safepoint   ] Safepoint "ICBufferFull", Time since last: 100156322 ns, Reaching safepoint: 460834 ns, Cleanup: 98410 ns, At safepoint: 4610 ns, Total: 563854 ns
[2025-11-29T08:08:18.324+0000][24.810s][debug][safepoint   ] Safepoint synchronization initiated using futex wait barrier. (22 threads)
[2025-11-29T08:08:18.325+0000][24.811s][info ][gc,start    ] GC(38) Pause Young (Normal) (G1 Evacuation Pause)
[2025-11-29T08:08:18.326+0000][24.811s][info ][gc,task     ] GC(38) Using 5 workers of 10 for evacuation
[2025-11-29T08:08:18.334+0000][24.820s][info ][gc,phases   ] GC(38)   Pre Evacuate Collection Set: 0.3ms
[2025-11-29T08:08:18.334+0000][24.820s][info ][gc,phases   ] GC(38)   Merge Heap Roots: 0.2ms
[2025-11-29T08:08:18.335+0000][24.820s][info ][gc,phases   ] GC(38)   Evacuate Collection Set: 6.0ms
[2025-11-29T08:08:18.335+0000][24.821s][info ][gc,phases   ] GC(38)   Post Evacuate Collection Set: 1.4ms
[2025-11-29T08:08:18.336+0000][24.821s][info ][gc,phases   ] GC(38)   Other: 1.3ms
[2025-11-29T08:08:18.336+0000][24.822s][info ][gc,heap     ] GC(38) Eden regions: 103->0(104)
[2025-11-29T08:08:18.337+0000][24.822s][info ][gc,heap     ] GC(38) Survivor regions: 9->7(14)
[2025-11-29T08:08:18.337+0000][24.823s][info ][gc,heap     ] GC(38) Old regions: 71->74
[2025-11-29T08:08:18.337+0000][24.823s][info ][gc,heap     ] GC(38) Archive regions: 2->2
[2025-11-29T08:08:18.338+0000][24.823s][info ][gc,heap     ] GC(38) Humongous regions: 0->0
[2025-11-29T08:08:18.338+0000][24.824s][info ][gc,metaspace] GC(38) Metaspace: 80449K(81024K)->80449K(81024K) NonClass: 69870K(70144K)->69870K(70144K) Class: 10579K(10880K)->10579K(10880K)
[2025-11-29T08:08:18.339+0000][24.824s][info ][gc          ] GC(38) Pause Young (Normal) (G1 Evacuation Pause) 182M->80M(216M) 13.669ms
[2025-11-29T08:08:18.339+0000][24.825s][info ][gc,cpu      ] GC(38) User=0.05s Sys=0.01s Real=0.02s
[2025-11-29T08:08:18.339+0000][24.825s][info ][safepoint   ] Safepoint "G1CollectForAllocation", Time since last: 77615855 ns, Reaching safepoint: 581001 ns, Cleanup: 96430 ns, At safepoint: 14530675 ns, Total: 15208106 ns
[2025-11-29T08:08:18.510+0000][24.996s][debug][safepoint   ] Safepoint synchronization initiated using futex wait barrier. (22 threads)
[2025-11-29T08:08:18.511+0000][24.997s][info ][safepoint   ] Safepoint "ICBufferFull", Time since last: 170410303 ns, Reaching safepoint: 751540 ns, Cleanup: 258685 ns, At safepoint: 17930 ns, Total: 1028155 ns
[2025-11-29T08:08:18.511+0000][24.997s][debug][safepoint   ] Safepoint synchronization initiated using futex wait barrier. (22 threads)
[2025-11-29T08:08:18.512+0000][24.998s][info ][safepoint   ] Safepoint "ICBufferFull", Time since last: 585234 ns, Reaching safepoint: 557976 ns, Cleanup: 13260 ns, At safepoint: 41498 ns, Total: 612734 ns
[2025-11-29T08:08:18.578+0000][25.064s][debug][safepoint   ] Safepoint synchronization initiated using futex wait barrier. (22 threads)
[2025-11-29T08:08:18.579+0000][25.065s][info ][safepoint   ] Safepoint "ICBufferFull", Time since last: 66427094 ns, Reaching safepoint: 642488 ns, Cleanup: 187997 ns, At safepoint: 83363 ns, Total: 913848 ns
[2025-11-29T08:08:18.882+0000][25.368s][debug][safepoint   ] Safepoint synchronization initiated using futex wait barrier. (22 threads)
[2025-11-29T08:08:18.883+0000][25.369s][info ][safepoint   ] Safepoint "ICBufferFull", Time since last: 302859390 ns, Reaching safepoint: 504243 ns, Cleanup: 128287 ns, At safepoint: 39449 ns, Total: 671979 ns
[2025-11-29T08:08:18.904+0000][25.389s][debug][safepoint   ] Safepoint synchronization initiated using futex wait barrier. (22 threads)
[2025-11-29T08:08:18.905+0000][25.391s][info ][gc,start    ] GC(39) Pause Young (Normal) (G1 Evacuation Pause)
[2025-11-29T08:08:18.905+0000][25.391s][info ][gc,task     ] GC(39) Using 5 workers of 10 for evacuation
[2025-11-29T08:08:18.912+0000][25.398s][info ][gc,phases   ] GC(39)   Pre Evacuate Collection Set: 0.3ms
[2025-11-29T08:08:18.913+0000][25.399s][info ][gc,phases   ] GC(39)   Merge Heap Roots: 0.3ms
[2025-11-29T08:08:18.914+0000][25.400s][info ][gc,phases   ] GC(39)   Evacuate Collection Set: 4.6ms
[2025-11-29T08:08:18.914+0000][25.400s][info ][gc,phases   ] GC(39)   Post Evacuate Collection Set: 1.4ms
[2025-11-29T08:08:18.915+0000][25.401s][info ][gc,phases   ] GC(39)   Other: 1.1ms
[2025-11-29T08:08:18.915+0000][25.401s][info ][gc,heap     ] GC(39) Eden regions: 104->0(104)
[2025-11-29T08:08:18.916+0000][25.402s][info ][gc,heap     ] GC(39) Survivor regions: 7->7(14)
[2025-11-29T08:08:18.916+0000][25.402s][info ][gc,heap     ] GC(39) Old regions: 74->74
[2025-11-29T08:08:18.916+0000][25.402s][info ][gc,heap     ] GC(39) Archive regions: 2->2
[2025-11-29T08:08:18.917+0000][25.403s][info ][gc,heap     ] GC(39) Humongous regions: 0->0
[2025-11-29T08:08:18.917+0000][25.403s][info ][gc,metaspace] GC(39) Metaspace: 81359K(81920K)->81359K(81920K) NonClass: 70693K(70976K)->70693K(70976K) Class: 10666K(10944K)->10666K(10944K)
[2025-11-29T08:08:18.917+0000][25.403s][info ][gc          ] GC(39) Pause Young (Normal) (G1 Evacuation Pause) 184M->81M(216M) 12.701ms
[2025-11-29T08:08:18.918+0000][25.404s][info ][gc,cpu      ] GC(39) User=0.02s Sys=0.01s Real=0.01s
[2025-11-29T08:08:18.918+0000][25.404s][info ][safepoint   ] Safepoint "G1CollectForAllocation", Time since last: 20822040 ns, Reaching safepoint: 1061606 ns, Cleanup: 26208 ns, At safepoint: 13509735 ns, Total: 14597549 ns
[2025-11-29T08:08:19.335+0000][25.821s][debug][safepoint   ] Safepoint synchronization initiated using futex wait barrier. (21 threads)
[2025-11-29T08:08:19.336+0000][25.822s][info ][gc,start    ] GC(40) Pause Young (Normal) (G1 Evacuation Pause)
[2025-11-29T08:08:19.337+0000][25.823s][info ][gc,task     ] GC(40) Using 5 workers of 10 for evacuation
[2025-11-29T08:08:19.344+0000][25.830s][info ][gc,phases   ] GC(40)   Pre Evacuate Collection Set: 0.2ms
[2025-11-29T08:08:19.345+0000][25.831s][info ][gc,phases   ] GC(40)   Merge Heap Roots: 0.1ms
[2025-11-29T08:08:19.346+0000][25.831s][info ][gc,phases   ] GC(40)   Evacuate Collection Set: 5.3ms
[2025-11-29T08:08:19.346+0000][25.832s][info ][gc,phases   ] GC(40)   Post Evacuate Collection Set: 1.2ms
[2025-11-29T08:08:19.346+0000][25.832s][info ][gc,phases   ] GC(40)   Other: 1.3ms
[2025-11-29T08:08:19.347+0000][25.833s][info ][gc,heap     ] GC(40) Eden regions: 104->0(100)
[2025-11-29T08:08:19.347+0000][25.833s][info ][gc,heap     ] GC(40) Survivor regions: 7->9(14)
[2025-11-29T08:08:19.348+0000][25.834s][info ][gc,heap     ] GC(40) Old regions: 74->74
[2025-11-29T08:08:19.348+0000][25.834s][info ][gc,heap     ] GC(40) Archive regions: 2->2
[2025-11-29T08:08:19.349+0000][25.834s][info ][gc,heap     ] GC(40) Humongous regions: 0->0
[2025-11-29T08:08:19.349+0000][25.835s][info ][gc,metaspace] GC(40) Metaspace: 84441K(85120K)->84441K(85120K) NonClass: 73315K(73664K)->73315K(73664K) Class: 11126K(11456K)->11126K(11456K)
[2025-11-29T08:08:19.349+0000][25.835s][info ][gc          ] GC(40) Pause Young (Normal) (G1 Evacuation Pause) 185M->83M(216M) 13.093ms
[2025-11-29T08:08:19.350+0000][25.836s][info ][gc,cpu      ] GC(40) User=0.03s Sys=0.00s Real=0.01s
[2025-11-29T08:08:19.350+0000][25.836s][info ][safepoint   ] Safepoint "G1CollectForAllocation", Time since last: 417103123 ns, Reaching safepoint: 669789 ns, Cleanup: 170642 ns, At safepoint: 13952605 ns, Total: 14793036 ns
[2025-11-29T08:08:19.592+0000][26.077s][debug][safepoint   ] Safepoint synchronization initiated using futex wait barrier. (22 threads)
[2025-11-29T08:08:19.593+0000][26.078s][info ][safepoint   ] Safepoint "ICBufferFull", Time since last: 241460166 ns, Reaching safepoint: 769187 ns, Cleanup: 148036 ns, At safepoint: 99764 ns, Total: 1016987 ns
[2025-11-29T08:08:19.739+0000][26.224s][debug][safepoint   ] Safepoint synchronization initiated using futex wait barrier. (22 threads)
[2025-11-29T08:08:19.739+0000][26.225s][info ][gc,start    ] GC(41) Pause Young (Normal) (G1 Evacuation Pause)
[2025-11-29T08:08:19.740+0000][26.226s][info ][gc,task     ] GC(41) Using 5 workers of 10 for evacuation
[2025-11-29T08:08:19.750+0000][26.236s][info ][gc,phases   ] GC(41)   Pre Evacuate Collection Set: 0.2ms
[2025-11-29T08:08:19.751+0000][26.237s][info ][gc,phases   ] GC(41)   Merge Heap Roots: 0.3ms
[2025-11-29T08:08:19.752+0000][26.237s][info ][gc,phases   ] GC(41)   Evacuate Collection Set: 7.6ms
[2025-11-29T08:08:19.752+0000][26.238s][info ][gc,phases   ] GC(41)   Post Evacuate Collection Set: 1.8ms
[2025-11-29T08:08:19.753+0000][26.238s][info ][gc,phases   ] GC(41)   Other: 1.2ms
[2025-11-29T08:08:19.753+0000][26.239s][info ][gc,heap     ] GC(41) Eden regions: 100->0(97)
[2025-11-29T08:08:19.754+0000][26.239s][info ][gc,heap     ] GC(41) Survivor regions: 9->9(14)
[2025-11-29T08:08:19.754+0000][26.240s][info ][gc,heap     ] GC(41) Old regions: 74->77
[2025-11-29T08:08:19.755+0000][26.240s][info ][gc,heap     ] GC(41) Archive regions: 2->2
[2025-11-29T08:08:19.755+0000][26.241s][info ][gc,heap     ] GC(41) Humongous regions: 0->0
[2025-11-29T08:08:19.755+0000][26.241s][info ][gc,metaspace] GC(41) Metaspace: 85957K(86592K)->85957K(86592K) NonClass: 74682K(75008K)->74682K(75008K) Class: 11274K(11584K)->11274K(11584K)
[2025-11-29T08:08:19.756+0000][26.242s][info ][gc          ] GC(41) Pause Young (Normal) (G1 Evacuation Pause) 183M->85M(216M) 16.510ms
[2025-11-29T08:08:19.756+0000][26.242s][info ][gc,cpu      ] GC(41) User=0.07s Sys=0.00s Real=0.01s
[2025-11-29T08:08:19.757+0000][26.243s][info ][safepoint   ] Safepoint "G1CollectForAllocation", Time since last: 145932146 ns, Reaching safepoint: 766405 ns, Cleanup: 66578 ns, At safepoint: 17608504 ns, Total: 18441487 ns
[2025-11-29T08:08:20.459+0000][26.945s][debug][safepoint   ] Safepoint synchronization initiated using futex wait barrier. (22 threads)
[2025-11-29T08:08:20.460+0000][26.946s][info ][gc,start    ] GC(42) Pause Young (Normal) (G1 Evacuation Pause)
[2025-11-29T08:08:20.460+0000][26.946s][info ][gc,task     ] GC(42) Using 5 workers of 10 for evacuation
[2025-11-29T08:08:20.468+0000][26.954s][info ][gc,phases   ] GC(42)   Pre Evacuate Collection Set: 0.1ms
[2025-11-29T08:08:20.469+0000][26.955s][info ][gc,phases   ] GC(42)   Merge Heap Roots: 0.2ms
[2025-11-29T08:08:20.469+0000][26.955s][info ][gc,phases   ] GC(42)   Evacuate Collection Set: 6.1ms
[2025-11-29T08:08:20.469+0000][26.955s][info ][gc,phases   ] GC(42)   Post Evacuate Collection Set: 1.3ms
[2025-11-29T08:08:20.470+0000][26.956s][info ][gc,phases   ] GC(42)   Other: 1.0ms
[2025-11-29T08:08:20.470+0000][26.956s][info ][gc,heap     ] GC(42) Eden regions: 97->0(96)
[2025-11-29T08:08:20.471+0000][26.957s][info ][gc,heap     ] GC(42) Survivor regions: 9->9(14)
[2025-11-29T08:08:20.472+0000][26.957s][info ][gc,heap     ] GC(42) Old regions: 77->78
[2025-11-29T08:08:20.472+0000][26.958s][info ][gc,heap     ] GC(42) Archive regions: 2->2
[2025-11-29T08:08:20.473+0000][26.958s][info ][gc,heap     ] GC(42) Humongous regions: 0->0
[2025-11-29T08:08:20.474+0000][26.959s][info ][gc,metaspace] GC(42) Metaspace: 90047K(90624K)->90047K(90624K) NonClass: 78083K(78400K)->78083K(78400K) Class: 11964K(12224K)->11964K(12224K)
[2025-11-29T08:08:20.474+0000][26.960s][info ][gc          ] GC(42) Pause Young (Normal) (G1 Evacuation Pause) 182M->86M(216M) 14.373ms
[2025-11-29T08:08:20.475+0000][26.961s][info ][gc,cpu      ] GC(42) User=0.04s Sys=0.00s Real=0.01s
[2025-11-29T08:08:20.475+0000][26.961s][info ][safepoint   ] Safepoint "G1CollectForAllocation", Time since last: 702000206 ns, Reaching safepoint: 683450 ns, Cleanup: 116758 ns, At safepoint: 15469846 ns, Total: 16270054 ns
[2025-11-29T08:08:20.817+0000][27.303s][debug][safepoint   ] Safepoint synchronization initiated using futex wait barrier. (22 threads)
[2025-11-29T08:08:20.817+0000][27.303s][info ][safepoint   ] Safepoint "ICBufferFull", Time since last: 341484280 ns, Reaching safepoint: 510740 ns, Cleanup: 90568 ns, At safepoint: 48485 ns, Total: 649793 ns
[2025-11-29T08:08:20.836+0000][27.322s][debug][safepoint   ] Safepoint synchronization initiated using futex wait barrier. (21 threads)
[2025-11-29T08:08:20.837+0000][27.323s][info ][gc,start    ] GC(43) Pause Young (Normal) (G1 Evacuation Pause)
[2025-11-29T08:08:20.838+0000][27.324s][info ][gc,task     ] GC(43) Using 5 workers of 10 for evacuation
[2025-11-29T08:08:20.857+0000][27.343s][info ][gc,phases   ] GC(43)   Pre Evacuate Collection Set: 0.2ms
[2025-11-29T08:08:20.857+0000][27.343s][info ][gc,phases   ] GC(43)   Merge Heap Roots: 0.2ms
[2025-11-29T08:08:20.857+0000][27.343s][info ][gc,phases   ] GC(43)   Evacuate Collection Set: 16.6ms
[2025-11-29T08:08:20.858+0000][27.343s][info ][gc,phases   ] GC(43)   Post Evacuate Collection Set: 1.5ms
[2025-11-29T08:08:20.858+0000][27.344s][info ][gc,phases   ] GC(43)   Other: 1.0ms
[2025-11-29T08:08:20.858+0000][27.344s][info ][gc,heap     ] GC(43) Eden regions: 96->0(65)
[2025-11-29T08:08:20.858+0000][27.344s][info ][gc,heap     ] GC(43) Survivor regions: 9->14(14)
[2025-11-29T08:08:20.859+0000][27.345s][info ][gc,heap     ] GC(43) Old regions: 78->89
[2025-11-29T08:08:20.859+0000][27.345s][info ][gc,heap     ] GC(43) Archive regions: 2->2
[2025-11-29T08:08:20.860+0000][27.346s][info ][gc,heap     ] GC(43) Humongous regions: 1->1
[2025-11-29T08:08:20.860+0000][27.346s][info ][gc,metaspace] GC(43) Metaspace: 91101K(91776K)->91101K(91776K) NonClass: 78937K(79296K)->78937K(79296K) Class: 12164K(12480K)->12164K(12480K)
[2025-11-29T08:08:20.861+0000][27.347s][info ][gc          ] GC(43) Pause Young (Normal) (G1 Evacuation Pause) 183M->104M(216M) 23.490ms
[2025-11-29T08:08:20.861+0000][27.347s][info ][gc,cpu      ] GC(43) User=0.10s Sys=0.01s Real=0.03s
[2025-11-29T08:08:20.862+0000][27.348s][info ][safepoint   ] Safepoint "G1CollectForAllocation", Time since last: 19053404 ns, Reaching safepoint: 870560 ns, Cleanup: 21883 ns, At safepoint: 24442299 ns, Total: 25334742 ns
[2025-11-29T08:08:20.994+0000][27.480s][debug][safepoint   ] Safepoint synchronization initiated using futex wait barrier. (21 threads)
[2025-11-29T08:08:20.995+0000][27.481s][info ][gc,start    ] GC(44) Pause Young (Normal) (G1 Evacuation Pause)
[2025-11-29T08:08:20.995+0000][27.481s][info ][gc,task     ] GC(44) Using 5 workers of 10 for evacuation
[2025-11-29T08:08:21.013+0000][27.499s][info ][gc,phases   ] GC(44)   Pre Evacuate Collection Set: 0.2ms
[2025-11-29T08:08:21.014+0000][27.500s][info ][gc,phases   ] GC(44)   Merge Heap Roots: 0.2ms
[2025-11-29T08:08:21.014+0000][27.500s][info ][gc,phases   ] GC(44)   Evacuate Collection Set: 15.5ms
[2025-11-29T08:08:21.015+0000][27.501s][info ][gc,phases   ] GC(44)   Post Evacuate Collection Set: 1.7ms
[2025-11-29T08:08:21.015+0000][27.501s][info ][gc,phases   ] GC(44)   Other: 0.9ms
[2025-11-29T08:08:21.015+0000][27.501s][info ][gc,heap     ] GC(44) Eden regions: 65->0(59)
[2025-11-29T08:08:21.016+0000][27.501s][info ][gc,heap     ] GC(44) Survivor regions: 14->7(10)
[2025-11-29T08:08:21.016+0000][27.502s][info ][gc,heap     ] GC(44) Old regions: 89->104
[2025-11-29T08:08:21.016+0000][27.502s][info ][gc,heap     ] GC(44) Archive regions: 2->2
[2025-11-29T08:08:21.017+0000][27.502s][info ][gc,heap     ] GC(44) Humongous regions: 1->1
[2025-11-29T08:08:21.017+0000][27.503s][info ][gc,metaspace] GC(44) Metaspace: 91125K(91776K)->91125K(91776K) NonClass: 78961K(79296K)->78961K(79296K) Class: 12164K(12480K)->12164K(12480K)
[2025-11-29T08:08:21.017+0000][27.503s][info ][gc          ] GC(44) Pause Young (Normal) (G1 Evacuation Pause) 169M->112M(216M) 22.293ms
[2025-11-29T08:08:21.017+0000][27.503s][info ][gc,cpu      ] GC(44) User=0.12s Sys=0.00s Real=0.02s
[2025-11-29T08:08:21.018+0000][27.504s][info ][safepoint   ] Safepoint "G1CollectForAllocation", Time since last: 132094930 ns, Reaching safepoint: 826976 ns, Cleanup: 43484 ns, At safepoint: 23061778 ns, Total: 23932238 ns
[2025-11-29T08:08:21.208+0000][27.694s][debug][safepoint   ] Safepoint synchronization initiated using futex wait barrier. (21 threads)
[2025-11-29T08:08:21.209+0000][27.695s][info ][gc,start    ] GC(45) Pause Young (Normal) (G1 Evacuation Pause)
[2025-11-29T08:08:21.209+0000][27.695s][info ][gc,task     ] GC(45) Using 5 workers of 10 for evacuation
[2025-11-29T08:08:21.216+0000][27.702s][info ][gc,phases   ] GC(45)   Pre Evacuate Collection Set: 0.3ms
[2025-11-29T08:08:21.217+0000][27.703s][info ][gc,phases   ] GC(45)   Merge Heap Roots: 0.2ms
[2025-11-29T08:08:21.217+0000][27.703s][info ][gc,phases   ] GC(45)   Evacuate Collection Set: 4.6ms
[2025-11-29T08:08:21.218+0000][27.703s][info ][gc,phases   ] GC(45)   Post Evacuate Collection Set: 1.2ms
[2025-11-29T08:08:21.218+0000][27.704s][info ][gc,phases   ] GC(45)   Other: 1.2ms
[2025-11-29T08:08:21.218+0000][27.704s][info ][gc,heap     ] GC(45) Eden regions: 59->0(64)
[2025-11-29T08:08:21.219+0000][27.705s][info ][gc,heap     ] GC(45) Survivor regions: 7->2(9)
[2025-11-29T08:08:21.220+0000][27.705s][info ][gc,heap     ] GC(45) Old regions: 104->107
[2025-11-29T08:08:21.220+0000][27.706s][info ][gc,heap     ] GC(45) Archive regions: 2->2
[2025-11-29T08:08:21.221+0000][27.707s][info ][gc,heap     ] GC(45) Humongous regions: 1->1
[2025-11-29T08:08:21.221+0000][27.707s][info ][gc,metaspace] GC(45) Metaspace: 92613K(93184K)->92613K(93184K) NonClass: 80137K(80448K)->80137K(80448K) Class: 12476K(12736K)->12476K(12736K)
[2025-11-29T08:08:21.222+0000][27.708s][info ][gc          ] GC(45) Pause Young (Normal) (G1 Evacuation Pause) 171M->109M(216M) 13.132ms
[2025-11-29T08:08:21.222+0000][27.708s][info ][gc,cpu      ] GC(45) User=0.04s Sys=0.00s Real=0.02s
[2025-11-29T08:08:21.223+0000][27.709s][info ][safepoint   ] Safepoint "G1CollectForAllocation", Time since last: 190104633 ns, Reaching safepoint: 765924 ns, Cleanup: 26665 ns, At safepoint: 14132004 ns, Total: 14924593 ns
[2025-11-29T08:08:21.389+0000][27.875s][debug][safepoint   ] Safepoint synchronization initiated using futex wait barrier. (21 threads)
[2025-11-29T08:08:21.390+0000][27.876s][info ][gc,start    ] GC(46) Pause Young (Normal) (G1 Evacuation Pause)
[2025-11-29T08:08:21.390+0000][27.876s][info ][gc,task     ] GC(46) Using 5 workers of 10 for evacuation
[2025-11-29T08:08:21.399+0000][27.885s][info ][gc,phases   ] GC(46)   Pre Evacuate Collection Set: 0.2ms
[2025-11-29T08:08:21.400+0000][27.885s][info ][gc,phases   ] GC(46)   Merge Heap Roots: 0.2ms
[2025-11-29T08:08:21.400+0000][27.886s][info ][gc,phases   ] GC(46)   Evacuate Collection Set: 6.0ms
[2025-11-29T08:08:21.400+0000][27.886s][info ][gc,phases   ] GC(46)   Post Evacuate Collection Set: 1.6ms
[2025-11-29T08:08:21.401+0000][27.887s][info ][gc,phases   ] GC(46)   Other: 1.1ms
[2025-11-29T08:08:21.401+0000][27.887s][info ][gc,heap     ] GC(46) Eden regions: 64->0(58)
[2025-11-29T08:08:21.402+0000][27.887s][info ][gc,heap     ] GC(46) Survivor regions: 2->8(9)
[2025-11-29T08:08:21.402+0000][27.888s][info ][gc,heap     ] GC(46) Old regions: 107->107
[2025-11-29T08:08:21.403+0000][27.888s][info ][gc,heap     ] GC(46) Archive regions: 2->2
[2025-11-29T08:08:21.403+0000][27.889s][info ][gc,heap     ] GC(46) Humongous regions: 1->1
[2025-11-29T08:08:21.404+0000][27.890s][info ][gc,metaspace] GC(46) Metaspace: 92895K(93504K)->92895K(93504K) NonClass: 80355K(80704K)->80355K(80704K) Class: 12540K(12800K)->12540K(12800K)
[2025-11-29T08:08:21.404+0000][27.890s][info ][gc          ] GC(46) Pause Young (Normal) (G1 Evacuation Pause) 173M->115M(216M) 14.618ms
[2025-11-29T08:08:21.405+0000][27.891s][info ][gc,cpu      ] GC(46) User=0.07s Sys=0.00s Real=0.02s
[2025-11-29T08:08:21.405+0000][27.891s][info ][safepoint   ] Safepoint "G1CollectForAllocation", Time since last: 165982463 ns, Reaching safepoint: 831597 ns, Cleanup: 113982 ns, At safepoint: 15465122 ns, Total: 16410701 ns
[2025-11-29T08:08:21.553+0000][28.038s][debug][safepoint   ] Safepoint synchronization initiated using futex wait barrier. (21 threads)
[2025-11-29T08:08:21.553+0000][28.039s][info ][gc,start    ] GC(47) Pause Young (Normal) (G1 Evacuation Pause)
[2025-11-29T08:08:21.554+0000][28.040s][info ][gc,task     ] GC(47) Using 5 workers of 10 for evacuation
[2025-11-29T08:08:21.577+0000][28.063s][info ][gc,phases   ] GC(47)   Pre Evacuate Collection Set: 0.1ms
[2025-11-29T08:08:21.578+0000][28.064s][info ][gc,phases   ] GC(47)   Merge Heap Roots: 0.1ms
[2025-11-29T08:08:21.578+0000][28.064s][info ][gc,phases   ] GC(47)   Evacuate Collection Set: 19.3ms
[2025-11-29T08:08:21.578+0000][28.064s][info ][gc,phases   ] GC(47)   Post Evacuate Collection Set: 3.6ms
[2025-11-29T08:08:21.579+0000][28.065s][info ][gc,phases   ] GC(47)   Other: 1.1ms
[2025-11-29T08:08:21.579+0000][28.065s][info ][gc,heap     ] GC(47) Eden regions: 58->0(99)
[2025-11-29T08:08:21.579+0000][28.065s][info ][gc,heap     ] GC(47) Survivor regions: 8->9(9)
[2025-11-29T08:08:21.580+0000][28.066s][info ][gc,heap     ] GC(47) Old regions: 107->128
[2025-11-29T08:08:21.580+0000][28.066s][info ][gc,heap     ] GC(47) Archive regions: 2->2
[2025-11-29T08:08:21.580+0000][28.066s][info ][gc,heap     ] GC(47) Humongous regions: 2->2
[2025-11-29T08:08:21.581+0000][28.067s][info ][gc,metaspace] GC(47) Metaspace: 92895K(93504K)->92895K(93504K) NonClass: 80355K(80704K)->80355K(80704K) Class: 12540K(12800K)->12540K(12800K)
[2025-11-29T08:08:21.581+0000][28.067s][info ][gc          ] GC(47) Pause Young (Normal) (G1 Evacuation Pause) 174M->139M(334M) 27.918ms
[2025-11-29T08:08:21.582+0000][28.067s][info ][gc,cpu      ] GC(47) User=0.13s Sys=0.00s Real=0.03s
[2025-11-29T08:08:21.582+0000][28.068s][info ][safepoint   ] Safepoint "G1CollectForAllocation", Time since last: 147267291 ns, Reaching safepoint: 606832 ns, Cleanup: 32932 ns, At safepoint: 28734020 ns, Total: 29373784 ns
[2025-11-29T08:08:21.799+0000][28.285s][debug][safepoint   ] Safepoint synchronization initiated using futex wait barrier. (21 threads)
[2025-11-29T08:08:21.800+0000][28.285s][info ][gc,start    ] GC(48) Pause Young (Normal) (G1 Evacuation Pause)
[2025-11-29T08:08:21.800+0000][28.286s][info ][gc,task     ] GC(48) Using 8 workers of 10 for evacuation
[2025-11-29T08:08:21.825+0000][28.311s][info ][gc,phases   ] GC(48)   Pre Evacuate Collection Set: 0.4ms
[2025-11-29T08:08:21.825+0000][28.311s][info ][gc,phases   ] GC(48)   Merge Heap Roots: 0.3ms
[2025-11-29T08:08:21.825+0000][28.311s][info ][gc,phases   ] GC(48)   Evacuate Collection Set: 22.9ms
[2025-11-29T08:08:21.826+0000][28.311s][info ][gc,phases   ] GC(48)   Post Evacuate Collection Set: 0.8ms
[2025-11-29T08:08:21.826+0000][28.312s][info ][gc,phases   ] GC(48)   Other: 0.8ms
[2025-11-29T08:08:21.826+0000][28.312s][info ][gc,heap     ] GC(48) Eden regions: 99->0(67)
[2025-11-29T08:08:21.826+0000][28.312s][info ][gc,heap     ] GC(48) Survivor regions: 9->14(14)
[2025-11-29T08:08:21.826+0000][28.312s][info ][gc,heap     ] GC(48) Old regions: 128->162
[2025-11-29T08:08:21.827+0000][28.313s][info ][gc,heap     ] GC(48) Archive regions: 2->2
[2025-11-29T08:08:21.827+0000][28.313s][info ][gc,heap     ] GC(48) Humongous regions: 5->5
[2025-11-29T08:08:21.827+0000][28.313s][info ][gc,metaspace] GC(48) Metaspace: 92908K(93504K)->92908K(93504K) NonClass: 80368K(80704K)->80368K(80704K) Class: 12540K(12800K)->12540K(12800K)
[2025-11-29T08:08:21.827+0000][28.313s][info ][gc          ] GC(48) Pause Young (Normal) (G1 Evacuation Pause) 241M->181M(334M) 27.714ms
[2025-11-29T08:08:21.828+0000][28.313s][info ][gc,cpu      ] GC(48) User=0.16s Sys=0.02s Real=0.02s
[2025-11-29T08:08:21.828+0000][28.314s][info ][safepoint   ] Safepoint "G1CollectForAllocation", Time since last: 217051563 ns, Reaching safepoint: 590788 ns, Cleanup: 59999 ns, At safepoint: 28178833 ns, Total: 28829620 ns
[2025-11-29T08:08:21.910+0000][28.396s][debug][safepoint   ] Safepoint synchronization initiated using futex wait barrier. (21 threads)
[2025-11-29T08:08:21.911+0000][28.397s][info ][gc,start    ] GC(49) Pause Young (Normal) (G1 Evacuation Pause)
[2025-11-29T08:08:21.912+0000][28.397s][info ][gc,task     ] GC(49) Using 8 workers of 10 for evacuation
[2025-11-29T08:08:21.925+0000][28.411s][info ][gc,phases   ] GC(49)   Pre Evacuate Collection Set: 0.4ms
[2025-11-29T08:08:21.926+0000][28.411s][info ][gc,phases   ] GC(49)   Merge Heap Roots: 0.3ms
[2025-11-29T08:08:21.926+0000][28.412s][info ][gc,phases   ] GC(49)   Evacuate Collection Set: 11.4ms
[2025-11-29T08:08:21.926+0000][28.412s][info ][gc,phases   ] GC(49)   Post Evacuate Collection Set: 0.8ms
[2025-11-29T08:08:21.926+0000][28.412s][info ][gc,phases   ] GC(49)   Other: 1.0ms
[2025-11-29T08:08:21.927+0000][28.413s][info ][gc,heap     ] GC(49) Eden regions: 67->0(68)
[2025-11-29T08:08:21.927+0000][28.413s][info ][gc,heap     ] GC(49) Survivor regions: 14->5(11)
[2025-11-29T08:08:21.927+0000][28.413s][info ][gc,heap     ] GC(49) Old regions: 162->178
[2025-11-29T08:08:21.928+0000][28.413s][info ][gc,heap     ] GC(49) Archive regions: 2->2
[2025-11-29T08:08:21.928+0000][28.414s][info ][gc,heap     ] GC(49) Humongous regions: 5->5
[2025-11-29T08:08:21.928+0000][28.414s][info ][gc,metaspace] GC(49) Metaspace: 93246K(93888K)->93246K(93888K) NonClass: 80692K(81024K)->80692K(81024K) Class: 12554K(12864K)->12554K(12864K)
[2025-11-29T08:08:21.928+0000][28.414s][info ][gc          ] GC(49) Pause Young (Normal) (G1 Evacuation Pause) 248M->188M(334M) 17.213ms
[2025-11-29T08:08:21.929+0000][28.415s][info ][gc,cpu      ] GC(49) User=0.09s Sys=0.00s Real=0.01s
[2025-11-29T08:08:21.929+0000][28.415s][info ][safepoint   ] Safepoint "G1CollectForAllocation", Time since last: 82704007 ns, Reaching safepoint: 722028 ns, Cleanup: 19206 ns, At safepoint: 17819890 ns, Total: 18561124 ns
[2025-11-29T08:08:22.256+0000][28.742s][debug][safepoint   ] Safepoint synchronization initiated using futex wait barrier. (22 threads)
[2025-11-29T08:08:22.257+0000][28.743s][info ][gc,start    ] GC(50) Pause Young (Normal) (G1 Evacuation Pause)
[2025-11-29T08:08:22.258+0000][28.743s][info ][gc,task     ] GC(50) Using 8 workers of 10 for evacuation
[2025-11-29T08:08:22.263+0000][28.748s][info ][gc,phases   ] GC(50)   Pre Evacuate Collection Set: 0.3ms
[2025-11-29T08:08:22.263+0000][28.749s][info ][gc,phases   ] GC(50)   Merge Heap Roots: 0.2ms
[2025-11-29T08:08:22.264+0000][28.749s][info ][gc,phases   ] GC(50)   Evacuate Collection Set: 2.8ms
[2025-11-29T08:08:22.264+0000][28.750s][info ][gc,phases   ] GC(50)   Post Evacuate Collection Set: 1.2ms
[2025-11-29T08:08:22.264+0000][28.750s][info ][gc,phases   ] GC(50)   Other: 1.2ms
[2025-11-29T08:08:22.265+0000][28.750s][info ][gc,heap     ] GC(50) Eden regions: 68->0(73)
[2025-11-29T08:08:22.265+0000][28.751s][info ][gc,heap     ] GC(50) Survivor regions: 5->4(10)
[2025-11-29T08:08:22.265+0000][28.751s][info ][gc,heap     ] GC(50) Old regions: 178->178
[2025-11-29T08:08:22.266+0000][28.751s][info ][gc,heap     ] GC(50) Archive regions: 2->2
[2025-11-29T08:08:22.266+0000][28.752s][info ][gc,heap     ] GC(50) Humongous regions: 5->5
[2025-11-29T08:08:22.266+0000][28.752s][info ][gc,metaspace] GC(50) Metaspace: 96695K(97280K)->96695K(97280K) NonClass: 83609K(83904K)->83609K(83904K) Class: 13085K(13376K)->13085K(13376K)
[2025-11-29T08:08:22.267+0000][28.752s][info ][gc          ] GC(50) Pause Young (Normal) (G1 Evacuation Pause) 256M->187M(334M) 9.628ms
[2025-11-29T08:08:22.267+0000][28.753s][info ][gc,cpu      ] GC(50) User=0.03s Sys=0.01s Real=0.01s
[2025-11-29T08:08:22.267+0000][28.753s][info ][safepoint   ] Safepoint "G1CollectForAllocation", Time since last: 327155317 ns, Reaching safepoint: 634422 ns, Cleanup: 73987 ns, At safepoint: 10435498 ns, Total: 11143907 ns
[2025-11-29T08:08:22.925+0000][29.411s][debug][safepoint   ] Safepoint synchronization initiated using futex wait barrier. (22 threads)
[2025-11-29T08:08:22.926+0000][29.412s][info ][gc,start    ] GC(51) Pause Young (Normal) (G1 Evacuation Pause)
[2025-11-29T08:08:22.927+0000][29.412s][info ][gc,task     ] GC(51) Using 8 workers of 10 for evacuation
[2025-11-29T08:08:22.933+0000][29.419s][info ][gc,phases   ] GC(51)   Pre Evacuate Collection Set: 0.3ms
[2025-11-29T08:08:22.933+0000][29.419s][info ][gc,phases   ] GC(51)   Merge Heap Roots: 0.3ms
[2025-11-29T08:08:22.934+0000][29.419s][info ][gc,phases   ] GC(51)   Evacuate Collection Set: 3.6ms
[2025-11-29T08:08:22.934+0000][29.420s][info ][gc,phases   ] GC(51)   Post Evacuate Collection Set: 1.5ms
[2025-11-29T08:08:22.934+0000][29.420s][info ][gc,phases   ] GC(51)   Other: 0.8ms
[2025-11-29T08:08:22.935+0000][29.421s][info ][gc,heap     ] GC(51) Eden regions: 73->0(77)
[2025-11-29T08:08:22.935+0000][29.421s][info ][gc,heap     ] GC(51) Survivor regions: 4->6(10)
[2025-11-29T08:08:22.936+0000][29.421s][info ][gc,heap     ] GC(51) Old regions: 178->178
[2025-11-29T08:08:22.936+0000][29.422s][info ][gc,heap     ] GC(51) Archive regions: 2->2
[2025-11-29T08:08:22.936+0000][29.422s][info ][gc,heap     ] GC(51) Humongous regions: 5->5
[2025-11-29T08:08:22.937+0000][29.422s][info ][gc,metaspace] GC(51) Metaspace: 99859K(100416K)->99859K(100416K) NonClass: 86369K(86656K)->86369K(86656K) Class: 13489K(13760K)->13489K(13760K)
[2025-11-29T08:08:22.937+0000][29.423s][info ][gc          ] GC(51) Pause Young (Normal) (G1 Evacuation Pause) 260M->188M(334M) 10.793ms
[2025-11-29T08:08:22.938+0000][29.423s][info ][gc,cpu      ] GC(51) User=0.07s Sys=0.00s Real=0.01s
[2025-11-29T08:08:22.938+0000][29.424s][info ][safepoint   ] Safepoint "G1CollectForAllocation", Time since last: 658094866 ns, Reaching safepoint: 575873 ns, Cleanup: 206884 ns, At safepoint: 12060640 ns, Total: 12843397 ns
[2025-11-29T08:08:23.136+0000][29.622s][debug][safepoint   ] ... found polling page loop exception at pc = 0x00007ef7e13261b5, stub =0x00007ef7e0adb400
[2025-11-29T08:08:23.401+0000][29.886s][debug][safepoint   ] Safepoint synchronization initiated using futex wait barrier. (22 threads)
[2025-11-29T08:08:23.402+0000][29.887s][info ][gc,start    ] GC(52) Pause Young (Concurrent Start) (Metadata GC Threshold)
[2025-11-29T08:08:23.402+0000][29.888s][info ][gc,task     ] GC(52) Using 8 workers of 10 for evacuation
[2025-11-29T08:08:23.410+0000][29.895s][info ][gc,phases   ] GC(52)   Pre Evacuate Collection Set: 0.6ms
[2025-11-29T08:08:23.410+0000][29.896s][info ][gc,phases   ] GC(52)   Merge Heap Roots: 0.4ms
[2025-11-29T08:08:23.410+0000][29.896s][info ][gc,phases   ] GC(52)   Evacuate Collection Set: 3.9ms
[2025-11-29T08:08:23.411+0000][29.897s][info ][gc,phases   ] GC(52)   Post Evacuate Collection Set: 1.8ms
[2025-11-29T08:08:23.411+0000][29.897s][info ][gc,phases   ] GC(52)   Other: 1.4ms
[2025-11-29T08:08:23.412+0000][29.897s][info ][gc,heap     ] GC(52) Eden regions: 38->0(80)
[2025-11-29T08:08:23.412+0000][29.898s][info ][gc,heap     ] GC(52) Survivor regions: 6->7(11)
[2025-11-29T08:08:23.412+0000][29.898s][info ][gc,heap     ] GC(52) Old regions: 178->178
[2025-11-29T08:08:23.413+0000][29.898s][info ][gc,heap     ] GC(52) Archive regions: 2->2
[2025-11-29T08:08:23.413+0000][29.899s][info ][gc,heap     ] GC(52) Humongous regions: 5->5
[2025-11-29T08:08:23.413+0000][29.899s][info ][gc,metaspace] GC(52) Metaspace: 100744K(101376K)->100744K(101376K) NonClass: 87176K(87488K)->87176K(87488K) Class: 13567K(13888K)->13567K(13888K)
[2025-11-29T08:08:23.414+0000][29.899s][info ][gc          ] GC(52) Pause Young (Concurrent Start) (Metadata GC Threshold) 226M->190M(334M) 11.939ms
[2025-11-29T08:08:23.414+0000][29.900s][info ][gc,cpu      ] GC(52) User=0.07s Sys=0.00s Real=0.01s
[2025-11-29T08:08:23.414+0000][29.900s][info ][gc          ] GC(53) Concurrent Mark Cycle
[2025-11-29T08:08:23.415+0000][29.901s][info ][gc,marking  ] GC(53) Concurrent Clear Claimed Marks
[2025-11-29T08:08:23.414+0000][29.900s][info ][safepoint   ] Safepoint "CollectForMetadataAllocation", Time since last: 462365035 ns, Reaching safepoint: 718809 ns, Cleanup: 149067 ns, At safepoint: 12767669 ns, Total: 13635545 ns
[2025-11-29T08:08:23.415+0000][29.901s][info ][gc,marking  ] GC(53) Concurrent Clear Claimed Marks 0.587ms
[2025-11-29T08:08:23.416+0000][29.902s][info ][gc,marking  ] GC(53) Concurrent Scan Root Regions
[2025-11-29T08:08:23.420+0000][29.905s][info ][gc,marking  ] GC(53) Concurrent Scan Root Regions 3.541ms
[2025-11-29T08:08:23.420+0000][29.906s][info ][gc,marking  ] GC(53) Concurrent Mark
[2025-11-29T08:08:23.420+0000][29.906s][info ][gc,marking  ] GC(53) Concurrent Mark From Roots
[2025-11-29T08:08:23.421+0000][29.907s][info ][gc,task     ] GC(53) Using 3 workers of 3 for marking
[2025-11-29T08:08:23.485+0000][29.971s][info ][gc,marking  ] GC(53) Concurrent Mark From Roots 64.613ms
[2025-11-29T08:08:23.486+0000][29.971s][info ][gc,marking  ] GC(53) Concurrent Preclean
[2025-11-29T08:08:23.487+0000][29.972s][info ][gc,marking  ] GC(53) Concurrent Preclean 0.900ms
[2025-11-29T08:08:23.488+0000][29.974s][debug][safepoint   ] Safepoint synchronization initiated using futex wait barrier. (22 threads)
[2025-11-29T08:08:23.488+0000][29.974s][debug][safepoint   ] ... found polling page loop exception at pc = 0x00007ef7e167e07e, stub =0x00007ef7e0adb400
[2025-11-29T08:08:23.489+0000][29.975s][info ][gc,start    ] GC(53) Pause Remark
[2025-11-29T08:08:23.496+0000][29.982s][info ][gc          ] GC(53) Pause Remark 197M->148M(334M) 7.072ms
[2025-11-29T08:08:23.496+0000][29.982s][info ][gc,cpu      ] GC(53) User=0.05s Sys=0.01s Real=0.01s
[2025-11-29T08:08:23.497+0000][29.983s][info ][safepoint   ] Safepoint "G1PauseRemark", Time since last: 73419783 ns, Reaching safepoint: 914831 ns, Cleanup: 51002 ns, At safepoint: 8283726 ns, Total: 9249559 ns
[2025-11-29T08:08:23.497+0000][29.983s][info ][gc,marking  ] GC(53) Concurrent Mark 77.415ms
[2025-11-29T08:08:23.498+0000][29.984s][info ][gc,marking  ] GC(53) Concurrent Rebuild Remembered Sets
[2025-11-29T08:08:23.534+0000][30.020s][info ][gc,marking  ] GC(53) Concurrent Rebuild Remembered Sets 35.863ms
[2025-11-29T08:08:23.534+0000][30.020s][debug][safepoint   ] Safepoint synchronization initiated using futex wait barrier. (22 threads)
[2025-11-29T08:08:23.535+0000][30.021s][info ][gc,start    ] GC(53) Pause Cleanup
[2025-11-29T08:08:23.536+0000][30.022s][info ][gc          ] GC(53) Pause Cleanup 151M->151M(334M) 0.736ms
[2025-11-29T08:08:23.536+0000][30.022s][info ][gc,cpu      ] GC(53) User=0.01s Sys=0.00s Real=0.00s
[2025-11-29T08:08:23.537+0000][30.023s][info ][safepoint   ] Safepoint "G1PauseCleanup", Time since last: 37459094 ns, Reaching safepoint: 664142 ns, Cleanup: 18822 ns, At safepoint: 1786375 ns, Total: 2469339 ns
[2025-11-29T08:08:23.537+0000][30.023s][info ][gc,marking  ] GC(53) Concurrent Cleanup for Next Mark
[2025-11-29T08:08:23.540+0000][30.026s][info ][gc,marking  ] GC(53) Concurrent Cleanup for Next Mark 2.321ms
[2025-11-29T08:08:23.540+0000][30.026s][info ][gc          ] GC(53) Concurrent Mark Cycle 126.079ms
[2025-11-29T08:08:24.233+0000][30.719s][debug][safepoint   ] Safepoint synchronization initiated using futex wait barrier. (22 threads)
[2025-11-29T08:08:24.234+0000][30.720s][info ][gc,start    ] GC(54) Pause Young (Prepare Mixed) (G1 Evacuation Pause)
[2025-11-29T08:08:24.235+0000][30.720s][info ][gc,task     ] GC(54) Using 8 workers of 10 for evacuation
[2025-11-29T08:08:24.241+0000][30.727s][info ][gc,phases   ] GC(54)   Pre Evacuate Collection Set: 0.2ms
[2025-11-29T08:08:24.242+0000][30.727s][info ][gc,phases   ] GC(54)   Merge Heap Roots: 0.2ms
[2025-11-29T08:08:24.242+0000][30.728s][info ][gc,phases   ] GC(54)   Evacuate Collection Set: 4.7ms
[2025-11-29T08:08:24.242+0000][30.728s][info ][gc,phases   ] GC(54)   Post Evacuate Collection Set: 1.3ms
[2025-11-29T08:08:24.242+0000][30.728s][info ][gc,phases   ] GC(54)   Other: 0.7ms
[2025-11-29T08:08:24.243+0000][30.728s][info ][gc,heap     ] GC(54) Eden regions: 80->0(9)
[2025-11-29T08:08:24.243+0000][30.729s][info ][gc,heap     ] GC(54) Survivor regions: 7->7(11)
[2025-11-29T08:08:24.243+0000][30.729s][info ][gc,heap     ] GC(54) Old regions: 134->137
[2025-11-29T08:08:24.243+0000][30.729s][info ][gc,heap     ] GC(54) Archive regions: 2->2
[2025-11-29T08:08:24.243+0000][30.729s][info ][gc,heap     ] GC(54) Humongous regions: 0->0
[2025-11-29T08:08:24.244+0000][30.729s][info ][gc,metaspace] GC(54) Metaspace: 102016K(102656K)->102016K(102656K) NonClass: 88351K(88704K)->88351K(88704K) Class: 13665K(13952K)->13665K(13952K)
[2025-11-29T08:08:24.244+0000][30.729s][info ][gc          ] GC(54) Pause Young (Prepare Mixed) (G1 Evacuation Pause) 221M->143M(334M) 9.535ms
[2025-11-29T08:08:24.244+0000][30.730s][info ][gc,cpu      ] GC(54) User=0.05s Sys=0.00s Real=0.01s
[2025-11-29T08:08:24.245+0000][30.730s][info ][safepoint   ] Safepoint "G1CollectForAllocation", Time since last: 696582448 ns, Reaching safepoint: 488692 ns, Cleanup: 166160 ns, At safepoint: 10400498 ns, Total: 11055350 ns
[2025-11-29T08:08:24.332+0000][30.817s][debug][safepoint   ] Safepoint synchronization initiated using futex wait barrier. (22 threads)
[2025-11-29T08:08:24.332+0000][30.818s][info ][gc,start    ] GC(55) Pause Young (Mixed) (G1 Evacuation Pause)
[2025-11-29T08:08:24.333+0000][30.819s][info ][gc,task     ] GC(55) Using 8 workers of 10 for evacuation
[2025-11-29T08:08:24.342+0000][30.828s][info ][gc,phases   ] GC(55)   Pre Evacuate Collection Set: 0.6ms
[2025-11-29T08:08:24.342+0000][30.828s][info ][gc,phases   ] GC(55)   Merge Heap Roots: 0.3ms
[2025-11-29T08:08:24.343+0000][30.829s][info ][gc,phases   ] GC(55)   Evacuate Collection Set: 5.9ms
[2025-11-29T08:08:24.343+0000][30.829s][info ][gc,phases   ] GC(55)   Post Evacuate Collection Set: 1.9ms
[2025-11-29T08:08:24.344+0000][30.829s][info ][gc,phases   ] GC(55)   Other: 1.0ms
[2025-11-29T08:08:24.344+0000][30.830s][info ][gc,heap     ] GC(55) Eden regions: 9->0(14)
[2025-11-29T08:08:24.344+0000][30.830s][info ][gc,heap     ] GC(55) Survivor regions: 7->2(2)
[2025-11-29T08:08:24.345+0000][30.830s][info ][gc,heap     ] GC(55) Old regions: 137->109
[2025-11-29T08:08:24.345+0000][30.831s][info ][gc,heap     ] GC(55) Archive regions: 2->2
[2025-11-29T08:08:24.345+0000][30.831s][info ][gc,heap     ] GC(55) Humongous regions: 0->0
[2025-11-29T08:08:24.346+0000][30.831s][info ][gc,metaspace] GC(55) Metaspace: 102148K(102784K)->102148K(102784K) NonClass: 88477K(88832K)->88477K(88832K) Class: 13670K(13952K)->13670K(13952K)
[2025-11-29T08:08:24.346+0000][30.832s][info ][gc          ] GC(55) Pause Young (Mixed) (G1 Evacuation Pause) 152M->111M(334M) 13.501ms
[2025-11-29T08:08:24.346+0000][30.832s][info ][gc,cpu      ] GC(55) User=0.08s Sys=0.00s Real=0.01s
[2025-11-29T08:08:24.346+0000][30.832s][info ][safepoint   ] Safepoint "G1CollectForAllocation", Time since last: 87156382 ns, Reaching safepoint: 549711 ns, Cleanup: 19536 ns, At safepoint: 14192120 ns, Total: 14761367 ns
[2025-11-29T08:08:24.465+0000][30.951s][debug][safepoint   ] Safepoint synchronization initiated using futex wait barrier. (22 threads)
[2025-11-29T08:08:24.466+0000][30.952s][info ][gc,start    ] GC(56) Pause Young (Mixed) (G1 Evacuation Pause)
[2025-11-29T08:08:24.466+0000][30.952s][info ][gc,task     ] GC(56) Using 8 workers of 10 for evacuation
[2025-11-29T08:08:24.474+0000][30.959s][info ][gc,phases   ] GC(56)   Pre Evacuate Collection Set: 0.4ms
[2025-11-29T08:08:24.474+0000][30.960s][info ][gc,phases   ] GC(56)   Merge Heap Roots: 0.3ms
[2025-11-29T08:08:24.475+0000][30.960s][info ][gc,phases   ] GC(56)   Evacuate Collection Set: 2.2ms
[2025-11-29T08:08:24.475+0000][30.961s][info ][gc,phases   ] GC(56)   Post Evacuate Collection Set: 3.6ms
[2025-11-29T08:08:24.476+0000][30.962s][info ][gc,phases   ] GC(56)   Other: 1.0ms
[2025-11-29T08:08:24.476+0000][30.962s][info ][gc,heap     ] GC(56) Eden regions: 14->0(353)
[2025-11-29T08:08:24.476+0000][30.962s][info ][gc,heap     ] GC(56) Survivor regions: 2->2(2)
[2025-11-29T08:08:24.477+0000][30.962s][info ][gc,heap     ] GC(56) Old regions: 109->107
[2025-11-29T08:08:24.477+0000][30.963s][info ][gc,heap     ] GC(56) Archive regions: 2->2
[2025-11-29T08:08:24.477+0000][30.963s][info ][gc,heap     ] GC(56) Humongous regions: 0->0
[2025-11-29T08:08:24.478+0000][30.963s][info ][gc,metaspace] GC(56) Metaspace: 102415K(103040K)->102415K(103040K) NonClass: 88721K(89024K)->88721K(89024K) Class: 13693K(14016K)->13693K(14016K)
[2025-11-29T08:08:24.478+0000][30.964s][info ][gc          ] GC(56) Pause Young (Mixed) (G1 Evacuation Pause) 125M->108M(657M) 11.851ms
[2025-11-29T08:08:24.478+0000][30.964s][info ][gc,cpu      ] GC(56) User=0.04s Sys=0.00s Real=0.01s
[2025-11-29T08:08:24.479+0000][30.964s][info ][safepoint   ] Safepoint "G1CollectForAllocation", Time since last: 118914042 ns, Reaching safepoint: 562467 ns, Cleanup: 24228 ns, At safepoint: 12586864 ns, Total: 13173559 ns
[2025-11-29T08:08:25.554+0000][32.040s][debug][safepoint   ] Safepoint synchronization initiated using futex wait barrier. (26 threads)
[2025-11-29T08:08:25.555+0000][32.041s][info ][safepoint   ] Safepoint "Cleanup", Time since last: 1075817582 ns, Reaching safepoint: 978987 ns, Cleanup: 96759 ns, At safepoint: 31738 ns, Total: 1107484 ns
[2025-11-29T08:08:26.945+0000][33.431s][debug][safepoint   ] Safepoint synchronization initiated using futex wait barrier. (31 threads)
[2025-11-29T08:08:26.946+0000][33.432s][info ][safepoint   ] Safepoint "Cleanup", Time since last: 1389720698 ns, Reaching safepoint: 834500 ns, Cleanup: 87318 ns, At safepoint: 36377 ns, Total: 958195 ns
[2025-11-29T08:08:27.596+0000][34.082s][debug][safepoint   ] Safepoint synchronization initiated using futex wait barrier. (34 threads)
[2025-11-29T08:08:27.597+0000][34.083s][info ][gc,start    ] GC(57) Pause Young (Normal) (G1 Evacuation Pause)
[2025-11-29T08:08:27.598+0000][34.083s][info ][gc,task     ] GC(57) Using 10 workers of 10 for evacuation
[2025-11-29T08:08:27.609+0000][34.095s][info ][gc,phases   ] GC(57)   Pre Evacuate Collection Set: 0.6ms
[2025-11-29T08:08:27.610+0000][34.095s][info ][gc,phases   ] GC(57)   Merge Heap Roots: 0.4ms
[2025-11-29T08:08:27.610+0000][34.096s][info ][gc,phases   ] GC(57)   Evacuate Collection Set: 7.1ms
[2025-11-29T08:08:27.610+0000][34.096s][info ][gc,phases   ] GC(57)   Post Evacuate Collection Set: 2.8ms
[2025-11-29T08:08:27.611+0000][34.097s][info ][gc,phases   ] GC(57)   Other: 1.3ms
[2025-11-29T08:08:27.611+0000][34.097s][info ][gc,heap     ] GC(57) Eden regions: 353->0(384)
[2025-11-29T08:08:27.612+0000][34.097s][info ][gc,heap     ] GC(57) Survivor regions: 2->10(45)
[2025-11-29T08:08:27.612+0000][34.098s][info ][gc,heap     ] GC(57) Old regions: 107->107
[2025-11-29T08:08:27.612+0000][34.098s][info ][gc,heap     ] GC(57) Archive regions: 2->2
[2025-11-29T08:08:27.613+0000][34.098s][info ][gc,heap     ] GC(57) Humongous regions: 0->0
[2025-11-29T08:08:27.613+0000][34.099s][info ][gc,metaspace] GC(57) Metaspace: 111740K(112512K)->111740K(112512K) NonClass: 97050K(97472K)->97050K(97472K) Class: 14690K(15040K)->14690K(15040K)
[2025-11-29T08:08:27.613+0000][34.099s][info ][gc          ] GC(57) Pause Young (Normal) (G1 Evacuation Pause) 461M->117M(657M) 16.396ms
[2025-11-29T08:08:27.614+0000][34.100s][info ][gc,cpu      ] GC(57) User=0.07s Sys=0.01s Real=0.02s
[2025-11-29T08:08:27.614+0000][34.100s][info ][safepoint   ] Safepoint "G1CollectForAllocation", Time since last: 650015366 ns, Reaching safepoint: 715785 ns, Cleanup: 111324 ns, At safepoint: 17249186 ns, Total: 18076295 ns
[2025-11-29T08:08:28.399+0000][34.884s][debug][safepoint   ] Safepoint synchronization initiated using futex wait barrier. (37 threads)
[2025-11-29T08:08:28.400+0000][34.886s][info ][safepoint   ] Safepoint "ICBufferFull", Time since last: 784353766 ns, Reaching safepoint: 1048593 ns, Cleanup: 168936 ns, At safepoint: 85760 ns, Total: 1303289 ns
[2025-11-29T08:08:29.573+0000][36.058s][debug][safepoint   ] Safepoint synchronization initiated using futex wait barrier. (41 threads)
[2025-11-29T08:08:29.573+0000][36.059s][info ][safepoint   ] Safepoint "Cleanup", Time since last: 1172671762 ns, Reaching safepoint: 641633 ns, Cleanup: 180155 ns, At safepoint: 53248 ns, Total: 875036 ns
[2025-11-29T08:08:29.945+0000][36.431s][debug][safepoint   ] Safepoint synchronization initiated using futex wait barrier. (42 threads)
[2025-11-29T08:08:29.946+0000][36.432s][info ][safepoint   ] Safepoint "ICBufferFull", Time since last: 371396317 ns, Reaching safepoint: 950409 ns, Cleanup: 138944 ns, At safepoint: 14130 ns, Total: 1103483 ns
[2025-11-29T08:08:30.417+0000][36.906s][debug][safepoint   ] Safepoint synchronization initiated using futex wait barrier. (41 threads)
[2025-11-29T08:08:30.418+0000][36.906s][info ][safepoint   ] Safepoint "ICBufferFull", Time since last: 473812180 ns, Reaching safepoint: 578579 ns, Cleanup: 100727 ns, At safepoint: 3422 ns, Total: 682728 ns
[2025-11-29T08:08:30.697+0000][37.186s][debug][safepoint   ] Safepoint synchronization initiated using futex wait barrier. (41 threads)
[2025-11-29T08:08:30.698+0000][37.186s][info ][gc,start    ] GC(58) Pause Young (Normal) (G1 Evacuation Pause)
[2025-11-29T08:08:30.698+0000][37.187s][info ][gc,task     ] GC(58) Using 10 workers of 10 for evacuation
[2025-11-29T08:08:30.712+0000][37.201s][info ][gc,phases   ] GC(58)   Pre Evacuate Collection Set: 0.5ms
[2025-11-29T08:08:30.713+0000][37.201s][info ][gc,phases   ] GC(58)   Merge Heap Roots: 0.3ms
[2025-11-29T08:08:30.713+0000][37.202s][info ][gc,phases   ] GC(58)   Evacuate Collection Set: 8.5ms
[2025-11-29T08:08:30.714+0000][37.202s][info ][gc,phases   ] GC(58)   Post Evacuate Collection Set: 3.8ms
[2025-11-29T08:08:30.715+0000][37.203s][info ][gc,phases   ] GC(58)   Other: 1.2ms
[2025-11-29T08:08:30.715+0000][37.203s][info ][gc,heap     ] GC(58) Eden regions: 384->0(376)
[2025-11-29T08:08:30.715+0000][37.204s][info ][gc,heap     ] GC(58) Survivor regions: 10->18(50)
[2025-11-29T08:08:30.716+0000][37.204s][info ][gc,heap     ] GC(58) Old regions: 107->107
[2025-11-29T08:08:30.716+0000][37.205s][info ][gc,heap     ] GC(58) Archive regions: 2->2
[2025-11-29T08:08:30.717+0000][37.205s][info ][gc,heap     ] GC(58) Humongous regions: 0->0
[2025-11-29T08:08:30.717+0000][37.206s][info ][gc,metaspace] GC(58) Metaspace: 121079K(121792K)->121079K(121792K) NonClass: 105451K(105792K)->105451K(105792K) Class: 15628K(16000K)->15628K(16000K)
[2025-11-29T08:08:30.718+0000][37.206s][info ][gc          ] GC(58) Pause Young (Normal) (G1 Evacuation Pause) 501M->124M(657M) 19.840ms
[2025-11-29T08:08:30.718+0000][37.207s][info ][gc,cpu      ] GC(58) User=0.11s Sys=0.01s Real=0.02s
[2025-11-29T08:08:30.719+0000][37.207s][info ][safepoint   ] Safepoint "G1CollectForAllocation", Time since last: 279570765 ns, Reaching safepoint: 410454 ns, Cleanup: 60451 ns, At safepoint: 20941908 ns, Total: 21412813 ns
[2025-11-29T08:08:31.698+0000][38.187s][debug][safepoint   ] Safepoint synchronization initiated using futex wait barrier. (46 threads)
[2025-11-29T08:08:31.699+0000][38.188s][info ][safepoint   ] Safepoint "ICBufferFull", Time since last: 979630279 ns, Reaching safepoint: 816119 ns, Cleanup: 175753 ns, At safepoint: 71335 ns, Total: 1063207 ns
[2025-11-29T08:08:32.820+0000][39.308s][debug][safepoint   ] Safepoint synchronization initiated using futex wait barrier. (53 threads)
[2025-11-29T08:08:32.821+0000][39.309s][info ][safepoint   ] Safepoint "ICBufferFull", Time since last: 1120481038 ns, Reaching safepoint: 533651 ns, Cleanup: 157920 ns, At safepoint: 43923 ns, Total: 735494 ns
[2025-11-29T08:08:33.231+0000][39.719s][debug][safepoint   ] Safepoint synchronization initiated using futex wait barrier. (57 threads)
[2025-11-29T08:08:33.232+0000][39.720s][info ][gc,start    ] GC(59) Pause Young (Normal) (G1 Evacuation Pause)
[2025-11-29T08:08:33.232+0000][39.721s][info ][gc,task     ] GC(59) Using 10 workers of 10 for evacuation
[2025-11-29T08:08:33.247+0000][39.736s][info ][gc,phases   ] GC(59)   Pre Evacuate Collection Set: 0.4ms
[2025-11-29T08:08:33.248+0000][39.737s][info ][gc,phases   ] GC(59)   Merge Heap Roots: 0.3ms
[2025-11-29T08:08:33.249+0000][39.737s][info ][gc,phases   ] GC(59)   Evacuate Collection Set: 11.2ms
[2025-11-29T08:08:33.250+0000][39.738s][info ][gc,phases   ] GC(59)   Post Evacuate Collection Set: 2.6ms
[2025-11-29T08:08:33.250+0000][39.739s][info ][gc,phases   ] GC(59)   Other: 1.3ms
[2025-11-29T08:08:33.251+0000][39.739s][info ][gc,heap     ] GC(59) Eden regions: 376->0(366)
[2025-11-29T08:08:33.251+0000][39.740s][info ][gc,heap     ] GC(59) Survivor regions: 18->28(50)
[2025-11-29T08:08:33.252+0000][39.740s][info ][gc,heap     ] GC(59) Old regions: 107->107
[2025-11-29T08:08:33.253+0000][39.741s][info ][gc,heap     ] GC(59) Archive regions: 2->2
[2025-11-29T08:08:33.253+0000][39.742s][info ][gc,heap     ] GC(59) Humongous regions: 1->0
[2025-11-29T08:08:33.254+0000][39.742s][info ][gc,metaspace] GC(59) Metaspace: 135370K(136512K)->135370K(136512K) NonClass: 118185K(118784K)->118185K(118784K) Class: 17184K(17728K)->17184K(17728K)
[2025-11-29T08:08:33.254+0000][39.743s][info ][gc          ] GC(59) Pause Young (Normal) (G1 Evacuation Pause) 501M->135M(657M) 22.447ms
[2025-11-29T08:08:33.255+0000][39.743s][info ][gc,cpu      ] GC(59) User=0.12s Sys=0.00s Real=0.02s
[2025-11-29T08:08:33.256+0000][39.744s][info ][safepoint   ] Safepoint "G1CollectForAllocation", Time since last: 410028224 ns, Reaching safepoint: 926784 ns, Cleanup: 84638 ns, At safepoint: 23864610 ns, Total: 24876032 ns
[2025-11-29T08:08:34.310+0000][40.798s][debug][safepoint   ] Safepoint synchronization initiated using futex wait barrier. (57 threads)
[2025-11-29T08:08:34.316+0000][40.805s][info ][safepoint   ] Safepoint "Cleanup", Time since last: 1054423359 ns, Reaching safepoint: 5638685 ns, Cleanup: 229442 ns, At safepoint: 227922 ns, Total: 6096049 ns
[2025-11-29T08:08:35.317+0000][41.806s][debug][safepoint   ] Safepoint synchronization initiated using futex wait barrier. (57 threads)
[2025-11-29T08:08:35.318+0000][41.807s][info ][safepoint   ] Safepoint "Cleanup", Time since last: 1001213030 ns, Reaching safepoint: 645655 ns, Cleanup: 69249 ns, At safepoint: 56075 ns, Total: 770979 ns
[2025-11-29T08:08:35.575+0000][42.063s][debug][safepoint   ] Safepoint synchronization initiated using futex wait barrier. (57 threads)
[2025-11-29T08:08:35.576+0000][42.064s][info ][gc,start    ] GC(60) Pause Young (Normal) (G1 Evacuation Pause)
[2025-11-29T08:08:35.577+0000][42.065s][info ][gc,task     ] GC(60) Using 10 workers of 10 for evacuation
[2025-11-29T08:08:35.602+0000][42.090s][info ][gc,phases   ] GC(60)   Pre Evacuate Collection Set: 0.6ms
[2025-11-29T08:08:35.602+0000][42.091s][info ][gc,phases   ] GC(60)   Merge Heap Roots: 0.6ms
[2025-11-29T08:08:35.603+0000][42.092s][info ][gc,phases   ] GC(60)   Evacuate Collection Set: 19.9ms
[2025-11-29T08:08:35.604+0000][42.092s][info ][gc,phases   ] GC(60)   Post Evacuate Collection Set: 3.4ms
[2025-11-29T08:08:35.604+0000][42.093s][info ][gc,phases   ] GC(60)   Other: 1.5ms
[2025-11-29T08:08:35.605+0000][42.093s][info ][gc,heap     ] GC(60) Eden regions: 366->0(363)
[2025-11-29T08:08:35.606+0000][42.094s][info ][gc,heap     ] GC(60) Survivor regions: 28->31(50)
[2025-11-29T08:08:35.606+0000][42.094s][info ][gc,heap     ] GC(60) Old regions: 107->115
[2025-11-29T08:08:35.606+0000][42.095s][info ][gc,heap     ] GC(60) Archive regions: 2->2
[2025-11-29T08:08:35.607+0000][42.095s][info ][gc,heap     ] GC(60) Humongous regions: 0->0
[2025-11-29T08:08:35.607+0000][42.096s][info ][gc,metaspace] GC(60) Metaspace: 142789K(143936K)->142789K(143936K) NonClass: 125299K(125888K)->125299K(125888K) Class: 17490K(18048K)->17490K(18048K)
[2025-11-29T08:08:35.608+0000][42.096s][info ][gc          ] GC(60) Pause Young (Normal) (G1 Evacuation Pause) 501M->146M(657M) 31.722ms
[2025-11-29T08:08:35.608+0000][42.096s][info ][gc,cpu      ] GC(60) User=0.24s Sys=0.01s Real=0.03s
[2025-11-29T08:08:35.609+0000][42.097s][info ][safepoint   ] Safepoint "G1CollectForAllocation", Time since last: 256951952 ns, Reaching safepoint: 720650 ns, Cleanup: 47808 ns, At safepoint: 32731545 ns, Total: 33500003 ns
[2025-11-29T08:08:36.350+0000][42.838s][info ][cds,heap    ] initialize_from_archived_subgraph jdk.internal.math.FDBigInteger 0x00007ef77714dd58
[2025-11-29T08:08:36.921+0000][43.410s][debug][safepoint   ] Safepoint synchronization initiated using futex wait barrier. (64 threads)
[2025-11-29T08:08:36.922+0000][43.410s][debug][safepoint   ] ... found polling page loop exception at pc = 0x00007ef7e11f8079, stub =0x00007ef7e0adb400
[2025-11-29T08:08:36.923+0000][43.411s][info ][safepoint   ] Safepoint "Cleanup", Time since last: 1312755944 ns, Reaching safepoint: 1155963 ns, Cleanup: 134360 ns, At safepoint: 99551 ns, Total: 1389874 ns
[2025-11-29T08:08:38.065+0000][44.553s][debug][safepoint   ] Safepoint synchronization initiated using futex wait barrier. (77 threads)
[2025-11-29T08:08:38.065+0000][44.554s][info ][safepoint   ] Safepoint "Cleanup", Time since last: 1141809489 ns, Reaching safepoint: 646919 ns, Cleanup: 93772 ns, At safepoint: 16746 ns, Total: 757437 ns
[2025-11-29T08:08:38.071+0000][44.559s][debug][safepoint   ] Safepoint synchronization initiated using futex wait barrier. (77 threads)
[2025-11-29T08:08:38.071+0000][44.560s][info ][gc,start    ] GC(61) Pause Young (Normal) (G1 Evacuation Pause)
[2025-11-29T08:08:38.072+0000][44.561s][info ][gc,task     ] GC(61) Using 10 workers of 10 for evacuation
[2025-11-29T08:08:38.091+0000][44.580s][info ][gc,phases   ] GC(61)   Pre Evacuate Collection Set: 0.2ms
[2025-11-29T08:08:38.092+0000][44.580s][info ][gc,phases   ] GC(61)   Merge Heap Roots: 0.4ms
[2025-11-29T08:08:38.093+0000][44.581s][info ][gc,phases   ] GC(61)   Evacuate Collection Set: 13.9ms
[2025-11-29T08:08:38.093+0000][44.582s][info ][gc,phases   ] GC(61)   Post Evacuate Collection Set: 3.5ms
[2025-11-29T08:08:38.094+0000][44.582s][info ][gc,phases   ] GC(61)   Other: 1.8ms
[2025-11-29T08:08:38.095+0000][44.583s][info ][gc,heap     ] GC(61) Eden regions: 363->0(363)
[2025-11-29T08:08:38.095+0000][44.584s][info ][gc,heap     ] GC(61) Survivor regions: 31->31(50)
[2025-11-29T08:08:38.096+0000][44.584s][info ][gc,heap     ] GC(61) Old regions: 115->122
[2025-11-29T08:08:38.096+0000][44.585s][info ][gc,heap     ] GC(61) Archive regions: 2->2
[2025-11-29T08:08:38.097+0000][44.585s][info ][gc,heap     ] GC(61) Humongous regions: 0->0
[2025-11-29T08:08:38.098+0000][44.586s][info ][gc,metaspace] GC(61) Metaspace: 153240K(154368K)->153240K(154368K) NonClass: 134480K(135040K)->134480K(135040K) Class: 18760K(19328K)->18760K(19328K)
[2025-11-29T08:08:38.098+0000][44.587s][info ][gc          ] GC(61) Pause Young (Normal) (G1 Evacuation Pause) 509M->153M(657M) 26.774ms
[2025-11-29T08:08:38.099+0000][44.587s][info ][gc,cpu      ] GC(61) User=0.15s Sys=0.00s Real=0.03s
[2025-11-29T08:08:38.100+0000][44.588s][info ][safepoint   ] Safepoint "G1CollectForAllocation", Time since last: 5315368 ns, Reaching safepoint: 737563 ns, Cleanup: 19934 ns, At safepoint: 28160539 ns, Total: 28918036 ns
[2025-11-29T08:08:38.896+0000][45.384s][debug][safepoint   ] Safepoint synchronization initiated using futex wait barrier. (78 threads)
[2025-11-29T08:08:38.897+0000][45.386s][info ][safepoint   ] Safepoint "ICBufferFull", Time since last: 796290737 ns, Reaching safepoint: 1172682 ns, Cleanup: 195597 ns, At safepoint: 96068 ns, Total: 1464347 ns
[2025-11-29T08:08:39.786+0000][46.274s][debug][safepoint   ] ... found polling page loop exception at pc = 0x00007ef7e1121f74, stub =0x00007ef7e0adb400
[2025-11-29T08:08:39.987+0000][46.475s][debug][safepoint   ] Safepoint synchronization initiated using futex wait barrier. (77 threads)
[2025-11-29T08:08:39.988+0000][46.476s][info ][gc,start    ] GC(62) Pause Young (Normal) (G1 Evacuation Pause)
[2025-11-29T08:08:39.988+0000][46.477s][info ][gc,task     ] GC(62) Using 10 workers of 10 for evacuation
[2025-11-29T08:08:40.006+0000][46.495s][info ][gc,phases   ] GC(62)   Pre Evacuate Collection Set: 0.2ms
[2025-11-29T08:08:40.007+0000][46.496s][info ][gc,phases   ] GC(62)   Merge Heap Roots: 0.2ms
[2025-11-29T08:08:40.008+0000][46.496s][info ][gc,phases   ] GC(62)   Evacuate Collection Set: 14.2ms
[2025-11-29T08:08:40.009+0000][46.497s][info ][gc,phases   ] GC(62)   Post Evacuate Collection Set: 3.0ms
[2025-11-29T08:08:40.009+0000][46.498s][info ][gc,phases   ] GC(62)   Other: 1.2ms
[2025-11-29T08:08:40.010+0000][46.498s][info ][gc,heap     ] GC(62) Eden regions: 363->0(364)
[2025-11-29T08:08:40.010+0000][46.498s][info ][gc,heap     ] GC(62) Survivor regions: 31->30(50)
[2025-11-29T08:08:40.010+0000][46.499s][info ][gc,heap     ] GC(62) Old regions: 122->132
[2025-11-29T08:08:40.011+0000][46.499s][info ][gc,heap     ] GC(62) Archive regions: 2->2
[2025-11-29T08:08:40.011+0000][46.500s][info ][gc,heap     ] GC(62) Humongous regions: 0->0
[2025-11-29T08:08:40.012+0000][46.500s][info ][gc,metaspace] GC(62) Metaspace: 157658K(158848K)->157658K(158848K) NonClass: 138262K(138880K)->138262K(138880K) Class: 19395K(19968K)->19395K(19968K)
[2025-11-29T08:08:40.013+0000][46.501s][info ][gc          ] GC(62) Pause Young (Normal) (G1 Evacuation Pause) 516M->161M(657M) 24.923ms
[2025-11-29T08:08:40.013+0000][46.502s][info ][gc,cpu      ] GC(62) User=0.14s Sys=0.00s Real=0.03s
[2025-11-29T08:08:40.014+0000][46.502s][info ][safepoint   ] Safepoint "G1CollectForAllocation", Time since last: 1089471130 ns, Reaching safepoint: 745736 ns, Cleanup: 125512 ns, At safepoint: 26060834 ns, Total: 26932082 ns
[2025-11-29T08:08:41.101+0000][47.589s][debug][safepoint   ] Safepoint synchronization initiated using futex wait barrier. (90 threads)
[2025-11-29T08:08:41.101+0000][47.590s][debug][safepoint   ] ... found polling page loop exception at pc = 0x00007ef7e12c0b49, stub =0x00007ef7e0adb400
[2025-11-29T08:08:41.102+0000][47.590s][info ][safepoint   ] Safepoint "Cleanup", Time since last: 1086922836 ns, Reaching safepoint: 1298393 ns, Cleanup: 103018 ns, At safepoint: 14781 ns, Total: 1416192 ns
[2025-11-29T08:08:41.710+0000][48.198s][debug][safepoint   ] Safepoint synchronization initiated using futex wait barrier. (131 threads)
[2025-11-29T08:08:41.711+0000][48.199s][info ][safepoint   ] Safepoint "ICBufferFull", Time since last: 607510161 ns, Reaching safepoint: 799461 ns, Cleanup: 227460 ns, At safepoint: 44870 ns, Total: 1071791 ns
[2025-11-29T08:08:41.858+0000][48.346s][debug][safepoint   ] Safepoint synchronization initiated using futex wait barrier. (131 threads)
[2025-11-29T08:08:41.858+0000][48.347s][info ][gc,start    ] GC(63) Pause Young (Normal) (G1 Evacuation Pause)
[2025-11-29T08:08:41.859+0000][48.348s][info ][gc,task     ] GC(63) Using 10 workers of 10 for evacuation
[2025-11-29T08:08:41.886+0000][48.374s][info ][gc,phases   ] GC(63)   Pre Evacuate Collection Set: 0.4ms
[2025-11-29T08:08:41.887+0000][48.375s][info ][gc,phases   ] GC(63)   Merge Heap Roots: 0.4ms
[2025-11-29T08:08:41.887+0000][48.376s][info ][gc,phases   ] GC(63)   Evacuate Collection Set: 21.6ms
[2025-11-29T08:08:41.888+0000][48.376s][info ][gc,phases   ] GC(63)   Post Evacuate Collection Set: 4.0ms
[2025-11-29T08:08:41.888+0000][48.377s][info ][gc,phases   ] GC(63)   Other: 1.4ms
[2025-11-29T08:08:41.889+0000][48.377s][info ][gc,heap     ] GC(63) Eden regions: 364->0(368)
[2025-11-29T08:08:41.889+0000][48.377s][info ][gc,heap     ] GC(63) Survivor regions: 30->26(50)
[2025-11-29T08:08:41.889+0000][48.378s][info ][gc,heap     ] GC(63) Old regions: 132->144
[2025-11-29T08:08:41.890+0000][48.378s][info ][gc,heap     ] GC(63) Archive regions: 2->2
[2025-11-29T08:08:41.890+0000][48.378s][info ][gc,heap     ] GC(63) Humongous regions: 0->0
[2025-11-29T08:08:41.890+0000][48.379s][info ][gc,metaspace] GC(63) Metaspace: 164221K(165440K)->164221K(165440K) NonClass: 143919K(144512K)->143919K(144512K) Class: 20301K(20928K)->20301K(20928K)
[2025-11-29T08:08:41.891+0000][48.379s][info ][gc          ] GC(63) Pause Young (Normal) (G1 Evacuation Pause) 525M->170M(657M) 32.481ms
[2025-11-29T08:08:41.891+0000][48.380s][info ][gc,cpu      ] GC(63) User=0.28s Sys=0.00s Real=0.03s
[2025-11-29T08:08:41.893+0000][48.381s][info ][safepoint   ] Safepoint "G1CollectForAllocation", Time since last: 147233445 ns, Reaching safepoint: 368222 ns, Cleanup: 76250 ns, At safepoint: 34457688 ns, Total: 34902160 ns
[2025-11-29T08:08:42.405+0000][48.893s][debug][safepoint   ] Safepoint synchronization initiated using futex wait barrier. (132 threads)
[2025-11-29T08:08:42.406+0000][48.894s][info ][gc,start    ] GC(64) Pause Young (Normal) (G1 Evacuation Pause)
[2025-11-29T08:08:42.406+0000][48.895s][info ][gc,task     ] GC(64) Using 10 workers of 10 for evacuation
[2025-11-29T08:08:42.453+0000][48.942s][info ][gc,phases   ] GC(64)   Pre Evacuate Collection Set: 0.3ms
[2025-11-29T08:08:42.454+0000][48.942s][info ][gc,phases   ] GC(64)   Merge Heap Roots: 0.3ms
[2025-11-29T08:08:42.454+0000][48.943s][info ][gc,phases   ] GC(64)   Evacuate Collection Set: 43.7ms
[2025-11-29T08:08:42.455+0000][48.944s][info ][gc,phases   ] GC(64)   Post Evacuate Collection Set: 2.2ms
[2025-11-29T08:08:42.456+0000][48.944s][info ][gc,phases   ] GC(64)   Other: 1.2ms
[2025-11-29T08:08:42.456+0000][48.945s][info ][gc,heap     ] GC(64) Eden regions: 368->0(280)
[2025-11-29T08:08:42.457+0000][48.945s][info ][gc,heap     ] GC(64) Survivor regions: 26->50(50)
[2025-11-29T08:08:42.457+0000][48.946s][info ][gc,heap     ] GC(64) Old regions: 144->185
[2025-11-29T08:08:42.458+0000][48.946s][info ][gc,heap     ] GC(64) Archive regions: 2->2
[2025-11-29T08:08:42.458+0000][48.947s][info ][gc,heap     ] GC(64) Humongous regions: 4->4
[2025-11-29T08:08:42.459+0000][48.947s][info ][gc,metaspace] GC(64) Metaspace: 167052K(168320K)->167052K(168320K) NonClass: 146374K(147072K)->146374K(147072K) Class: 20678K(21248K)->20678K(21248K)
[2025-11-29T08:08:42.459+0000][48.948s][info ][gc          ] GC(64) Pause Young (Normal) (G1 Evacuation Pause) 542M->239M(657M) 53.550ms
[2025-11-29T08:08:42.460+0000][48.948s][info ][gc,cpu      ] GC(64) User=0.44s Sys=0.02s Real=0.06s
[2025-11-29T08:08:42.461+0000][48.949s][info ][safepoint   ] Safepoint "G1CollectForAllocation", Time since last: 512244459 ns, Reaching safepoint: 614091 ns, Cleanup: 68996 ns, At safepoint: 55149277 ns, Total: 55832364 ns
[2025-11-29T08:08:42.622+0000][49.111s][debug][safepoint   ] Safepoint synchronization initiated using futex wait barrier. (146 threads)
[2025-11-29T08:08:42.623+0000][49.111s][debug][safepoint   ] ... found polling page loop exception at pc = 0x00007ef7e1d5ac3c, stub =0x00007ef7e0adb400
[2025-11-29T08:08:42.623+0000][49.112s][info ][gc,start    ] GC(65) Pause Young (Concurrent Start) (Metadata GC Threshold)
[2025-11-29T08:08:42.624+0000][49.113s][info ][gc,task     ] GC(65) Using 10 workers of 10 for evacuation
[2025-11-29T08:08:42.662+0000][49.151s][info ][gc,phases   ] GC(65)   Pre Evacuate Collection Set: 0.5ms
[2025-11-29T08:08:42.664+0000][49.152s][info ][gc,phases   ] GC(65)   Merge Heap Roots: 0.4ms
[2025-11-29T08:08:42.664+0000][49.153s][info ][gc,phases   ] GC(65)   Evacuate Collection Set: 33.4ms
[2025-11-29T08:08:42.665+0000][49.153s][info ][gc,phases   ] GC(65)   Post Evacuate Collection Set: 3.3ms
[2025-11-29T08:08:42.665+0000][49.154s][info ][gc,phases   ] GC(65)   Other: 1.4ms
[2025-11-29T08:08:42.666+0000][49.154s][info ][gc,heap     ] GC(65) Eden regions: 79->0(280)
[2025-11-29T08:08:42.667+0000][49.155s][info ][gc,heap     ] GC(65) Survivor regions: 50->8(42)
[2025-11-29T08:08:42.667+0000][49.155s][info ][gc,heap     ] GC(65) Old regions: 185->237
[2025-11-29T08:08:42.670+0000][49.158s][info ][gc,heap     ] GC(65) Archive regions: 2->2
[2025-11-29T08:08:42.670+0000][49.159s][info ][gc,heap     ] GC(65) Humongous regions: 4->4
[2025-11-29T08:08:42.671+0000][49.159s][info ][gc,metaspace] GC(65) Metaspace: 168053K(169280K)->168053K(169280K) NonClass: 147209K(147840K)->147209K(147840K) Class: 20844K(21440K)->20844K(21440K)
[2025-11-29T08:08:42.671+0000][49.160s][info ][gc          ] GC(65) Pause Young (Concurrent Start) (Metadata GC Threshold) 318M->249M(657M) 47.759ms
[2025-11-29T08:08:42.672+0000][49.160s][info ][gc,cpu      ] GC(65) User=0.37s Sys=0.01s Real=0.05s
[2025-11-29T08:08:42.672+0000][49.160s][info ][gc          ] GC(66) Concurrent Mark Cycle
[2025-11-29T08:08:42.672+0000][49.161s][info ][gc,marking  ] GC(66) Concurrent Clear Claimed Marks
[2025-11-29T08:08:42.673+0000][49.161s][info ][gc,marking  ] GC(66) Concurrent Clear Claimed Marks 0.505ms
[2025-11-29T08:08:42.673+0000][49.162s][info ][gc,marking  ] GC(66) Concurrent Scan Root Regions
[2025-11-29T08:08:42.673+0000][49.162s][info ][safepoint   ] Safepoint "CollectForMetadataAllocation", Time since last: 161390376 ns, Reaching safepoint: 1068201 ns, Cleanup: 66791 ns, At safepoint: 49810652 ns, Total: 50945644 ns
[2025-11-29T08:08:42.681+0000][49.169s][debug][safepoint   ] Safepoint synchronization initiated using futex wait barrier. (146 threads)
[2025-11-29T08:08:42.682+0000][49.170s][debug][safepoint   ] ... found polling page loop exception at pc = 0x00007ef7e16f65a4, stub =0x00007ef7e0adb400
[2025-11-29T08:08:42.682+0000][49.171s][info ][safepoint   ] Safepoint "CollectForMetadataAllocation", Time since last: 7934383 ns, Reaching safepoint: 1041691 ns, Cleanup: 7825 ns, At safepoint: 126850 ns, Total: 1176366 ns
[2025-11-29T08:08:42.702+0000][49.191s][info ][gc,marking  ] GC(66) Concurrent Scan Root Regions 28.980ms
[2025-11-29T08:08:42.703+0000][49.191s][info ][gc,marking  ] GC(66) Concurrent Mark
[2025-11-29T08:08:42.703+0000][49.192s][info ][gc,marking  ] GC(66) Concurrent Mark From Roots
[2025-11-29T08:08:42.703+0000][49.192s][info ][gc,task     ] GC(66) Using 3 workers of 3 for marking
[2025-11-29T08:08:42.738+0000][49.226s][debug][safepoint   ] Safepoint synchronization initiated using futex wait barrier. (146 threads)
[2025-11-29T08:08:42.739+0000][49.227s][info ][safepoint   ] Safepoint "CollectForMetadataAllocation", Time since last: 55405338 ns, Reaching safepoint: 581017 ns, Cleanup: 74320 ns, At safepoint: 213826 ns, Total: 869163 ns
[2025-11-29T08:08:42.797+0000][49.285s][debug][safepoint   ] Safepoint synchronization initiated using futex wait barrier. (146 threads)
[2025-11-29T08:08:42.798+0000][49.286s][info ][safepoint   ] Safepoint "CollectForMetadataAllocation", Time since last: 57859448 ns, Reaching safepoint: 1048551 ns, Cleanup: 49971 ns, At safepoint: 270142 ns, Total: 1368664 ns
[2025-11-29T08:08:42.803+0000][49.292s][info ][gc,marking  ] GC(66) Concurrent Mark From Roots 100.190ms
[2025-11-29T08:08:42.805+0000][49.294s][info ][gc,marking  ] GC(66) Concurrent Preclean
[2025-11-29T08:08:42.804+0000][49.292s][debug][safepoint   ] Safepoint synchronization initiated using futex wait barrier. (146 threads)
[2025-11-29T08:08:42.807+0000][49.295s][info ][safepoint   ] Safepoint "CollectForMetadataAllocation", Time since last: 5924733 ns, Reaching safepoint: 3065429 ns, Cleanup: 9433 ns, At safepoint: 58630 ns, Total: 3133492 ns
[2025-11-29T08:08:42.807+0000][49.296s][debug][safepoint   ] Safepoint synchronization initiated using futex wait barrier. (146 threads)
[2025-11-29T08:08:42.808+0000][49.296s][info ][safepoint   ] Safepoint "CollectForMetadataAllocation", Time since last: 539620 ns, Reaching safepoint: 302343 ns, Cleanup: 3483 ns, At safepoint: 74120 ns, Total: 379946 ns
[2025-11-29T08:08:42.808+0000][49.296s][info ][gc,marking  ] GC(66) Concurrent Preclean 2.721ms
[2025-11-29T08:08:42.808+0000][49.297s][debug][safepoint   ] Safepoint synchronization initiated using futex wait barrier. (146 threads)
[2025-11-29T08:08:42.812+0000][49.300s][info ][safepoint   ] Safepoint "CollectForMetadataAllocation", Time since last: 634843 ns, Reaching safepoint: 3403531 ns, Cleanup: 13646 ns, At safepoint: 46596 ns, Total: 3463773 ns
[2025-11-29T08:08:42.812+0000][49.301s][debug][safepoint   ] Safepoint synchronization initiated using futex wait barrier. (146 threads)
[2025-11-29T08:08:42.813+0000][49.301s][info ][gc,start    ] GC(66) Pause Remark
[2025-11-29T08:08:42.819+0000][49.307s][info ][gc          ] GC(66) Pause Remark 298M->294M(657M) 5.890ms
[2025-11-29T08:08:42.819+0000][49.308s][info ][gc,cpu      ] GC(66) User=0.03s Sys=0.00s Real=0.01s
[2025-11-29T08:08:42.820+0000][49.308s][info ][safepoint   ] Safepoint "G1PauseRemark", Time since last: 623903 ns, Reaching safepoint: 576675 ns, Cleanup: 4749 ns, At safepoint: 6854240 ns, Total: 7435664 ns
[2025-11-29T08:08:42.820+0000][49.309s][info ][gc,marking  ] GC(66) Concurrent Mark 117.416ms
[2025-11-29T08:08:42.824+0000][49.313s][info ][gc,marking  ] GC(66) Concurrent Rebuild Remembered Sets
[2025-11-29T08:08:42.928+0000][49.417s][info ][gc,marking  ] GC(66) Concurrent Rebuild Remembered Sets 104.043ms
[2025-11-29T08:08:42.929+0000][49.418s][debug][safepoint   ] Safepoint synchronization initiated using futex wait barrier. (149 threads)
[2025-11-29T08:08:42.930+0000][49.418s][info ][gc,start    ] GC(66) Pause Cleanup
[2025-11-29T08:08:42.930+0000][49.419s][info ][gc          ] GC(66) Pause Cleanup 323M->323M(657M) 0.635ms
[2025-11-29T08:08:42.931+0000][49.419s][info ][gc,cpu      ] GC(66) User=0.01s Sys=0.00s Real=0.00s
[2025-11-29T08:08:42.931+0000][49.420s][info ][safepoint   ] Safepoint "G1PauseCleanup", Time since last: 109313681 ns, Reaching safepoint: 454921 ns, Cleanup: 62561 ns, At safepoint: 1588809 ns, Total: 2106291 ns
[2025-11-29T08:08:42.932+0000][49.420s][info ][gc,marking  ] GC(66) Concurrent Cleanup for Next Mark
[2025-11-29T08:08:42.941+0000][49.430s][info ][gc,marking  ] GC(66) Concurrent Cleanup for Next Mark 9.319ms
[2025-11-29T08:08:42.942+0000][49.430s][info ][gc          ] GC(66) Concurrent Mark Cycle 269.886ms
[2025-11-29T08:08:43.327+0000][49.816s][debug][safepoint   ] Safepoint synchronization initiated using futex wait barrier. (232 threads)
[2025-11-29T08:08:43.328+0000][49.817s][info ][gc,start    ] GC(67) Pause Young (Prepare Mixed) (G1 Evacuation Pause)
[2025-11-29T08:08:43.329+0000][49.817s][info ][gc,task     ] GC(67) Using 10 workers of 10 for evacuation
[2025-11-29T08:08:43.340+0000][49.828s][info ][gc,phases   ] GC(67)   Pre Evacuate Collection Set: 0.2ms
[2025-11-29T08:08:43.340+0000][49.829s][info ][gc,phases   ] GC(67)   Merge Heap Roots: 0.2ms
[2025-11-29T08:08:43.341+0000][49.829s][info ][gc,phases   ] GC(67)   Evacuate Collection Set: 9.1ms
[2025-11-29T08:08:43.341+0000][49.829s][info ][gc,phases   ] GC(67)   Post Evacuate Collection Set: 1.4ms
[2025-11-29T08:08:43.341+0000][49.829s][info ][gc,phases   ] GC(67)   Other: 0.9ms
[2025-11-29T08:08:43.341+0000][49.830s][info ][gc,heap     ] GC(67) Eden regions: 280->0(23)
[2025-11-29T08:08:43.342+0000][49.830s][info ][gc,heap     ] GC(67) Survivor regions: 8->9(36)
[2025-11-29T08:08:43.342+0000][49.830s][info ][gc,heap     ] GC(67) Old regions: 237->237
[2025-11-29T08:08:43.342+0000][49.830s][info ][gc,heap     ] GC(67) Archive regions: 2->2
[2025-11-29T08:08:43.342+0000][49.831s][info ][gc,heap     ] GC(67) Humongous regions: 0->0
[2025-11-29T08:08:43.342+0000][49.831s][info ][gc,metaspace] GC(67) Metaspace: 172583K(173888K)->172583K(173888K) NonClass: 151129K(151808K)->151129K(151808K) Class: 21453K(22080K)->21453K(22080K)
[2025-11-29T08:08:43.343+0000][49.831s][info ][gc          ] GC(67) Pause Young (Prepare Mixed) (G1 Evacuation Pause) 525M->246M(657M) 14.657ms
[2025-11-29T08:08:43.343+0000][49.832s][info ][gc,cpu      ] GC(67) User=0.09s Sys=0.00s Real=0.01s
[2025-11-29T08:08:43.344+0000][49.832s][info ][safepoint   ] Safepoint "G1CollectForAllocation", Time since last: 395892123 ns, Reaching safepoint: 598650 ns, Cleanup: 233465 ns, At safepoint: 15814511 ns, Total: 16646626 ns
[2025-11-29T08:08:43.462+0000][49.950s][debug][safepoint   ] Safepoint synchronization initiated using futex wait barrier. (232 threads)
[2025-11-29T08:08:43.463+0000][49.951s][info ][gc,start    ] GC(68) Pause Young (Mixed) (G1 Evacuation Pause)
[2025-11-29T08:08:43.463+0000][49.951s][info ][gc,task     ] GC(68) Using 10 workers of 10 for evacuation
[2025-11-29T08:08:43.470+0000][49.959s][info ][gc,phases   ] GC(68)   Pre Evacuate Collection Set: 0.6ms
[2025-11-29T08:08:43.471+0000][49.959s][info ][gc,phases   ] GC(68)   Merge Heap Roots: 0.2ms
[2025-11-29T08:08:43.471+0000][49.959s][info ][gc,phases   ] GC(68)   Evacuate Collection Set: 4.1ms
[2025-11-29T08:08:43.471+0000][49.960s][info ][gc,phases   ] GC(68)   Post Evacuate Collection Set: 1.6ms
[2025-11-29T08:08:43.472+0000][49.960s][info ][gc,phases   ] GC(68)   Other: 1.1ms
[2025-11-29T08:08:43.472+0000][49.960s][info ][gc,heap     ] GC(68) Eden regions: 23->0(309)
[2025-11-29T08:08:43.472+0000][49.961s][info ][gc,heap     ] GC(68) Survivor regions: 9->2(4)
[2025-11-29T08:08:43.473+0000][49.961s][info ][gc,heap     ] GC(68) Old regions: 237->224
[2025-11-29T08:08:43.473+0000][49.961s][info ][gc,heap     ] GC(68) Archive regions: 2->2
[2025-11-29T08:08:43.473+0000][49.962s][info ][gc,heap     ] GC(68) Humongous regions: 0->0
[2025-11-29T08:08:43.474+0000][49.962s][info ][gc,metaspace] GC(68) Metaspace: 173159K(174464K)->173159K(174464K) NonClass: 151640K(152320K)->151640K(152320K) Class: 21518K(22144K)->21518K(22144K)
[2025-11-29T08:08:43.474+0000][49.963s][info ][gc          ] GC(68) Pause Young (Mixed) (G1 Evacuation Pause) 269M->226M(657M) 11.756ms
[2025-11-29T08:08:43.475+0000][49.963s][info ][gc,cpu      ] GC(68) User=0.05s Sys=0.00s Real=0.01s
[2025-11-29T08:08:43.476+0000][49.964s][info ][safepoint   ] Safepoint "G1CollectForAllocation", Time since last: 117957002 ns, Reaching safepoint: 581238 ns, Cleanup: 72294 ns, At safepoint: 13091500 ns, Total: 13745032 ns
[2025-11-29T08:08:43.581+0000][50.069s][debug][safepoint   ] ... found polling page loop exception at pc = 0x00007ef7e1d5c014, stub =0x00007ef7e0adb400
[2025-11-29T08:08:44.036+0000][50.524s][debug][safepoint   ] ... found polling page loop exception at pc = 0x00007ef7e1da522e, stub =0x00007ef7e0adb400
[2025-11-29T08:08:44.156+0000][50.645s][debug][safepoint   ] Safepoint synchronization initiated using futex wait barrier. (240 threads)
[2025-11-29T08:08:44.159+0000][50.648s][info ][safepoint   ] Safepoint "ICBufferFull", Time since last: 680857411 ns, Reaching safepoint: 2334394 ns, Cleanup: 142105 ns, At safepoint: 447409 ns, Total: 2923908 ns
[2025-11-29T08:08:44.160+0000][50.649s][debug][safepoint   ] Safepoint synchronization initiated using futex wait barrier. (240 threads)
[2025-11-29T08:08:44.161+0000][50.650s][info ][safepoint   ] Safepoint "ICBufferFull", Time since last: 1121260 ns, Reaching safepoint: 674517 ns, Cleanup: 6773 ns, At safepoint: 210988 ns, Total: 892278 ns
[2025-11-29T08:08:44.162+0000][50.651s][debug][safepoint   ] Safepoint synchronization initiated using futex wait barrier. (240 threads)
[2025-11-29T08:08:44.163+0000][50.652s][info ][safepoint   ] Safepoint "ICBufferFull", Time since last: 855781 ns, Reaching safepoint: 666860 ns, Cleanup: 15682 ns, At safepoint: 281163 ns, Total: 963705 ns
[2025-11-29T08:08:44.164+0000][50.652s][debug][safepoint   ] Safepoint synchronization initiated using futex wait barrier. (240 threads)
[2025-11-29T08:08:44.165+0000][50.654s][debug][safepoint   ] ... found polling page loop exception at pc = 0x00007ef7e11f8079, stub =0x00007ef7e0adb400
[2025-11-29T08:08:44.166+0000][50.654s][info ][safepoint   ] Safepoint "ICBufferFull", Time since last: 894393 ns, Reaching safepoint: 1786580 ns, Cleanup: 21452 ns, At safepoint: 129946 ns, Total: 1937978 ns
[2025-11-29T08:08:44.167+0000][50.655s][debug][safepoint   ] Safepoint synchronization initiated using futex wait barrier. (240 threads)
[2025-11-29T08:08:44.169+0000][50.658s][info ][safepoint   ] Safepoint "ICBufferFull", Time since last: 924003 ns, Reaching safepoint: 2383099 ns, Cleanup: 14493 ns, At safepoint: 81858 ns, Total: 2479450 ns
[2025-11-29T08:08:44.181+0000][50.669s][debug][safepoint   ] Safepoint synchronization initiated using futex wait barrier. (241 threads)
[2025-11-29T08:08:44.183+0000][50.671s][info ][gc,start    ] GC(69) Pause Young (Concurrent Start) (G1 Evacuation Pause)
[2025-11-29T08:08:44.183+0000][50.671s][info ][gc,task     ] GC(69) Using 10 workers of 10 for evacuation
[2025-11-29T08:08:44.209+0000][50.697s][info ][gc,phases   ] GC(69)   Pre Evacuate Collection Set: 0.7ms
[2025-11-29T08:08:44.209+0000][50.698s][info ][gc,phases   ] GC(69)   Merge Heap Roots: 0.4ms
[2025-11-29T08:08:44.210+0000][50.698s][info ][gc,phases   ] GC(69)   Evacuate Collection Set: 22.5ms
[2025-11-29T08:08:44.210+0000][50.698s][info ][gc,phases   ] GC(69)   Post Evacuate Collection Set: 1.6ms
[2025-11-29T08:08:44.210+0000][50.699s][info ][gc,phases   ] GC(69)   Other: 1.1ms
[2025-11-29T08:08:44.210+0000][50.699s][info ][gc,heap     ] GC(69) Eden regions: 309->0(251)
[2025-11-29T08:08:44.211+0000][50.699s][info ][gc,heap     ] GC(69) Survivor regions: 2->39(39)
[2025-11-29T08:08:44.211+0000][50.699s][info ][gc,heap     ] GC(69) Old regions: 224->224
[2025-11-29T08:08:44.211+0000][50.700s][info ][gc,heap     ] GC(69) Archive regions: 2->2
[2025-11-29T08:08:44.212+0000][50.700s][info ][gc,heap     ] GC(69) Humongous regions: 3->3
[2025-11-29T08:08:44.212+0000][50.700s][info ][gc,metaspace] GC(69) Metaspace: 177018K(178368K)->177018K(178368K) NonClass: 155056K(155776K)->155056K(155776K) Class: 21962K(22592K)->21962K(22592K)
[2025-11-29T08:08:44.212+0000][50.701s][info ][gc          ] GC(69) Pause Young (Concurrent Start) (G1 Evacuation Pause) 538M->265M(657M) 29.626ms
[2025-11-29T08:08:44.212+0000][50.701s][info ][gc,cpu      ] GC(69) User=0.25s Sys=0.01s Real=0.03s
[2025-11-29T08:08:44.213+0000][50.701s][info ][gc          ] GC(70) Concurrent Mark Cycle
[2025-11-29T08:08:44.216+0000][50.704s][info ][gc,marking  ] GC(70) Concurrent Clear Claimed Marks
[2025-11-29T08:08:44.214+0000][50.702s][info ][safepoint   ] Safepoint "G1CollectForAllocation", Time since last: 11612522 ns, Reaching safepoint: 1360506 ns, Cleanup: 29252 ns, At safepoint: 31344217 ns, Total: 32733975 ns
[2025-11-29T08:08:44.217+0000][50.705s][info ][gc,marking  ] GC(70) Concurrent Clear Claimed Marks 1.234ms
[2025-11-29T08:08:44.220+0000][50.708s][info ][gc,marking  ] GC(70) Concurrent Scan Root Regions
[2025-11-29T08:08:44.246+0000][50.734s][info ][gc,marking  ] GC(70) Concurrent Scan Root Regions 25.940ms
[2025-11-29T08:08:44.246+0000][50.735s][info ][gc,marking  ] GC(70) Concurrent Mark
[2025-11-29T08:08:44.247+0000][50.735s][info ][gc,marking  ] GC(70) Concurrent Mark From Roots
[2025-11-29T08:08:44.248+0000][50.737s][info ][gc,task     ] GC(70) Using 3 workers of 3 for marking
[2025-11-29T08:08:44.377+0000][50.865s][info ][gc,marking  ] GC(70) Concurrent Mark From Roots 130.058ms
[2025-11-29T08:08:44.377+0000][50.866s][info ][gc,marking  ] GC(70) Concurrent Preclean
[2025-11-29T08:08:44.380+0000][50.868s][info ][gc,marking  ] GC(70) Concurrent Preclean 2.401ms
[2025-11-29T08:08:44.381+0000][50.869s][debug][safepoint   ] Safepoint synchronization initiated using futex wait barrier. (248 threads)
[2025-11-29T08:08:44.383+0000][50.871s][info ][gc,start    ] GC(70) Pause Remark
[2025-11-29T08:08:44.402+0000][50.890s][info ][gc          ] GC(70) Pause Remark 288M->237M(657M) 18.989ms
[2025-11-29T08:08:44.402+0000][50.891s][info ][gc,cpu      ] GC(70) User=0.17s Sys=0.01s Real=0.02s
[2025-11-29T08:08:44.404+0000][50.892s][info ][safepoint   ] Safepoint "G1PauseRemark", Time since last: 167159027 ns, Reaching safepoint: 1474030 ns, Cleanup: 169194 ns, At safepoint: 21105440 ns, Total: 22748664 ns
[2025-11-29T08:08:44.404+0000][50.893s][info ][gc,marking  ] GC(70) Concurrent Mark 157.841ms
[2025-11-29T08:08:44.405+0000][50.893s][info ][gc,marking  ] GC(70) Concurrent Rebuild Remembered Sets
[2025-11-29T08:08:44.471+0000][50.960s][info ][gc,marking  ] GC(70) Concurrent Rebuild Remembered Sets 66.762ms
[2025-11-29T08:08:44.475+0000][50.964s][debug][safepoint   ] Safepoint synchronization initiated using futex wait barrier. (248 threads)
[2025-11-29T08:08:44.495+0000][50.984s][info ][gc,start    ] GC(70) Pause Cleanup
[2025-11-29T08:08:44.496+0000][50.985s][info ][gc          ] GC(70) Pause Cleanup 248M->248M(657M) 1.169ms
[2025-11-29T08:08:44.497+0000][50.985s][info ][gc,cpu      ] GC(70) User=0.00s Sys=0.00s Real=0.01s
[2025-11-29T08:08:44.499+0000][50.987s][info ][safepoint   ] Safepoint "G1PauseCleanup", Time since last: 71689125 ns, Reaching safepoint: 19856136 ns, Cleanup: 31694 ns, At safepoint: 3334574 ns, Total: 23222404 ns
[2025-11-29T08:08:44.499+0000][50.988s][info ][gc,marking  ] GC(70) Concurrent Cleanup for Next Mark
[2025-11-29T08:08:44.502+0000][50.991s][info ][gc,marking  ] GC(70) Concurrent Cleanup for Next Mark 3.305ms
[2025-11-29T08:08:44.503+0000][50.991s][info ][gc          ] GC(70) Concurrent Mark Cycle 290.277ms
[2025-11-29T08:08:44.715+0000][51.204s][debug][safepoint   ] ... found polling page loop exception at pc = 0x00007ef7e16f65a4, stub =0x00007ef7e0adb400
[2025-11-29T08:08:44.962+0000][51.450s][debug][safepoint   ] Safepoint synchronization initiated using futex wait barrier. (250 threads)
[2025-11-29T08:08:44.963+0000][51.451s][info ][gc,start    ] GC(71) Pause Young (Prepare Mixed) (G1 Evacuation Pause)
[2025-11-29T08:08:44.963+0000][51.452s][info ][gc,task     ] GC(71) Using 10 workers of 10 for evacuation
[2025-11-29T08:08:44.992+0000][51.480s][info ][gc,phases   ] GC(71)   Pre Evacuate Collection Set: 0.4ms
[2025-11-29T08:08:44.992+0000][51.481s][info ][gc,phases   ] GC(71)   Merge Heap Roots: 0.4ms
[2025-11-29T08:08:44.992+0000][51.481s][info ][gc,phases   ] GC(71)   Evacuate Collection Set: 25.3ms
[2025-11-29T08:08:44.993+0000][51.481s][info ][gc,phases   ] GC(71)   Post Evacuate Collection Set: 1.8ms
[2025-11-29T08:08:44.993+0000][51.482s][info ][gc,phases   ] GC(71)   Other: 1.0ms
[2025-11-29T08:08:44.994+0000][51.482s][info ][gc,heap     ] GC(71) Eden regions: 251->0(1)
[2025-11-29T08:08:44.994+0000][51.483s][info ][gc,heap     ] GC(71) Survivor regions: 39->37(37)
[2025-11-29T08:08:44.995+0000][51.483s][info ][gc,heap     ] GC(71) Old regions: 176->187
[2025-11-29T08:08:44.995+0000][51.483s][info ][gc,heap     ] GC(71) Archive regions: 2->2
[2025-11-29T08:08:44.995+0000][51.484s][info ][gc,heap     ] GC(71) Humongous regions: 12->4
[2025-11-29T08:08:44.995+0000][51.484s][info ][gc,metaspace] GC(71) Metaspace: 180844K(182208K)->180844K(182208K) NonClass: 158459K(159168K)->158459K(159168K) Class: 22385K(23040K)->22385K(23040K)
[2025-11-29T08:08:44.996+0000][51.484s][info ][gc          ] GC(71) Pause Young (Prepare Mixed) (G1 Evacuation Pause) 477M->227M(657M) 33.207ms
[2025-11-29T08:08:44.996+0000][51.485s][info ][gc,cpu      ] GC(71) User=0.28s Sys=0.02s Real=0.04s
[2025-11-29T08:08:44.998+0000][51.486s][info ][safepoint   ] Safepoint "G1CollectForAllocation", Time since last: 463316644 ns, Reaching safepoint: 618190 ns, Cleanup: 83080 ns, At safepoint: 35081224 ns, Total: 35782494 ns
[2025-11-29T08:08:44.999+0000][51.488s][debug][safepoint   ] Safepoint synchronization initiated using futex wait barrier. (250 threads)
[2025-11-29T08:08:45.000+0000][51.489s][info ][gc,start    ] GC(72) Pause Young (Mixed) (G1 Evacuation Pause)
[2025-11-29T08:08:45.001+0000][51.489s][info ][gc,task     ] GC(72) Using 10 workers of 10 for evacuation
[2025-11-29T08:08:45.026+0000][51.515s][info ][gc,phases   ] GC(72)   Pre Evacuate Collection Set: 0.5ms
[2025-11-29T08:08:45.027+0000][51.515s][info ][gc,phases   ] GC(72)   Merge Heap Roots: 0.5ms
[2025-11-29T08:08:45.027+0000][51.516s][info ][gc,phases   ] GC(72)   Evacuate Collection Set: 21.7ms
[2025-11-29T08:08:45.027+0000][51.516s][info ][gc,phases   ] GC(72)   Post Evacuate Collection Set: 2.0ms
[2025-11-29T08:08:45.028+0000][51.516s][info ][gc,phases   ] GC(72)   Other: 1.1ms
[2025-11-29T08:08:45.028+0000][51.517s][info ][gc,heap     ] GC(72) Eden regions: 1->0(283)
[2025-11-29T08:08:45.028+0000][51.517s][info ][gc,heap     ] GC(72) Survivor regions: 37->5(5)
[2025-11-29T08:08:45.029+0000][51.517s][info ][gc,heap     ] GC(72) Old regions: 187->200
[2025-11-29T08:08:45.029+0000][51.518s][info ][gc,heap     ] GC(72) Archive regions: 2->2
[2025-11-29T08:08:45.030+0000][51.518s][info ][gc,heap     ] GC(72) Humongous regions: 4->4
[2025-11-29T08:08:45.030+0000][51.518s][info ][gc,metaspace] GC(72) Metaspace: 180844K(182208K)->180844K(182208K) NonClass: 158459K(159168K)->158459K(159168K) Class: 22385K(23040K)->22385K(23040K)
[2025-11-29T08:08:45.030+0000][51.519s][info ][gc          ] GC(72) Pause Young (Mixed) (G1 Evacuation Pause) 228M->209M(657M) 29.938ms
[2025-11-29T08:08:45.031+0000][51.519s][info ][gc,cpu      ] GC(72) User=0.24s Sys=0.00s Real=0.03s
[2025-11-29T08:08:45.032+0000][51.521s][info ][safepoint   ] Safepoint "G1CollectForAllocation", Time since last: 1809457 ns, Reaching safepoint: 768861 ns, Cleanup: 39113 ns, At safepoint: 31984476 ns, Total: 32792450 ns
[2025-11-29T08:08:45.368+0000][51.856s][debug][safepoint   ] Safepoint synchronization initiated using futex wait barrier. (250 threads)
[2025-11-29T08:08:45.368+0000][51.857s][info ][gc,start    ] GC(73) Pause Young (Normal) (G1 Evacuation Pause)
[2025-11-29T08:08:45.369+0000][51.857s][info ][gc,task     ] GC(73) Using 10 workers of 10 for evacuation
[2025-11-29T08:08:45.421+0000][51.909s][info ][gc,phases   ] GC(73)   Pre Evacuate Collection Set: 0.5ms
[2025-11-29T08:08:45.422+0000][51.910s][info ][gc,phases   ] GC(73)   Merge Heap Roots: 0.4ms
[2025-11-29T08:08:45.422+0000][51.911s][info ][gc,phases   ] GC(73)   Evacuate Collection Set: 48.9ms
[2025-11-29T08:08:45.423+0000][51.911s][info ][gc,phases   ] GC(73)   Post Evacuate Collection Set: 1.9ms
[2025-11-29T08:08:45.423+0000][51.912s][info ][gc,phases   ] GC(73)   Other: 0.9ms
[2025-11-29T08:08:45.424+0000][51.912s][info ][gc,heap     ] GC(73) Eden regions: 283->0(176)
[2025-11-29T08:08:45.424+0000][51.913s][info ][gc,heap     ] GC(73) Survivor regions: 5->36(36)
[2025-11-29T08:08:45.425+0000][51.913s][info ][gc,heap     ] GC(73) Old regions: 200->254
[2025-11-29T08:08:45.425+0000][51.914s][info ][gc,heap     ] GC(73) Archive regions: 2->2
[2025-11-29T08:08:45.426+0000][51.914s][info ][gc,heap     ] GC(73) Humongous regions: 10->10
[2025-11-29T08:08:45.426+0000][51.915s][info ][gc,metaspace] GC(73) Metaspace: 181420K(182784K)->181420K(182784K) NonClass: 158969K(159680K)->158969K(159680K) Class: 22450K(23104K)->22450K(23104K)
[2025-11-29T08:08:45.427+0000][51.915s][info ][gc          ] GC(73) Pause Young (Normal) (G1 Evacuation Pause) 498M->300M(657M) 58.528ms
[2025-11-29T08:08:45.427+0000][51.916s][info ][gc,cpu      ] GC(73) User=0.49s Sys=0.00s Real=0.05s
[2025-11-29T08:08:45.428+0000][51.917s][info ][safepoint   ] Safepoint "G1CollectForAllocation", Time since last: 335287582 ns, Reaching safepoint: 602530 ns, Cleanup: 89018 ns, At safepoint: 60205295 ns, Total: 60896843 ns
[2025-11-29T08:08:45.900+0000][52.389s][debug][safepoint   ] Safepoint synchronization initiated using futex wait barrier. (250 threads)
[2025-11-29T08:08:45.904+0000][52.392s][info ][safepoint   ] Safepoint "ICBufferFull", Time since last: 471882431 ns, Reaching safepoint: 3243477 ns, Cleanup: 109296 ns, At safepoint: 59449 ns, Total: 3412222 ns
[2025-11-29T08:08:46.114+0000][52.602s][debug][safepoint   ] Safepoint synchronization initiated using futex wait barrier. (251 threads)
[2025-11-29T08:08:46.115+0000][52.603s][info ][gc,start    ] GC(74) Pause Young (Normal) (G1 Evacuation Pause)
[2025-11-29T08:08:46.116+0000][52.604s][info ][gc,task     ] GC(74) Using 10 workers of 10 for evacuation
[2025-11-29T08:08:46.146+0000][52.634s][info ][gc,phases   ] GC(74)   Pre Evacuate Collection Set: 0.3ms
[2025-11-29T08:08:46.147+0000][52.635s][info ][gc,phases   ] GC(74)   Merge Heap Roots: 0.5ms
[2025-11-29T08:08:46.147+0000][52.636s][info ][gc,phases   ] GC(74)   Evacuate Collection Set: 24.4ms
[2025-11-29T08:08:46.148+0000][52.636s][info ][gc,phases   ] GC(74)   Post Evacuate Collection Set: 4.4ms
[2025-11-29T08:08:46.149+0000][52.637s][info ][gc,phases   ] GC(74)   Other: 1.5ms
[2025-11-29T08:08:46.149+0000][52.638s][info ][gc,heap     ] GC(74) Eden regions: 176->0(436)
[2025-11-29T08:08:46.150+0000][52.638s][info ][gc,heap     ] GC(74) Survivor regions: 36->18(27)
[2025-11-29T08:08:46.151+0000][52.639s][info ][gc,heap     ] GC(74) Old regions: 254->292
[2025-11-29T08:08:46.151+0000][52.640s][info ][gc,heap     ] GC(74) Archive regions: 2->2
[2025-11-29T08:08:46.152+0000][52.641s][info ][gc,heap     ] GC(74) Humongous regions: 26->8
[2025-11-29T08:08:46.153+0000][52.641s][info ][gc,metaspace] GC(74) Metaspace: 186203K(187520K)->186203K(187520K) NonClass: 163242K(163904K)->163242K(163904K) Class: 22961K(23616K)->22961K(23616K)
[2025-11-29T08:08:46.154+0000][52.642s][info ][gc          ] GC(74) Pause Young (Normal) (G1 Evacuation Pause) 492M->318M(1047M) 38.857ms
[2025-11-29T08:08:46.155+0000][52.643s][info ][gc,cpu      ] GC(74) User=0.25s Sys=0.01s Real=0.04s
[2025-11-29T08:08:46.156+0000][52.644s][info ][safepoint   ] Safepoint "G1CollectForAllocation", Time since last: 210280084 ns, Reaching safepoint: 750542 ns, Cleanup: 96750 ns, At safepoint: 40729130 ns, Total: 41576422 ns
[2025-11-29T08:08:47.471+0000][53.960s][debug][safepoint   ] Safepoint synchronization initiated using futex wait barrier. (250 threads)
[2025-11-29T08:08:47.472+0000][53.961s][info ][safepoint   ] Safepoint "Cleanup", Time since last: 1315674472 ns, Reaching safepoint: 594093 ns, Cleanup: 254252 ns, At safepoint: 12977 ns, Total: 861322 ns
[2025-11-29T08:08:51.474+0000][57.963s][debug][safepoint   ] Safepoint synchronization initiated using futex wait barrier. (249 threads)
[2025-11-29T08:08:51.475+0000][57.964s][info ][safepoint   ] Safepoint "Cleanup", Time since last: 4002141811 ns, Reaching safepoint: 788653 ns, Cleanup: 29411 ns, At safepoint: 9371 ns, Total: 827435 ns
[2025-11-29T08:09:15.680+0000][82.170s][debug][safepoint   ] Safepoint synchronization initiated using futex wait barrier. (248 threads)
[2025-11-29T08:09:15.680+0000][82.171s][info ][safepoint   ] Safepoint "Cleanup", Time since last: 24206378457 ns, Reaching safepoint: 594609 ns, Cleanup: 19438 ns, At safepoint: 9120 ns, Total: 623167 ns
[2025-11-29T08:09:22.682+0000][89.173s][debug][safepoint   ] Safepoint synchronization initiated using futex wait barrier. (248 threads)
[2025-11-29T08:09:22.683+0000][89.173s][info ][safepoint   ] Safepoint "Cleanup", Time since last: 7002123910 ns, Reaching safepoint: 783132 ns, Cleanup: 11260 ns, At safepoint: 4742 ns, Total: 799134 ns
[2025-11-29T08:09:24.685+0000][91.175s][debug][safepoint   ] Safepoint synchronization initiated using futex wait barrier. (248 threads)
[2025-11-29T08:09:24.686+0000][91.176s][info ][safepoint   ] Safepoint "Cleanup", Time since last: 2001415698 ns, Reaching safepoint: 1021416 ns, Cleanup: 19863 ns, At safepoint: 8324 ns, Total: 1049603 ns
[2025-11-29T08:09:34.497+0000][100.990s][debug][safepoint   ] Safepoint synchronization initiated using futex wait barrier. (247 threads)
[2025-11-29T08:09:34.498+0000][100.990s][debug][safepoint   ] ... found polling page loop exception at pc = 0x00007ef7e1792947, stub =0x00007ef7e0adb400
[2025-11-29T08:09:34.499+0000][100.991s][info ][safepoint   ] Safepoint "Cleanup", Time since last: 9813796266 ns, Reaching safepoint: 1375953 ns, Cleanup: 14498 ns, At safepoint: 17658 ns, Total: 1408109 ns
[2025-11-29T08:09:34.875+0000][101.368s][debug][safepoint   ] Safepoint synchronization initiated using futex wait barrier. (268 threads)
[2025-11-29T08:09:34.876+0000][101.369s][info ][safepoint   ] Safepoint "ICBufferFull", Time since last: 376521396 ns, Reaching safepoint: 885465 ns, Cleanup: 192136 ns, At safepoint: 13540 ns, Total: 1091141 ns
[2025-11-29T08:09:35.476+0000][101.968s][debug][safepoint   ] Safepoint synchronization initiated using futex wait barrier. (267 threads)
[2025-11-29T08:09:35.476+0000][101.969s][info ][gc,start    ] GC(75) Pause Young (Normal) (G1 Evacuation Pause)
[2025-11-29T08:09:35.477+0000][101.970s][info ][gc,task     ] GC(75) Using 10 workers of 10 for evacuation
[2025-11-29T08:09:35.516+0000][102.008s][info ][gc,phases   ] GC(75)   Pre Evacuate Collection Set: 0.4ms
[2025-11-29T08:09:35.516+0000][102.009s][info ][gc,phases   ] GC(75)   Merge Heap Roots: 0.4ms
[2025-11-29T08:09:35.517+0000][102.009s][info ][gc,phases   ] GC(75)   Evacuate Collection Set: 34.0ms
[2025-11-29T08:09:35.517+0000][102.010s][info ][gc,phases   ] GC(75)   Post Evacuate Collection Set: 2.5ms
[2025-11-29T08:09:35.518+0000][102.011s][info ][gc,phases   ] GC(75)   Other: 1.8ms
[2025-11-29T08:09:35.519+0000][102.011s][info ][gc,heap     ] GC(75) Eden regions: 436->0(377)
[2025-11-29T08:09:35.519+0000][102.012s][info ][gc,heap     ] GC(75) Survivor regions: 18->57(57)
[2025-11-29T08:09:35.520+0000][102.012s][info ][gc,heap     ] GC(75) Old regions: 292->316
[2025-11-29T08:09:35.521+0000][102.013s][info ][gc,heap     ] GC(75) Archive regions: 2->2
[2025-11-29T08:09:35.521+0000][102.014s][info ][gc,heap     ] GC(75) Humongous regions: 12->12
[2025-11-29T08:09:35.522+0000][102.014s][info ][gc,metaspace] GC(75) Metaspace: 188476K(189888K)->188476K(189888K) NonClass: 165273K(166016K)->165273K(166016K) Class: 23203K(23872K)->23203K(23872K)
[2025-11-29T08:09:35.522+0000][102.015s][info ][gc          ] GC(75) Pause Young (Normal) (G1 Evacuation Pause) 758M->385M(1047M) 45.867ms
[2025-11-29T08:09:35.523+0000][102.015s][info ][gc,cpu      ] GC(75) User=0.33s Sys=0.01s Real=0.04s
[2025-11-29T08:09:35.524+0000][102.017s][info ][safepoint   ] Safepoint "G1CollectForAllocation", Time since last: 599619450 ns, Reaching safepoint: 587611 ns, Cleanup: 60836 ns, At safepoint: 47979998 ns, Total: 48628445 ns
[2025-11-29T08:09:36.525+0000][103.018s][debug][safepoint   ] Safepoint synchronization initiated using futex wait barrier. (267 threads)
[2025-11-29T08:09:36.526+0000][103.019s][info ][safepoint   ] Safepoint "Cleanup", Time since last: 1000706136 ns, Reaching safepoint: 1148770 ns, Cleanup: 197969 ns, At safepoint: 17393 ns, Total: 1364132 ns
[2025-11-29T08:09:37.528+0000][104.020s][debug][safepoint   ] Safepoint synchronization initiated using futex wait barrier. (267 threads)
[2025-11-29T08:09:37.529+0000][104.021s][info ][safepoint   ] Safepoint "Cleanup", Time since last: 1001262704 ns, Reaching safepoint: 963673 ns, Cleanup: 19870 ns, At safepoint: 13252 ns, Total: 996795 ns
[2025-11-29T08:09:41.531+0000][108.023s][debug][safepoint   ] Safepoint synchronization initiated using futex wait barrier. (265 threads)
[2025-11-29T08:09:41.532+0000][108.024s][info ][safepoint   ] Safepoint "Cleanup", Time since last: 4002001344 ns, Reaching safepoint: 810584 ns, Cleanup: 62232 ns, At safepoint: 40613 ns, Total: 913429 ns
[2025-11-29T08:09:42.533+0000][109.025s][debug][safepoint   ] Safepoint synchronization initiated using futex wait barrier. (264 threads)
[2025-11-29T08:09:42.534+0000][109.026s][info ][safepoint   ] Safepoint "Cleanup", Time since last: 1000942469 ns, Reaching safepoint: 996189 ns, Cleanup: 25480 ns, At safepoint: 7821 ns, Total: 1029490 ns
[2025-11-29T08:09:43.535+0000][110.027s][debug][safepoint   ] Safepoint synchronization initiated using futex wait barrier. (259 threads)
[2025-11-29T08:09:43.536+0000][110.029s][info ][safepoint   ] Safepoint "Cleanup", Time since last: 1001166853 ns, Reaching safepoint: 1069581 ns, Cleanup: 176019 ns, At safepoint: 25920 ns, Total: 1271520 ns
[2025-11-29T08:09:44.537+0000][111.029s][debug][safepoint   ] Safepoint synchronization initiated using futex wait barrier. (257 threads)
[2025-11-29T08:09:44.538+0000][111.030s][info ][safepoint   ] Safepoint "Cleanup", Time since last: 1000833025 ns, Reaching safepoint: 830345 ns, Cleanup: 26162 ns, At safepoint: 6324 ns, Total: 862831 ns
[2025-11-29T08:09:47.539+0000][114.031s][debug][safepoint   ] Safepoint synchronization initiated using futex wait barrier. (255 threads)
[2025-11-29T08:09:47.540+0000][114.032s][info ][safepoint   ] Safepoint "Cleanup", Time since last: 3001052417 ns, Reaching safepoint: 797018 ns, Cleanup: 41680 ns, At safepoint: 3856 ns, Total: 842554 ns
[2025-11-29T08:10:18.735+0000][145.230s][debug][safepoint   ] Safepoint synchronization initiated using futex wait barrier. (255 threads)
[2025-11-29T08:10:18.736+0000][145.231s][info ][safepoint   ] Safepoint "Cleanup", Time since last: 31197792566 ns, Reaching safepoint: 763480 ns, Cleanup: 19016 ns, At safepoint: 6984 ns, Total: 789480 ns
[2025-11-29T08:10:31.738+0000][158.235s][debug][safepoint   ] Safepoint synchronization initiated using futex wait barrier. (255 threads)
[2025-11-29T08:10:31.739+0000][158.236s][info ][safepoint   ] Safepoint "Cleanup", Time since last: 13004098253 ns, Reaching safepoint: 852415 ns, Cleanup: 16156 ns, At safepoint: 9029 ns, Total: 877600 ns
[2025-11-29T08:10:33.740+0000][160.237s][debug][safepoint   ] Safepoint synchronization initiated using futex wait barrier. (255 threads)
[2025-11-29T08:10:33.741+0000][160.238s][info ][safepoint   ] Safepoint "Cleanup", Time since last: 2001009467 ns, Reaching safepoint: 1120400 ns, Cleanup: 21324 ns, At safepoint: 9670 ns, Total: 1151394 ns
[2025-11-29T08:10:37.743+0000][164.240s][debug][safepoint   ] Safepoint synchronization initiated using futex wait barrier. (252 threads)
[2025-11-29T08:10:37.744+0000][164.241s][info ][safepoint   ] Safepoint "Cleanup", Time since last: 4002109393 ns, Reaching safepoint: 733585 ns, Cleanup: 15317 ns, At safepoint: 5661 ns, Total: 754563 ns
[2025-11-29T08:10:41.746+0000][168.242s][debug][safepoint   ] Safepoint synchronization initiated using futex wait barrier. (252 threads)
[2025-11-29T08:10:41.746+0000][168.243s][info ][safepoint   ] Safepoint "Cleanup", Time since last: 4001538593 ns, Reaching safepoint: 595872 ns, Cleanup: 17459 ns, At safepoint: 3367 ns, Total: 616698 ns
[2025-11-29T08:10:45.747+0000][172.244s][debug][safepoint   ] Safepoint synchronization initiated using futex wait barrier. (248 threads)
[2025-11-29T08:10:45.748+0000][172.245s][info ][safepoint   ] Safepoint "Cleanup", Time since last: 4001205946 ns, Reaching safepoint: 612008 ns, Cleanup: 17244 ns, At safepoint: 4454 ns, Total: 633706 ns
[2025-11-29T08:10:47.749+0000][174.246s][debug][safepoint   ] Safepoint synchronization initiated using futex wait barrier. (248 threads)
[2025-11-29T08:10:47.750+0000][174.247s][info ][safepoint   ] Safepoint "Cleanup", Time since last: 2000914565 ns, Reaching safepoint: 1313412 ns, Cleanup: 59688 ns, At safepoint: 12201 ns, Total: 1385301 ns
[2025-11-29T08:11:12.049+0000][198.548s][debug][safepoint   ] Safepoint synchronization initiated using futex wait barrier. (248 threads)
[2025-11-29T08:11:12.049+0000][198.549s][info ][safepoint   ] Safepoint "Cleanup", Time since last: 24301009222 ns, Reaching safepoint: 667835 ns, Cleanup: 137379 ns, At safepoint: 11564 ns, Total: 816778 ns
[2025-11-29T08:11:42.056+0000][228.557s][debug][safepoint   ] Safepoint synchronization initiated using futex wait barrier. (245 threads)
[2025-11-29T08:11:42.057+0000][228.559s][info ][safepoint   ] Safepoint "Cleanup", Time since last: 30008406065 ns, Reaching safepoint: 1230808 ns, Cleanup: 22111 ns, At safepoint: 11154 ns, Total: 1264073 ns
[2025-11-29T08:11:47.060+0000][233.561s][debug][safepoint   ] Safepoint synchronization initiated using futex wait barrier. (242 threads)
[2025-11-29T08:11:47.061+0000][233.562s][info ][safepoint   ] Safepoint "Cleanup", Time since last: 5002474871 ns, Reaching safepoint: 723663 ns, Cleanup: 20249 ns, At safepoint: 4267 ns, Total: 748179 ns
[2025-11-29T08:11:48.062+0000][234.563s][debug][safepoint   ] Safepoint synchronization initiated using futex wait barrier. (242 threads)
[2025-11-29T08:11:48.063+0000][234.564s][info ][safepoint   ] Safepoint "Cleanup", Time since last: 1000973783 ns, Reaching safepoint: 864442 ns, Cleanup: 15288 ns, At safepoint: 4246 ns, Total: 883976 ns
[2025-11-29T08:11:54.065+0000][240.566s][debug][safepoint   ] Safepoint synchronization initiated using futex wait barrier. (242 threads)
[2025-11-29T08:11:54.066+0000][240.567s][info ][safepoint   ] Safepoint "Cleanup", Time since last: 6002198154 ns, Reaching safepoint: 853143 ns, Cleanup: 14704 ns, At safepoint: 4319 ns, Total: 872166 ns
[2025-11-29T08:12:30.071+0000][276.577s][debug][safepoint   ] Safepoint synchronization initiated using futex wait barrier. (242 threads)
[2025-11-29T08:12:30.072+0000][276.578s][info ][safepoint   ] Safepoint "Cleanup", Time since last: 36009798325 ns, Reaching safepoint: 1009944 ns, Cleanup: 12602 ns, At safepoint: 3670 ns, Total: 1026216 ns
[2025-11-29T08:12:32.073+0000][278.579s][debug][safepoint   ] Safepoint synchronization initiated using futex wait barrier. (242 threads)
[2025-11-29T08:12:32.074+0000][278.580s][info ][safepoint   ] Safepoint "Cleanup", Time since last: 2001424808 ns, Reaching safepoint: 1068302 ns, Cleanup: 20343 ns, At safepoint: 5301 ns, Total: 1093946 ns
[2025-11-29T08:12:42.079+0000][288.584s][debug][safepoint   ] Safepoint synchronization initiated using futex wait barrier. (239 threads)
[2025-11-29T08:12:42.080+0000][288.585s][info ][safepoint   ] Safepoint "Cleanup", Time since last: 10004269088 ns, Reaching safepoint: 999551 ns, Cleanup: 13668 ns, At safepoint: 5627 ns, Total: 1018846 ns
[2025-11-29T08:12:48.083+0000][294.588s][debug][safepoint   ] Safepoint synchronization initiated using futex wait barrier. (238 threads)
[2025-11-29T08:12:48.084+0000][294.589s][info ][safepoint   ] Safepoint "Cleanup", Time since last: 6002856592 ns, Reaching safepoint: 1196249 ns, Cleanup: 20733 ns, At safepoint: 11332 ns, Total: 1228314 ns
[2025-11-29T08:12:59.909+0000][306.415s][debug][safepoint   ] Safepoint synchronization initiated using futex wait barrier. (238 threads)
[2025-11-29T08:12:59.910+0000][306.416s][info ][safepoint   ] Safepoint "Cleanup", Time since last: 11825275883 ns, Reaching safepoint: 879618 ns, Cleanup: 44749 ns, At safepoint: 10664 ns, Total: 935031 ns
[2025-11-29T08:13:00.909+0000][307.416s][debug][safepoint   ] Safepoint synchronization initiated using futex wait barrier. (238 threads)
[2025-11-29T08:13:00.910+0000][307.417s][info ][safepoint   ] Safepoint "Cleanup", Time since last: 1000699533 ns, Reaching safepoint: 560979 ns, Cleanup: 18165 ns, At safepoint: 10341 ns, Total: 589485 ns
[2025-11-29T08:13:03.911+0000][310.418s][debug][safepoint   ] Safepoint synchronization initiated using futex wait barrier. (238 threads)
[2025-11-29T08:13:03.912+0000][310.420s][info ][safepoint   ] Safepoint "Cleanup", Time since last: 3001121164 ns, Reaching safepoint: 1606349 ns, Cleanup: 24178 ns, At safepoint: 10827 ns, Total: 1641354 ns
[2025-11-29T08:13:46.922+0000][353.431s][debug][safepoint   ] Safepoint synchronization initiated using futex wait barrier. (236 threads)
[2025-11-29T08:13:46.923+0000][353.432s][info ][safepoint   ] Safepoint "Cleanup", Time since last: 43011615138 ns, Reaching safepoint: 678417 ns, Cleanup: 54233 ns, At safepoint: 13635 ns, Total: 746285 ns
[2025-11-29T08:13:48.924+0000][355.434s][debug][safepoint   ] Safepoint synchronization initiated using futex wait barrier. (234 threads)
[2025-11-29T08:13:48.925+0000][355.435s][info ][safepoint   ] Safepoint "Cleanup", Time since last: 2001587040 ns, Reaching safepoint: 1025309 ns, Cleanup: 19089 ns, At safepoint: 5211 ns, Total: 1049609 ns
[2025-11-29T08:13:57.967+0000][364.476s][debug][safepoint   ] Safepoint synchronization initiated using futex wait barrier. (234 threads)
[2025-11-29T08:13:57.968+0000][364.477s][info ][safepoint   ] Safepoint "Cleanup", Time since last: 9041481352 ns, Reaching safepoint: 1166224 ns, Cleanup: 23557 ns, At safepoint: 22469 ns, Total: 1212250 ns
[2025-11-29T08:14:05.740+0000][372.253s][debug][safepoint   ] Safepoint synchronization initiated using futex wait barrier. (234 threads)
[2025-11-29T08:14:05.741+0000][372.254s][info ][gc,start    ] GC(76) Pause Young (Normal) (G1 Evacuation Pause)
[2025-11-29T08:14:05.742+0000][372.255s][info ][gc,task     ] GC(76) Using 10 workers of 10 for evacuation
[2025-11-29T08:14:05.790+0000][372.303s][info ][gc,phases   ] GC(76)   Pre Evacuate Collection Set: 0.4ms
[2025-11-29T08:14:05.791+0000][372.303s][info ][gc,phases   ] GC(76)   Merge Heap Roots: 0.5ms
[2025-11-29T08:14:05.791+0000][372.304s][info ][gc,phases   ] GC(76)   Evacuate Collection Set: 42.7ms
[2025-11-29T08:14:05.792+0000][372.304s][info ][gc,phases   ] GC(76)   Post Evacuate Collection Set: 3.7ms
[2025-11-29T08:14:05.792+0000][372.304s][info ][gc,phases   ] GC(76)   Other: 1.7ms
[2025-11-29T08:14:05.792+0000][372.305s][info ][gc,heap     ] GC(76) Eden regions: 377->0(404)
[2025-11-29T08:14:05.793+0000][372.305s][info ][gc,heap     ] GC(76) Survivor regions: 57->6(55)
[2025-11-29T08:14:05.793+0000][372.306s][info ][gc,heap     ] GC(76) Old regions: 316->375
[2025-11-29T08:14:05.794+0000][372.306s][info ][gc,heap     ] GC(76) Archive regions: 2->2
[2025-11-29T08:14:05.794+0000][372.307s][info ][gc,heap     ] GC(76) Humongous regions: 12->12
[2025-11-29T08:14:05.794+0000][372.307s][info ][gc,metaspace] GC(76) Metaspace: 189339K(190720K)->189339K(190720K) NonClass: 166075K(166784K)->166075K(166784K) Class: 23263K(23936K)->23263K(23936K)
[2025-11-29T08:14:05.795+0000][372.308s][info ][gc          ] GC(76) Pause Young (Normal) (G1 Evacuation Pause) 762M->393M(1047M) 53.948ms
[2025-11-29T08:14:05.796+0000][372.308s][info ][gc,cpu      ] GC(76) User=0.43s Sys=0.01s Real=0.06s
[2025-11-29T08:14:05.798+0000][372.310s][info ][safepoint   ] Safepoint "G1CollectForAllocation", Time since last: 7775375425 ns, Reaching safepoint: 624662 ns, Cleanup: 42351 ns, At safepoint: 56655381 ns, Total: 57322394 ns
[2025-11-29T08:14:06.799+0000][373.311s][debug][safepoint   ] Safepoint synchronization initiated using futex wait barrier. (234 threads)
[2025-11-29T08:14:06.799+0000][373.311s][info ][safepoint   ] Safepoint "Cleanup", Time since last: 1000922607 ns, Reaching safepoint: 426205 ns, Cleanup: 20581 ns, At safepoint: 9064 ns, Total: 455850 ns
[2025-11-29T08:14:13.802+0000][380.315s][debug][safepoint   ] Safepoint synchronization initiated using futex wait barrier. (234 threads)
[2025-11-29T08:14:13.803+0000][380.315s][info ][safepoint   ] Safepoint "Cleanup", Time since last: 7003009844 ns, Reaching safepoint: 893624 ns, Cleanup: 16227 ns, At safepoint: 36020 ns, Total: 945871 ns
[2025-11-29T08:14:20.805+0000][387.318s][debug][safepoint   ] Safepoint synchronization initiated using futex wait barrier. (234 threads)
[2025-11-29T08:14:20.806+0000][387.319s][info ][safepoint   ] Safepoint "Cleanup", Time since last: 7002501427 ns, Reaching safepoint: 944282 ns, Cleanup: 16671 ns, At safepoint: 4210 ns, Total: 965163 ns
[2025-11-29T08:14:21.807+0000][388.320s][debug][safepoint   ] Safepoint synchronization initiated using futex wait barrier. (234 threads)
[2025-11-29T08:14:21.808+0000][388.320s][info ][safepoint   ] Safepoint "Cleanup", Time since last: 1000844826 ns, Reaching safepoint: 582391 ns, Cleanup: 18753 ns, At safepoint: 52778 ns, Total: 653922 ns
[2025-11-29T08:14:46.813+0000][413.328s][debug][safepoint   ] Safepoint synchronization initiated using futex wait barrier. (232 threads)
[2025-11-29T08:14:46.814+0000][413.329s][info ][safepoint   ] Safepoint "Cleanup", Time since last: 25007865792 ns, Reaching safepoint: 722521 ns, Cleanup: 23177 ns, At safepoint: 9059 ns, Total: 754757 ns
[2025-11-29T08:14:49.815+0000][416.330s][debug][safepoint   ] Safepoint synchronization initiated using futex wait barrier. (231 threads)
[2025-11-29T08:14:49.817+0000][416.332s][info ][safepoint   ] Safepoint "Cleanup", Time since last: 3001454323 ns, Reaching safepoint: 1342955 ns, Cleanup: 21927 ns, At safepoint: 11433 ns, Total: 1376315 ns
[2025-11-29T08:15:17.029+0000][443.547s][debug][safepoint   ] Safepoint synchronization initiated using futex wait barrier. (231 threads)
[2025-11-29T08:15:17.030+0000][443.548s][info ][safepoint   ] Safepoint "Cleanup", Time since last: 27214729107 ns, Reaching safepoint: 967943 ns, Cleanup: 16580 ns, At safepoint: 5821 ns, Total: 990344 ns
[2025-11-29T08:15:18.031+0000][444.549s][debug][safepoint   ] Safepoint synchronization initiated using futex wait barrier. (231 threads)
[2025-11-29T08:15:18.032+0000][444.550s][info ][safepoint   ] Safepoint "Cleanup", Time since last: 1001237704 ns, Reaching safepoint: 970019 ns, Cleanup: 13735 ns, At safepoint: 8491 ns, Total: 992245 ns
[2025-11-29T08:15:42.037+0000][468.557s][debug][safepoint   ] Safepoint synchronization initiated using futex wait barrier. (230 threads)
[2025-11-29T08:15:42.038+0000][468.558s][info ][safepoint   ] Safepoint "Cleanup", Time since last: 24007569898 ns, Reaching safepoint: 710538 ns, Cleanup: 12409 ns, At safepoint: 2714 ns, Total: 725661 ns
[2025-11-29T08:15:47.040+0000][473.560s][debug][safepoint   ] Safepoint synchronization initiated using futex wait barrier. (229 threads)
[2025-11-29T08:15:47.041+0000][473.561s][info ][safepoint   ] Safepoint "Cleanup", Time since last: 5001783411 ns, Reaching safepoint: 954702 ns, Cleanup: 22952 ns, At safepoint: 4547 ns, Total: 982201 ns
[2025-11-29T08:15:51.043+0000][477.563s][debug][safepoint   ] Safepoint synchronization initiated using futex wait barrier. (228 threads)
[2025-11-29T08:15:51.044+0000][477.564s][info ][safepoint   ] Safepoint "Cleanup", Time since last: 4002049524 ns, Reaching safepoint: 1397140 ns, Cleanup: 25302 ns, At safepoint: 11269 ns, Total: 1433711 ns
[2025-11-29T08:16:47.096+0000][533.621s][debug][safepoint   ] Safepoint synchronization initiated using futex wait barrier. (226 threads)
[2025-11-29T08:16:47.097+0000][533.622s][info ][safepoint   ] Safepoint "Cleanup", Time since last: 56056766118 ns, Reaching safepoint: 736308 ns, Cleanup: 25050 ns, At safepoint: 8889 ns, Total: 770247 ns
[2025-11-29T08:16:52.099+0000][538.624s][debug][safepoint   ] Safepoint synchronization initiated using futex wait barrier. (225 threads)
[2025-11-29T08:16:52.099+0000][538.625s][info ][safepoint   ] Safepoint "Cleanup", Time since last: 5002158178 ns, Reaching safepoint: 426105 ns, Cleanup: 15264 ns, At safepoint: 4542 ns, Total: 445911 ns
[2025-11-29T08:17:02.099+0000][548.628s][debug][safepoint   ] Safepoint synchronization initiated using futex wait barrier. (225 threads)
[2025-11-29T08:17:02.101+0000][548.629s][info ][safepoint   ] Safepoint "Cleanup", Time since last: 10003049684 ns, Reaching safepoint: 1168589 ns, Cleanup: 18202 ns, At safepoint: 7550 ns, Total: 1194341 ns
[2025-11-29T08:17:12.104+0000][558.632s][debug][safepoint   ] Safepoint synchronization initiated using futex wait barrier. (225 threads)
[2025-11-29T08:17:12.105+0000][558.633s][info ][safepoint   ] Safepoint "Cleanup", Time since last: 10003340057 ns, Reaching safepoint: 1125660 ns, Cleanup: 17205 ns, At safepoint: 5787 ns, Total: 1148652 ns
[2025-11-29T08:17:22.109+0000][568.637s][debug][safepoint   ] Safepoint synchronization initiated using futex wait barrier. (225 threads)
[2025-11-29T08:17:22.111+0000][568.639s][info ][safepoint   ] Safepoint "Cleanup", Time since last: 10004123232 ns, Reaching safepoint: 1379215 ns, Cleanup: 27304 ns, At safepoint: 15488 ns, Total: 1422007 ns
[2025-11-29T08:17:29.114+0000][575.642s][debug][safepoint   ] Safepoint synchronization initiated using futex wait barrier. (225 threads)
[2025-11-29T08:17:29.115+0000][575.643s][info ][safepoint   ] Safepoint "Cleanup", Time since last: 7003326438 ns, Reaching safepoint: 1230322 ns, Cleanup: 9985 ns, At safepoint: 3761 ns, Total: 1244068 ns
[2025-11-29T08:17:42.118+0000][588.648s][debug][safepoint   ] Safepoint synchronization initiated using futex wait barrier. (224 threads)
[2025-11-29T08:17:42.119+0000][588.649s][info ][safepoint   ] Safepoint "Cleanup", Time since last: 13004595438 ns, Reaching safepoint: 947010 ns, Cleanup: 18909 ns, At safepoint: 8031 ns, Total: 973950 ns
[2025-11-29T08:17:47.121+0000][593.651s][debug][safepoint   ] Safepoint synchronization initiated using futex wait barrier. (224 threads)
[2025-11-29T08:17:47.122+0000][593.652s][info ][safepoint   ] Safepoint "Cleanup", Time since last: 5002562295 ns, Reaching safepoint: 629142 ns, Cleanup: 12105 ns, At safepoint: 4176 ns, Total: 645423 ns
[2025-11-29T08:17:53.124+0000][599.654s][debug][safepoint   ] Safepoint synchronization initiated using futex wait barrier. (224 threads)
[2025-11-29T08:17:53.124+0000][599.655s][info ][safepoint   ] Safepoint "Cleanup", Time since last: 6001892430 ns, Reaching safepoint: 536158 ns, Cleanup: 15201 ns, At safepoint: 8614 ns, Total: 559973 ns
[2025-11-29T08:18:42.130+0000][648.668s][debug][safepoint   ] Safepoint synchronization initiated using futex wait barrier. (223 threads)
[2025-11-29T08:18:42.131+0000][648.669s][info ][safepoint   ] Safepoint "Cleanup", Time since last: 49012958473 ns, Reaching safepoint: 1039020 ns, Cleanup: 18287 ns, At safepoint: 13706 ns, Total: 1071013 ns
[2025-11-29T08:18:47.134+0000][653.671s][debug][safepoint   ] Safepoint synchronization initiated using futex wait barrier. (223 threads)
[2025-11-29T08:18:47.135+0000][653.672s][info ][safepoint   ] Safepoint "Cleanup", Time since last: 5002100521 ns, Reaching safepoint: 1070840 ns, Cleanup: 30619 ns, At safepoint: 11197 ns, Total: 1112656 ns
[2025-11-29T08:18:54.137+0000][660.675s][debug][safepoint   ] Safepoint synchronization initiated using futex wait barrier. (223 threads)
[2025-11-29T08:18:54.138+0000][660.675s][info ][safepoint   ] Safepoint "Cleanup", Time since last: 7002697230 ns, Reaching safepoint: 782012 ns, Cleanup: 20190 ns, At safepoint: 3679 ns, Total: 805881 ns
[2025-11-29T08:19:45.702+0000][712.245s][debug][safepoint   ] Safepoint synchronization initiated using futex wait barrier. (223 threads)
[2025-11-29T08:19:45.703+0000][712.246s][info ][gc,start    ] GC(77) Pause Young (Normal) (G1 Evacuation Pause)
[2025-11-29T08:19:45.704+0000][712.247s][info ][gc,task     ] GC(77) Using 10 workers of 10 for evacuation
[2025-11-29T08:19:45.715+0000][712.259s][info ][gc,phases   ] GC(77)   Pre Evacuate Collection Set: 0.8ms
[2025-11-29T08:19:45.716+0000][712.260s][info ][gc,phases   ] GC(77)   Merge Heap Roots: 0.6ms
[2025-11-29T08:19:45.717+0000][712.260s][info ][gc,phases   ] GC(77)   Evacuate Collection Set: 6.1ms
[2025-11-29T08:19:45.718+0000][712.261s][info ][gc,phases   ] GC(77)   Post Evacuate Collection Set: 3.1ms
[2025-11-29T08:19:45.719+0000][712.262s][info ][gc,phases   ] GC(77)   Other: 2.0ms
[2025-11-29T08:19:45.719+0000][712.263s][info ][gc,heap     ] GC(77) Eden regions: 404->0(435)
[2025-11-29T08:19:45.720+0000][712.263s][info ][gc,heap     ] GC(77) Survivor regions: 6->4(52)
[2025-11-29T08:19:45.720+0000][712.264s][info ][gc,heap     ] GC(77) Old regions: 375->375
[2025-11-29T08:19:45.721+0000][712.264s][info ][gc,heap     ] GC(77) Archive regions: 2->2
[2025-11-29T08:19:45.721+0000][712.265s][info ][gc,heap     ] GC(77) Humongous regions: 12->12
[2025-11-29T08:19:45.722+0000][712.265s][info ][gc,metaspace] GC(77) Metaspace: 189491K(190848K)->189491K(190848K) NonClass: 166226K(166912K)->166226K(166912K) Class: 23264K(23936K)->23264K(23936K)
[2025-11-29T08:19:45.722+0000][712.265s][info ][gc          ] GC(77) Pause Young (Normal) (G1 Evacuation Pause) 797M->391M(1047M) 19.153ms
[2025-11-29T08:19:45.722+0000][712.266s][info ][gc,cpu      ] GC(77) User=0.06s Sys=0.00s Real=0.02s
[2025-11-29T08:19:45.723+0000][712.266s][info ][safepoint   ] Safepoint "G1CollectForAllocation", Time since last: 51569755435 ns, Reaching safepoint: 983137 ns, Cleanup: 5363 ns, At safepoint: 19981132 ns, Total: 20969632 ns
[2025-11-29T08:19:46.724+0000][713.267s][debug][safepoint   ] Safepoint synchronization initiated using futex wait barrier. (223 threads)
[2025-11-29T08:19:46.725+0000][713.268s][info ][safepoint   ] Safepoint "Cleanup", Time since last: 1001233494 ns, Reaching safepoint: 862851 ns, Cleanup: 65163 ns, At safepoint: 7994 ns, Total: 936008 ns
[2025-11-29T08:19:47.726+0000][714.269s][debug][safepoint   ] Safepoint synchronization initiated using futex wait barrier. (223 threads)
[2025-11-29T08:19:47.727+0000][714.270s][info ][safepoint   ] Safepoint "Cleanup", Time since last: 1000949868 ns, Reaching safepoint: 1043348 ns, Cleanup: 16083 ns, At safepoint: 4939 ns, Total: 1064370 ns
[2025-11-29T08:19:54.729+0000][721.273s][debug][safepoint   ] Safepoint synchronization initiated using futex wait barrier. (221 threads)
[2025-11-29T08:19:54.730+0000][721.274s][info ][safepoint   ] Safepoint "Cleanup", Time since last: 7002721196 ns, Reaching safepoint: 709749 ns, Cleanup: 58179 ns, At safepoint: 14787 ns, Total: 782715 ns
[2025-11-29T08:20:46.738+0000][773.288s][debug][safepoint   ] Safepoint synchronization initiated using futex wait barrier. (221 threads)
[2025-11-29T08:20:46.739+0000][773.289s][info ][safepoint   ] Safepoint "Cleanup", Time since last: 52014235374 ns, Reaching safepoint: 789451 ns, Cleanup: 19091 ns, At safepoint: 5298 ns, Total: 813840 ns
[2025-11-29T08:21:01.741+0000][788.293s][debug][safepoint   ] Safepoint synchronization initiated using futex wait barrier. (222 threads)
[2025-11-29T08:21:01.741+0000][788.294s][info ][safepoint   ] Safepoint "Cleanup", Time since last: 15004479307 ns, Reaching safepoint: 778157 ns, Cleanup: 23439 ns, At safepoint: 10984 ns, Total: 812580 ns
[2025-11-29T08:21:11.745+0000][798.297s][debug][safepoint   ] Safepoint synchronization initiated using futex wait barrier. (222 threads)
[2025-11-29T08:21:11.746+0000][798.298s][info ][safepoint   ] Safepoint "Cleanup", Time since last: 10003355352 ns, Reaching safepoint: 779468 ns, Cleanup: 28921 ns, At safepoint: 7142 ns, Total: 815531 ns
[2025-11-29T08:21:13.747+0000][800.299s][debug][safepoint   ] Safepoint synchronization initiated using futex wait barrier. (222 threads)
[2025-11-29T08:21:13.748+0000][800.300s][info ][safepoint   ] Safepoint "Cleanup", Time since last: 2001155767 ns, Reaching safepoint: 859503 ns, Cleanup: 14907 ns, At safepoint: 4331 ns, Total: 878741 ns
[2025-11-29T08:21:21.750+0000][808.303s][debug][safepoint   ] Safepoint synchronization initiated using futex wait barrier. (222 threads)
[2025-11-29T08:21:21.752+0000][808.304s][info ][safepoint   ] Safepoint "Cleanup", Time since last: 8002776203 ns, Reaching safepoint: 1185423 ns, Cleanup: 15136 ns, At safepoint: 7412 ns, Total: 1207971 ns
[2025-11-29T08:21:27.754+0000][814.306s][debug][safepoint   ] Safepoint synchronization initiated using futex wait barrier. (222 threads)
[2025-11-29T08:21:27.755+0000][814.307s][info ][safepoint   ] Safepoint "Cleanup", Time since last: 6002125845 ns, Reaching safepoint: 952131 ns, Cleanup: 13121 ns, At safepoint: 5239 ns, Total: 970491 ns
[2025-11-29T08:21:41.755+0000][828.312s][debug][safepoint   ] Safepoint synchronization initiated using futex wait barrier. (222 threads)
[2025-11-29T08:21:41.756+0000][828.313s][info ][safepoint   ] Safepoint "Cleanup", Time since last: 14004194226 ns, Reaching safepoint: 1172262 ns, Cleanup: 19052 ns, At safepoint: 8214 ns, Total: 1199528 ns
[2025-11-29T08:21:46.759+0000][833.315s][debug][safepoint   ] Safepoint synchronization initiated using futex wait barrier. (222 threads)
[2025-11-29T08:21:46.760+0000][833.317s][info ][safepoint   ] Safepoint "Cleanup", Time since last: 5002672871 ns, Reaching safepoint: 1312749 ns, Cleanup: 50419 ns, At safepoint: 14996 ns, Total: 1378164 ns
[2025-11-29T08:21:47.762+0000][834.318s][debug][safepoint   ] Safepoint synchronization initiated using futex wait barrier. (222 threads)
[2025-11-29T08:21:47.763+0000][834.320s][info ][safepoint   ] Safepoint "Cleanup", Time since last: 1001627182 ns, Reaching safepoint: 1109598 ns, Cleanup: 38237 ns, At safepoint: 17358 ns, Total: 1165193 ns
[2025-11-29T08:21:56.767+0000][843.324s][debug][safepoint   ] Safepoint synchronization initiated using futex wait barrier. (221 threads)
[2025-11-29T08:21:56.768+0000][843.325s][info ][safepoint   ] Safepoint "Cleanup", Time since last: 9004012507 ns, Reaching safepoint: 1112716 ns, Cleanup: 25671 ns, At safepoint: 10067 ns, Total: 1148454 ns
[2025-11-29T08:22:46.778+0000][893.340s][debug][safepoint   ] Safepoint synchronization initiated using futex wait barrier. (221 threads)
[2025-11-29T08:22:46.779+0000][893.342s][info ][safepoint   ] Safepoint "Cleanup", Time since last: 50015691309 ns, Reaching safepoint: 968437 ns, Cleanup: 92713 ns, At safepoint: 31720 ns, Total: 1092870 ns
[2025-11-29T08:23:46.791+0000][953.360s][debug][safepoint   ] Safepoint synchronization initiated using futex wait barrier. (221 threads)
[2025-11-29T08:23:46.792+0000][953.361s][info ][safepoint   ] Safepoint "Cleanup", Time since last: 60018428625 ns, Reaching safepoint: 861876 ns, Cleanup: 17792 ns, At safepoint: 30129 ns, Total: 909797 ns
[2025-11-29T08:23:47.792+0000][954.362s][debug][safepoint   ] Safepoint synchronization initiated using futex wait barrier. (221 threads)
[2025-11-29T08:23:47.793+0000][954.363s][info ][safepoint   ] Safepoint "Cleanup", Time since last: 1000718310 ns, Reaching safepoint: 908358 ns, Cleanup: 18774 ns, At safepoint: 4052 ns, Total: 931184 ns
[2025-11-29T08:24:41.803+0000][1008.379s][debug][safepoint   ] Safepoint synchronization initiated using futex wait barrier. (222 threads)
[2025-11-29T08:24:41.804+0000][1008.380s][info ][safepoint   ] Safepoint "Cleanup", Time since last: 54016537742 ns, Reaching safepoint: 1233898 ns, Cleanup: 21113 ns, At safepoint: 9921 ns, Total: 1264932 ns
[2025-11-29T08:24:46.807+0000][1013.383s][debug][safepoint   ] Safepoint synchronization initiated using futex wait barrier. (222 threads)
[2025-11-29T08:24:46.809+0000][1013.385s][info ][safepoint   ] Safepoint "Cleanup", Time since last: 5002651411 ns, Reaching safepoint: 1596422 ns, Cleanup: 37837 ns, At safepoint: 15382 ns, Total: 1649641 ns
[2025-11-29T08:24:59.814+0000][1026.390s][debug][safepoint   ] Safepoint synchronization initiated using futex wait barrier. (224 threads)
[2025-11-29T08:24:59.815+0000][1026.391s][info ][safepoint   ] Safepoint "Cleanup", Time since last: 13005264388 ns, Reaching safepoint: 1128029 ns, Cleanup: 20122 ns, At safepoint: 7016 ns, Total: 1155167 ns
[2025-11-29T08:25:11.816+0000][1038.395s][debug][safepoint   ] Safepoint synchronization initiated using futex wait barrier. (224 threads)
[2025-11-29T08:25:11.817+0000][1038.397s][info ][safepoint   ] Safepoint "Cleanup", Time since last: 12004209446 ns, Reaching safepoint: 1216300 ns, Cleanup: 22055 ns, At safepoint: 7669 ns, Total: 1246024 ns
[2025-11-29T08:25:21.821+0000][1048.401s][debug][safepoint   ] Safepoint synchronization initiated using futex wait barrier. (224 threads)
[2025-11-29T08:25:21.822+0000][1048.402s][info ][safepoint   ] Safepoint "Cleanup", Time since last: 10004052027 ns, Reaching safepoint: 1162123 ns, Cleanup: 26625 ns, At safepoint: 9104 ns, Total: 1197852 ns
[2025-11-29T08:25:31.824+0000][1058.406s][debug][safepoint   ] Safepoint synchronization initiated using futex wait barrier. (224 threads)
[2025-11-29T08:25:31.825+0000][1058.407s][info ][safepoint   ] Safepoint "Cleanup", Time since last: 10003968293 ns, Reaching safepoint: 1072886 ns, Cleanup: 22361 ns, At safepoint: 40572 ns, Total: 1135819 ns
[2025-11-29T08:25:53.368+0000][1079.949s][debug][safepoint   ] Safepoint synchronization initiated using futex wait barrier. (224 threads)
[2025-11-29T08:25:53.368+0000][1079.950s][info ][gc,start    ] GC(78) Pause Young (Normal) (G1 Evacuation Pause)
[2025-11-29T08:25:53.369+0000][1079.950s][info ][gc,task     ] GC(78) Using 10 workers of 10 for evacuation
[2025-11-29T08:25:53.379+0000][1079.960s][info ][gc,phases   ] GC(78)   Pre Evacuate Collection Set: 0.6ms
[2025-11-29T08:25:53.379+0000][1079.961s][info ][gc,phases   ] GC(78)   Merge Heap Roots: 0.4ms
[2025-11-29T08:25:53.380+0000][1079.962s][info ][gc,phases   ] GC(78)   Evacuate Collection Set: 6.3ms
[2025-11-29T08:25:53.380+0000][1079.962s][info ][gc,phases   ] GC(78)   Post Evacuate Collection Set: 1.8ms
[2025-11-29T08:25:53.381+0000][1079.962s][info ][gc,phases   ] GC(78)   Other: 1.0ms
[2025-11-29T08:25:53.381+0000][1079.963s][info ][gc,heap     ] GC(78) Eden regions: 435->0(460)
[2025-11-29T08:25:53.382+0000][1079.963s][info ][gc,heap     ] GC(78) Survivor regions: 4->3(55)
[2025-11-29T08:25:53.382+0000][1079.964s][info ][gc,heap     ] GC(78) Old regions: 375->375
[2025-11-29T08:25:53.383+0000][1079.964s][info ][gc,heap     ] GC(78) Archive regions: 2->2
[2025-11-29T08:25:53.383+0000][1079.965s][info ][gc,heap     ] GC(78) Humongous regions: 12->12
[2025-11-29T08:25:53.384+0000][1079.965s][info ][gc,metaspace] GC(78) Metaspace: 189704K(191104K)->189704K(191104K) NonClass: 166435K(167168K)->166435K(167168K) Class: 23268K(23936K)->23268K(23936K)
[2025-11-29T08:25:53.384+0000][1079.966s][info ][gc          ] GC(78) Pause Young (Normal) (G1 Evacuation Pause) 826M->390M(1047M) 15.670ms
[2025-11-29T08:25:53.385+0000][1079.966s][info ][gc,cpu      ] GC(78) User=0.06s Sys=0.00s Real=0.02s
[2025-11-29T08:25:53.385+0000][1079.967s][info ][safepoint   ] Safepoint "G1CollectForAllocation", Time since last: 21542472781 ns, Reaching safepoint: 659706 ns, Cleanup: 6262 ns, At safepoint: 16514312 ns, Total: 17180280 ns
[2025-11-29T08:26:00.689+0000][1087.274s][debug][safepoint   ] Safepoint synchronization initiated using futex wait barrier. (222 threads)
[2025-11-29T08:26:00.689+0000][1087.274s][info ][safepoint   ] Safepoint "Cleanup", Time since last: 7307377338 ns, Reaching safepoint: 566053 ns, Cleanup: 18111 ns, At safepoint: 7315 ns, Total: 591479 ns
[2025-11-29T08:26:11.693+0000][1098.278s][debug][safepoint   ] Safepoint synchronization initiated using futex wait barrier. (222 threads)
[2025-11-29T08:26:11.694+0000][1098.279s][info ][safepoint   ] Safepoint "Cleanup", Time since last: 11003651713 ns, Reaching safepoint: 581818 ns, Cleanup: 17241 ns, At safepoint: 6706 ns, Total: 605765 ns
[2025-11-29T08:26:21.697+0000][1108.282s][debug][safepoint   ] Safepoint synchronization initiated using futex wait barrier. (222 threads)
[2025-11-29T08:26:21.698+0000][1108.283s][info ][safepoint   ] Safepoint "Cleanup", Time since last: 10003572004 ns, Reaching safepoint: 767906 ns, Cleanup: 16571 ns, At safepoint: 8088 ns, Total: 792565 ns
[2025-11-29T08:27:37.752+0000][1184.346s][debug][safepoint   ] Safepoint synchronization initiated using futex wait barrier. (222 threads)
[2025-11-29T08:27:37.753+0000][1184.347s][info ][safepoint   ] Safepoint "Cleanup", Time since last: 76063170363 ns, Reaching safepoint: 975443 ns, Cleanup: 19801 ns, At safepoint: 8412 ns, Total: 1003656 ns
[2025-11-29T08:27:46.757+0000][1193.351s][debug][safepoint   ] Safepoint synchronization initiated using futex wait barrier. (222 threads)
[2025-11-29T08:27:46.758+0000][1193.352s][info ][safepoint   ] Safepoint "Cleanup", Time since last: 9003389568 ns, Reaching safepoint: 1331831 ns, Cleanup: 25730 ns, At safepoint: 13281 ns, Total: 1370842 ns
[2025-11-29T08:27:50.760+0000][1197.354s][debug][safepoint   ] Safepoint synchronization initiated using futex wait barrier. (222 threads)
[2025-11-29T08:27:50.761+0000][1197.355s][info ][safepoint   ] Safepoint "Cleanup", Time since last: 4002409476 ns, Reaching safepoint: 1008529 ns, Cleanup: 15845 ns, At safepoint: 8525 ns, Total: 1032899 ns
[2025-11-29T08:28:46.812+0000][1253.414s][debug][safepoint   ] Safepoint synchronization initiated using futex wait barrier. (222 threads)
[2025-11-29T08:28:46.813+0000][1253.415s][info ][safepoint   ] Safepoint "Cleanup", Time since last: 56058394724 ns, Reaching safepoint: 601378 ns, Cleanup: 16646 ns, At safepoint: 13097 ns, Total: 631121 ns
[2025-11-29T08:29:03.815+0000][1270.420s][debug][safepoint   ] Safepoint synchronization initiated using futex wait barrier. (221 threads)
[2025-11-29T08:29:03.816+0000][1270.421s][info ][safepoint   ] Safepoint "Cleanup", Time since last: 17005422120 ns, Reaching safepoint: 933563 ns, Cleanup: 31386 ns, At safepoint: 9669 ns, Total: 974618 ns
[2025-11-29T08:29:21.823+0000][1288.427s][debug][safepoint   ] Safepoint synchronization initiated using futex wait barrier. (221 threads)
[2025-11-29T08:29:21.824+0000][1288.428s][info ][safepoint   ] Safepoint "Cleanup", Time since last: 18006370734 ns, Reaching safepoint: 1171302 ns, Cleanup: 20987 ns, At safepoint: 6756 ns, Total: 1199045 ns
[2025-11-29T08:29:31.826+0000][1298.433s][debug][safepoint   ] Safepoint synchronization initiated using futex wait barrier. (221 threads)
[2025-11-29T08:29:31.827+0000][1298.434s][info ][safepoint   ] Safepoint "Cleanup", Time since last: 10004791427 ns, Reaching safepoint: 1043346 ns, Cleanup: 34161 ns, At safepoint: 9642 ns, Total: 1087149 ns
[2025-11-29T08:30:04.834+0000][1331.445s][debug][safepoint   ] Safepoint synchronization initiated using futex wait barrier. (221 threads)
[2025-11-29T08:30:04.835+0000][1331.446s][info ][safepoint   ] Safepoint "Cleanup", Time since last: 33010691960 ns, Reaching safepoint: 1031957 ns, Cleanup: 14893 ns, At safepoint: 5306 ns, Total: 1052156 ns
[2025-11-29T08:30:31.841+0000][1358.454s][debug][safepoint   ] Safepoint synchronization initiated using futex wait barrier. (221 threads)
[2025-11-29T08:30:31.842+0000][1358.455s][info ][safepoint   ] Safepoint "Cleanup", Time since last: 27007880983 ns, Reaching safepoint: 936525 ns, Cleanup: 15503 ns, At safepoint: 5628 ns, Total: 957656 ns
[2025-11-29T08:30:46.846+0000][1373.460s][debug][safepoint   ] Safepoint synchronization initiated using futex wait barrier. (221 threads)
[2025-11-29T08:30:46.847+0000][1373.460s][info ][safepoint   ] Safepoint "Cleanup", Time since last: 15004733206 ns, Reaching safepoint: 518455 ns, Cleanup: 12797 ns, At safepoint: 3291 ns, Total: 534543 ns
[2025-11-29T08:31:05.975+0000][1392.591s][debug][safepoint   ] Safepoint synchronization initiated using futex wait barrier. (223 threads)
[2025-11-29T08:31:05.976+0000][1392.592s][info ][safepoint   ] Safepoint "Cleanup", Time since last: 19130834724 ns, Reaching safepoint: 871352 ns, Cleanup: 12898 ns, At safepoint: 17514 ns, Total: 901764 ns
[2025-11-29T08:31:44.984+0000][1431.604s][debug][safepoint   ] Safepoint synchronization initiated using futex wait barrier. (223 threads)
[2025-11-29T08:31:44.985+0000][1431.605s][info ][safepoint   ] Safepoint "Cleanup", Time since last: 39012180562 ns, Reaching safepoint: 1004338 ns, Cleanup: 16651 ns, At safepoint: 7855 ns, Total: 1028844 ns
[2025-11-29T08:31:46.986+0000][1433.606s][debug][safepoint   ] Safepoint synchronization initiated using futex wait barrier. (223 threads)
[2025-11-29T08:31:46.987+0000][1433.607s][info ][safepoint   ] Safepoint "Cleanup", Time since last: 2001257176 ns, Reaching safepoint: 769014 ns, Cleanup: 15760 ns, At safepoint: 6847 ns, Total: 791621 ns
[2025-11-29T08:32:06.990+0000][1453.613s][debug][safepoint   ] Safepoint synchronization initiated using futex wait barrier. (222 threads)
[2025-11-29T08:32:06.991+0000][1453.614s][info ][safepoint   ] Safepoint "Cleanup", Time since last: 20005467502 ns, Reaching safepoint: 1157937 ns, Cleanup: 20934 ns, At safepoint: 7364 ns, Total: 1186235 ns
[2025-11-29T08:32:22.090+0000][1468.713s][debug][safepoint   ] Safepoint synchronization initiated using futex wait barrier. (222 threads)
[2025-11-29T08:32:22.091+0000][1468.714s][info ][gc,start    ] GC(79) Pause Young (Normal) (G1 Evacuation Pause)
[2025-11-29T08:32:22.092+0000][1468.715s][info ][gc,task     ] GC(79) Using 10 workers of 10 for evacuation
[2025-11-29T08:32:22.101+0000][1468.724s][info ][gc,phases   ] GC(79)   Pre Evacuate Collection Set: 0.7ms
[2025-11-29T08:32:22.102+0000][1468.725s][info ][gc,phases   ] GC(79)   Merge Heap Roots: 0.6ms
[2025-11-29T08:32:22.103+0000][1468.726s][info ][gc,phases   ] GC(79)   Evacuate Collection Set: 3.9ms
[2025-11-29T08:32:22.104+0000][1468.727s][info ][gc,phases   ] GC(79)   Post Evacuate Collection Set: 2.2ms
[2025-11-29T08:32:22.105+0000][1468.727s][info ][gc,phases   ] GC(79)   Other: 2.6ms
[2025-11-29T08:32:22.106+0000][1468.728s][info ][gc,heap     ] GC(79) Eden regions: 460->0(480)
[2025-11-29T08:32:22.106+0000][1468.729s][info ][gc,heap     ] GC(79) Survivor regions: 3->3(58)
[2025-11-29T08:32:22.107+0000][1468.730s][info ][gc,heap     ] GC(79) Old regions: 375->375
[2025-11-29T08:32:22.108+0000][1468.730s][info ][gc,heap     ] GC(79) Archive regions: 2->2
[2025-11-29T08:32:22.108+0000][1468.731s][info ][gc,heap     ] GC(79) Humongous regions: 12->12
[2025-11-29T08:32:22.109+0000][1468.731s][info ][gc,metaspace] GC(79) Metaspace: 189770K(191168K)->189770K(191168K) NonClass: 166501K(167232K)->166501K(167232K) Class: 23269K(23936K)->23269K(23936K)
[2025-11-29T08:32:22.109+0000][1468.732s][info ][gc          ] GC(79) Pause Young (Normal) (G1 Evacuation Pause) 850M->390M(1047M) 18.050ms
[2025-11-29T08:32:22.110+0000][1468.733s][info ][gc,cpu      ] GC(79) User=0.03s Sys=0.00s Real=0.02s
[2025-11-29T08:32:22.111+0000][1468.734s][info ][safepoint   ] Safepoint "G1CollectForAllocation", Time since last: 15098731610 ns, Reaching safepoint: 998016 ns, Cleanup: 7791 ns, At safepoint: 20422490 ns, Total: 21428297 ns
[2025-11-29T08:32:45.115+0000][1491.741s][debug][safepoint   ] Safepoint synchronization initiated using futex wait barrier. (222 threads)
[2025-11-29T08:32:45.116+0000][1491.742s][info ][safepoint   ] Safepoint "Cleanup", Time since last: 23006733882 ns, Reaching safepoint: 784333 ns, Cleanup: 28689 ns, At safepoint: 3087 ns, Total: 816109 ns
[2025-11-29T08:32:47.116+0000][1493.743s][debug][safepoint   ] Safepoint synchronization initiated using futex wait barrier. (222 threads)
[2025-11-29T08:32:47.117+0000][1493.743s][info ][safepoint   ] Safepoint "Cleanup", Time since last: 2000939904 ns, Reaching safepoint: 794913 ns, Cleanup: 15719 ns, At safepoint: 3396 ns, Total: 814028 ns
[2025-11-29T08:32:48.118+0000][1494.744s][debug][safepoint   ] Safepoint synchronization initiated using futex wait barrier. (222 threads)
[2025-11-29T08:32:48.119+0000][1494.745s][info ][safepoint   ] Safepoint "Cleanup", Time since last: 1000854902 ns, Reaching safepoint: 694829 ns, Cleanup: 18164 ns, At safepoint: 5897 ns, Total: 718890 ns
[2025-11-29T08:33:08.094+0000][1514.723s][debug][safepoint   ] Safepoint synchronization initiated using futex wait barrier. (222 threads)
[2025-11-29T08:33:08.095+0000][1514.724s][info ][safepoint   ] Safepoint "Cleanup", Time since last: 19978319350 ns, Reaching safepoint: 1038614 ns, Cleanup: 21991 ns, At safepoint: 8995 ns, Total: 1069600 ns
[2025-11-29T08:33:47.104+0000][1553.736s][debug][safepoint   ] Safepoint synchronization initiated using futex wait barrier. (222 threads)
[2025-11-29T08:33:47.105+0000][1553.737s][info ][safepoint   ] Safepoint "Cleanup", Time since last: 39011378112 ns, Reaching safepoint: 948447 ns, Cleanup: 12716 ns, At safepoint: 5441 ns, Total: 966604 ns
[2025-11-29T08:34:09.147+0000][1575.782s][debug][safepoint   ] Safepoint synchronization initiated using futex wait barrier. (222 threads)
[2025-11-29T08:34:09.148+0000][1575.782s][info ][safepoint   ] Safepoint "Cleanup", Time since last: 22044944114 ns, Reaching safepoint: 785811 ns, Cleanup: 16223 ns, At safepoint: 10884 ns, Total: 812918 ns
[2025-11-29T08:34:12.149+0000][1578.784s][debug][safepoint   ] Safepoint synchronization initiated using futex wait barrier. (222 threads)
[2025-11-29T08:34:12.150+0000][1578.785s][info ][safepoint   ] Safepoint "Cleanup", Time since last: 3001527546 ns, Reaching safepoint: 571985 ns, Cleanup: 26204 ns, At safepoint: 4650 ns, Total: 602839 ns
[2025-11-29T08:34:47.157+0000][1613.794s][debug][safepoint   ] Safepoint synchronization initiated using futex wait barrier. (222 threads)
[2025-11-29T08:34:47.158+0000][1613.795s][info ][safepoint   ] Safepoint "Cleanup", Time since last: 35009737937 ns, Reaching safepoint: 1120833 ns, Cleanup: 17148 ns, At safepoint: 7275 ns, Total: 1145256 ns
[2025-11-29T08:35:35.167+0000][1661.810s][debug][safepoint   ] Safepoint synchronization initiated using futex wait barrier. (222 threads)
[2025-11-29T08:35:35.168+0000][1661.811s][info ][safepoint   ] Safepoint "Cleanup", Time since last: 48014613673 ns, Reaching safepoint: 1265788 ns, Cleanup: 60835 ns, At safepoint: 12047 ns, Total: 1338670 ns
[2025-11-29T08:35:47.172+0000][1673.815s][debug][safepoint   ] Safepoint synchronization initiated using futex wait barrier. (222 threads)
[2025-11-29T08:35:47.174+0000][1673.817s][info ][safepoint   ] Safepoint "Cleanup", Time since last: 12004055600 ns, Reaching safepoint: 1306707 ns, Cleanup: 23434 ns, At safepoint: 45574 ns, Total: 1375715 ns
[2025-11-29T08:36:09.265+0000][1695.911s][debug][safepoint   ] Safepoint synchronization initiated using futex wait barrier. (222 threads)
[2025-11-29T08:36:09.266+0000][1695.912s][info ][safepoint   ] Safepoint "Cleanup", Time since last: 22094538635 ns, Reaching safepoint: 799508 ns, Cleanup: 32425 ns, At safepoint: 8390 ns, Total: 840323 ns
[2025-11-29T08:36:10.267+0000][1696.913s][debug][safepoint   ] Safepoint synchronization initiated using futex wait barrier. (221 threads)
[2025-11-29T08:36:10.268+0000][1696.914s][info ][safepoint   ] Safepoint "Cleanup", Time since last: 1000796004 ns, Reaching safepoint: 752786 ns, Cleanup: 9068 ns, At safepoint: 22260 ns, Total: 784114 ns
[2025-11-29T08:37:02.326+0000][1748.977s][debug][safepoint   ] Safepoint synchronization initiated using futex wait barrier. (221 threads)
[2025-11-29T08:37:02.327+0000][1748.979s][info ][safepoint   ] Safepoint "Cleanup", Time since last: 52063591865 ns, Reaching safepoint: 1460644 ns, Cleanup: 176335 ns, At safepoint: 16116 ns, Total: 1653095 ns
[2025-11-29T08:37:03.328+0000][1749.980s][debug][safepoint   ] Safepoint synchronization initiated using futex wait barrier. (221 threads)
[2025-11-29T08:37:03.330+0000][1749.981s][info ][safepoint   ] Safepoint "Cleanup", Time since last: 1001211657 ns, Reaching safepoint: 975395 ns, Cleanup: 212364 ns, At safepoint: 19450 ns, Total: 1207209 ns
[2025-11-29T08:37:11.333+0000][1757.985s][debug][safepoint   ] Safepoint synchronization initiated using futex wait barrier. (223 threads)
[2025-11-29T08:37:11.334+0000][1757.986s][info ][safepoint   ] Safepoint "Cleanup", Time since last: 8003330362 ns, Reaching safepoint: 837883 ns, Cleanup: 21268 ns, At safepoint: 5511 ns, Total: 864662 ns
[2025-11-29T08:37:30.337+0000][1776.992s][debug][safepoint   ] Safepoint synchronization initiated using futex wait barrier. (225 threads)
[2025-11-29T08:37:30.339+0000][1776.993s][info ][safepoint   ] Safepoint "Cleanup", Time since last: 19006213010 ns, Reaching safepoint: 1081742 ns, Cleanup: 18318 ns, At safepoint: 4379 ns, Total: 1104439 ns
[2025-11-29T08:37:32.340+0000][1778.994s][debug][safepoint   ] Safepoint synchronization initiated using futex wait barrier. (225 threads)
[2025-11-29T08:37:32.341+0000][1778.996s][info ][safepoint   ] Safepoint "Cleanup", Time since last: 2001550252 ns, Reaching safepoint: 1115640 ns, Cleanup: 19265 ns, At safepoint: 8127 ns, Total: 1143032 ns
[2025-11-29T08:37:38.344+0000][1784.998s][debug][safepoint   ] Safepoint synchronization initiated using futex wait barrier. (225 threads)
[2025-11-29T08:37:38.345+0000][1784.999s][info ][safepoint   ] Safepoint "Cleanup", Time since last: 6002663505 ns, Reaching safepoint: 1087278 ns, Cleanup: 17032 ns, At safepoint: 8315 ns, Total: 1112625 ns
[2025-11-29T08:37:47.348+0000][1794.002s][debug][safepoint   ] Safepoint synchronization initiated using futex wait barrier. (225 threads)
[2025-11-29T08:37:47.349+0000][1794.003s][info ][safepoint   ] Safepoint "Cleanup", Time since last: 9002884791 ns, Reaching safepoint: 964765 ns, Cleanup: 16452 ns, At safepoint: 11053 ns, Total: 992270 ns
[2025-11-29T08:37:58.389+0000][1805.043s][debug][safepoint   ] Safepoint synchronization initiated using futex wait barrier. (225 threads)
[2025-11-29T08:37:58.390+0000][1805.044s][info ][safepoint   ] Safepoint "Cleanup", Time since last: 11039821615 ns, Reaching safepoint: 1032057 ns, Cleanup: 16158 ns, At safepoint: 6516 ns, Total: 1054731 ns
[2025-11-29T08:38:00.387+0000][1807.045s][debug][safepoint   ] Safepoint synchronization initiated using futex wait barrier. (225 threads)
[2025-11-29T08:38:00.388+0000][1807.046s][info ][safepoint   ] Safepoint "Cleanup", Time since last: 2000917995 ns, Reaching safepoint: 635007 ns, Cleanup: 14463 ns, At safepoint: 4327 ns, Total: 653797 ns
[2025-11-29T08:38:12.391+0000][1819.049s][debug][safepoint   ] Safepoint synchronization initiated using futex wait barrier. (223 threads)
[2025-11-29T08:38:12.392+0000][1819.050s][info ][safepoint   ] Safepoint "Cleanup", Time since last: 12003752378 ns, Reaching safepoint: 824968 ns, Cleanup: 26337 ns, At safepoint: 7409 ns, Total: 858714 ns
[2025-11-29T08:38:41.399+0000][1848.059s][debug][safepoint   ] Safepoint synchronization initiated using futex wait barrier. (221 threads)
[2025-11-29T08:38:41.400+0000][1848.060s][info ][safepoint   ] Safepoint "Cleanup", Time since last: 29008413907 ns, Reaching safepoint: 932848 ns, Cleanup: 10565 ns, At safepoint: 3659 ns, Total: 947072 ns
[2025-11-29T08:38:42.401+0000][1849.061s][debug][safepoint   ] Safepoint synchronization initiated using futex wait barrier. (221 threads)
[2025-11-29T08:38:42.402+0000][1849.062s][info ][safepoint   ] Safepoint "Cleanup", Time since last: 1001367910 ns, Reaching safepoint: 1180516 ns, Cleanup: 21389 ns, At safepoint: 9842 ns, Total: 1211747 ns
[2025-11-29T08:38:47.405+0000][1854.065s][debug][safepoint   ] Safepoint synchronization initiated using futex wait barrier. (221 threads)
[2025-11-29T08:38:47.406+0000][1854.066s][info ][safepoint   ] Safepoint "Cleanup", Time since last: 5002339394 ns, Reaching safepoint: 931753 ns, Cleanup: 26256 ns, At safepoint: 9763 ns, Total: 967772 ns
[2025-11-29T08:39:07.780+0000][1874.444s][debug][safepoint   ] Safepoint synchronization initiated using futex wait barrier. (221 threads)
[2025-11-29T08:39:07.781+0000][1874.445s][info ][gc,start    ] GC(80) Pause Young (Normal) (G1 Evacuation Pause)
[2025-11-29T08:39:07.782+0000][1874.446s][info ][gc,task     ] GC(80) Using 10 workers of 10 for evacuation
[2025-11-29T08:39:07.792+0000][1874.455s][info ][gc,phases   ] GC(80)   Pre Evacuate Collection Set: 0.7ms
[2025-11-29T08:39:07.792+0000][1874.456s][info ][gc,phases   ] GC(80)   Merge Heap Roots: 0.3ms
[2025-11-29T08:39:07.793+0000][1874.457s][info ][gc,phases   ] GC(80)   Evacuate Collection Set: 4.2ms
[2025-11-29T08:39:07.794+0000][1874.458s][info ][gc,phases   ] GC(80)   Post Evacuate Collection Set: 3.0ms
[2025-11-29T08:39:07.795+0000][1874.459s][info ][gc,phases   ] GC(80)   Other: 2.5ms
[2025-11-29T08:39:07.795+0000][1874.459s][info ][gc,heap     ] GC(80) Eden regions: 480->0(493)
[2025-11-29T08:39:07.796+0000][1874.460s][info ][gc,heap     ] GC(80) Survivor regions: 3->4(61)
[2025-11-29T08:39:07.797+0000][1874.461s][info ][gc,heap     ] GC(80) Old regions: 375->375
[2025-11-29T08:39:07.798+0000][1874.461s][info ][gc,heap     ] GC(80) Archive regions: 2->2
[2025-11-29T08:39:07.798+0000][1874.462s][info ][gc,heap     ] GC(80) Humongous regions: 12->12
[2025-11-29T08:39:07.799+0000][1874.462s][info ][gc,metaspace] GC(80) Metaspace: 189892K(191296K)->189892K(191296K) NonClass: 166623K(167360K)->166623K(167360K) Class: 23269K(23936K)->23269K(23936K)
[2025-11-29T08:39:07.799+0000][1874.463s][info ][gc          ] GC(80) Pause Young (Normal) (G1 Evacuation Pause) 870M->391M(1047M) 18.245ms
[2025-11-29T08:39:07.800+0000][1874.464s][info ][gc,cpu      ] GC(80) User=0.04s Sys=0.00s Real=0.01s
[2025-11-29T08:39:07.800+0000][1874.464s][info ][safepoint   ] Safepoint "G1CollectForAllocation", Time since last: 20378343049 ns, Reaching safepoint: 731170 ns, Cleanup: 6725 ns, At safepoint: 19447264 ns, Total: 20185159 ns
[2025-11-29T08:40:14.816+0000][1941.484s][debug][safepoint   ] Safepoint synchronization initiated using futex wait barrier. (221 threads)
[2025-11-29T08:40:14.817+0000][1941.485s][info ][safepoint   ] Safepoint "Cleanup", Time since last: 67020183944 ns, Reaching safepoint: 1073918 ns, Cleanup: 23706 ns, At safepoint: 9430 ns, Total: 1107054 ns
[2025-11-29T08:40:36.822+0000][1963.493s][debug][safepoint   ] Safepoint synchronization initiated using futex wait barrier. (221 threads)
[2025-11-29T08:40:36.824+0000][1963.495s][info ][safepoint   ] Safepoint "Cleanup", Time since last: 22007967534 ns, Reaching safepoint: 1180632 ns, Cleanup: 23174 ns, At safepoint: 12226 ns, Total: 1216032 ns
[2025-11-29T08:41:15.569+0000][2002.246s][debug][safepoint   ] Safepoint synchronization initiated using futex wait barrier. (221 threads)
[2025-11-29T08:41:15.571+0000][2002.247s][info ][safepoint   ] Safepoint "Cleanup", Time since last: 38751151112 ns, Reaching safepoint: 1123581 ns, Cleanup: 29213 ns, At safepoint: 10806 ns, Total: 1163600 ns
[2025-11-29T08:41:47.579+0000][2034.256s][debug][safepoint   ] Safepoint synchronization initiated using futex wait barrier. (221 threads)
[2025-11-29T08:41:47.579+0000][2034.257s][info ][safepoint   ] Safepoint "Cleanup", Time since last: 32009538149 ns, Reaching safepoint: 705663 ns, Cleanup: 17350 ns, At safepoint: 7260 ns, Total: 730273 ns
[2025-11-29T08:42:16.631+0000][2063.310s][debug][safepoint   ] Safepoint synchronization initiated using futex wait barrier. (221 threads)
[2025-11-29T08:42:16.632+0000][2063.311s][info ][safepoint   ] Safepoint "Cleanup", Time since last: 29053168086 ns, Reaching safepoint: 1056542 ns, Cleanup: 23928 ns, At safepoint: 8602 ns, Total: 1089072 ns
[2025-11-29T08:43:16.692+0000][2123.377s][debug][safepoint   ] Safepoint synchronization initiated using futex wait barrier. (220 threads)
[2025-11-29T08:43:16.693+0000][2123.378s][info ][safepoint   ] Safepoint "Cleanup", Time since last: 60065806523 ns, Reaching safepoint: 1129062 ns, Cleanup: 18129 ns, At safepoint: 7831 ns, Total: 1155022 ns
[2025-11-29T08:43:17.694+0000][2124.380s][debug][safepoint   ] Safepoint synchronization initiated using futex wait barrier. (222 threads)
[2025-11-29T08:43:17.696+0000][2124.381s][info ][safepoint   ] Safepoint "Cleanup", Time since last: 1001278895 ns, Reaching safepoint: 1186556 ns, Cleanup: 20386 ns, At safepoint: 7866 ns, Total: 1214808 ns
[2025-11-29T08:44:18.753+0000][2185.444s][debug][safepoint   ] Safepoint synchronization initiated using futex wait barrier. (220 threads)
[2025-11-29T08:44:18.754+0000][2185.445s][info ][safepoint   ] Safepoint "Cleanup", Time since last: 61062824430 ns, Reaching safepoint: 988516 ns, Cleanup: 22952 ns, At safepoint: 6268 ns, Total: 1017736 ns
[2025-11-29T08:45:03.806+0000][2230.502s][debug][safepoint   ] Safepoint synchronization initiated using futex wait barrier. (220 threads)
[2025-11-29T08:45:03.807+0000][2230.503s][info ][safepoint   ] Safepoint "Cleanup", Time since last: 45056987285 ns, Reaching safepoint: 1220164 ns, Cleanup: 21167 ns, At safepoint: 4798 ns, Total: 1246129 ns
[2025-11-29T08:45:11.095+0000][2237.791s][debug][safepoint   ] Safepoint synchronization initiated using futex wait barrier. (220 threads)
[2025-11-29T08:45:11.096+0000][2237.792s][info ][safepoint   ] Safepoint "Cleanup", Time since last: 7288071801 ns, Reaching safepoint: 946941 ns, Cleanup: 10673 ns, At safepoint: 28842 ns, Total: 986456 ns
[2025-11-29T08:45:12.097+0000][2238.793s][debug][safepoint   ] Safepoint synchronization initiated using futex wait barrier. (220 threads)
[2025-11-29T08:45:12.098+0000][2238.794s][info ][safepoint   ] Safepoint "Cleanup", Time since last: 1001205564 ns, Reaching safepoint: 990733 ns, Cleanup: 22642 ns, At safepoint: 6123 ns, Total: 1019498 ns
[2025-11-29T08:45:20.101+0000][2246.797s][debug][safepoint   ] Safepoint synchronization initiated using futex wait barrier. (221 threads)
[2025-11-29T08:45:20.102+0000][2246.798s][info ][safepoint   ] Safepoint "Cleanup", Time since last: 8002596153 ns, Reaching safepoint: 1125826 ns, Cleanup: 14317 ns, At safepoint: 5162 ns, Total: 1145305 ns
[2025-11-29T08:45:22.103+0000][2248.799s][debug][safepoint   ] Safepoint synchronization initiated using futex wait barrier. (221 threads)
[2025-11-29T08:45:22.104+0000][2248.800s][info ][safepoint   ] Safepoint "Cleanup", Time since last: 2001403040 ns, Reaching safepoint: 1058774 ns, Cleanup: 14607 ns, At safepoint: 6413 ns, Total: 1079794 ns
[2025-11-29T08:45:23.105+0000][2249.801s][debug][safepoint   ] Safepoint synchronization initiated using futex wait barrier. (221 threads)
[2025-11-29T08:45:23.106+0000][2249.802s][info ][safepoint   ] Safepoint "Cleanup", Time since last: 1000885607 ns, Reaching safepoint: 966235 ns, Cleanup: 14806 ns, At safepoint: 4706 ns, Total: 985747 ns
[2025-11-29T08:45:25.107+0000][2251.804s][debug][safepoint   ] Safepoint synchronization initiated using futex wait barrier. (221 threads)
[2025-11-29T08:45:25.109+0000][2251.805s][info ][safepoint   ] Safepoint "Cleanup", Time since last: 2001220010 ns, Reaching safepoint: 1351929 ns, Cleanup: 18806 ns, At safepoint: 9443 ns, Total: 1380178 ns
[2025-11-29T08:46:04.835+0000][2291.536s][debug][safepoint   ] Safepoint synchronization initiated using futex wait barrier. (221 threads)
[2025-11-29T08:46:04.837+0000][2291.538s][info ][gc,start    ] GC(81) Pause Young (Normal) (G1 Evacuation Pause)
[2025-11-29T08:46:04.838+0000][2291.539s][info ][gc,task     ] GC(81) Using 10 workers of 10 for evacuation
[2025-11-29T08:46:04.855+0000][2291.556s][info ][gc,phases   ] GC(81)   Pre Evacuate Collection Set: 0.5ms
[2025-11-29T08:46:04.856+0000][2291.557s][info ][gc,phases   ] GC(81)   Merge Heap Roots: 0.6ms
[2025-11-29T08:46:04.856+0000][2291.557s][info ][gc,phases   ] GC(81)   Evacuate Collection Set: 10.9ms
[2025-11-29T08:46:04.857+0000][2291.558s][info ][gc,phases   ] GC(81)   Post Evacuate Collection Set: 3.7ms
[2025-11-29T08:46:04.858+0000][2291.559s][info ][gc,phases   ] GC(81)   Other: 2.4ms
[2025-11-29T08:46:04.858+0000][2291.559s][info ][gc,heap     ] GC(81) Eden regions: 493->0(504)
[2025-11-29T08:46:04.859+0000][2291.560s][info ][gc,heap     ] GC(81) Survivor regions: 4->4(63)
[2025-11-29T08:46:04.859+0000][2291.561s][info ][gc,heap     ] GC(81) Old regions: 375->375
[2025-11-29T08:46:04.860+0000][2291.561s][info ][gc,heap     ] GC(81) Archive regions: 2->2
[2025-11-29T08:46:04.861+0000][2291.562s][info ][gc,heap     ] GC(81) Humongous regions: 12->12
[2025-11-29T08:46:04.861+0000][2291.563s][info ][gc,metaspace] GC(81) Metaspace: 189969K(191360K)->189969K(191360K) NonClass: 166696K(167424K)->166696K(167424K) Class: 23273K(23936K)->23273K(23936K)
[2025-11-29T08:46:04.862+0000][2291.563s][info ][gc          ] GC(81) Pause Young (Normal) (G1 Evacuation Pause) 884M->391M(1047M) 25.282ms
[2025-11-29T08:46:04.863+0000][2291.564s][info ][gc,cpu      ] GC(81) User=0.11s Sys=0.01s Real=0.02s
[2025-11-29T08:46:04.866+0000][2291.567s][info ][safepoint   ] Safepoint "G1CollectForAllocation", Time since last: 39731216738 ns, Reaching safepoint: 1687284 ns, Cleanup: 11131 ns, At safepoint: 28921768 ns, Total: 30620183 ns
[2025-11-29T08:46:46.875+0000][2333.580s][debug][safepoint   ] Safepoint synchronization initiated using futex wait barrier. (221 threads)
[2025-11-29T08:46:46.875+0000][2333.580s][info ][safepoint   ] Safepoint "Cleanup", Time since last: 42012757919 ns, Reaching safepoint: 518104 ns, Cleanup: 14255 ns, At safepoint: 3901 ns, Total: 536260 ns
[2025-11-29T08:47:33.933+0000][2380.643s][debug][safepoint   ] Safepoint synchronization initiated using futex wait barrier. (221 threads)
[2025-11-29T08:47:33.934+0000][2380.643s][info ][safepoint   ] Safepoint "Cleanup", Time since last: 47062465397 ns, Reaching safepoint: 839845 ns, Cleanup: 17170 ns, At safepoint: 8678 ns, Total: 865693 ns
[2025-11-29T08:47:41.936+0000][2388.646s][debug][safepoint   ] Safepoint synchronization initiated using futex wait barrier. (221 threads)
[2025-11-29T08:47:41.937+0000][2388.646s][info ][safepoint   ] Safepoint "Cleanup", Time since last: 8002179963 ns, Reaching safepoint: 775973 ns, Cleanup: 57036 ns, At safepoint: 11485 ns, Total: 844494 ns
[2025-11-29T08:47:43.938+0000][2390.647s][debug][safepoint   ] Safepoint synchronization initiated using futex wait barrier. (221 threads)
[2025-11-29T08:47:43.939+0000][2390.649s][info ][safepoint   ] Safepoint "Cleanup", Time since last: 2001027790 ns, Reaching safepoint: 928851 ns, Cleanup: 18830 ns, At safepoint: 123919 ns, Total: 1071600 ns
[2025-11-29T08:47:45.940+0000][2392.650s][debug][safepoint   ] Safepoint synchronization initiated using futex wait barrier. (221 threads)
[2025-11-29T08:47:45.941+0000][2392.651s][info ][safepoint   ] Safepoint "Cleanup", Time since last: 2001177409 ns, Reaching safepoint: 943371 ns, Cleanup: 16430 ns, At safepoint: 7687 ns, Total: 967488 ns
[2025-11-29T08:48:34.990+0000][2441.705s][debug][safepoint   ] Safepoint synchronization initiated using futex wait barrier. (221 threads)
[2025-11-29T08:48:34.991+0000][2441.706s][info ][safepoint   ] Safepoint "Cleanup", Time since last: 49054474615 ns, Reaching safepoint: 1180187 ns, Cleanup: 16092 ns, At safepoint: 4925 ns, Total: 1201204 ns
[2025-11-29T08:49:12.043+0000][2478.761s][debug][safepoint   ] Safepoint synchronization initiated using futex wait barrier. (221 threads)
[2025-11-29T08:49:12.044+0000][2478.762s][info ][safepoint   ] Safepoint "Cleanup", Time since last: 37054174413 ns, Reaching safepoint: 1340070 ns, Cleanup: 19409 ns, At safepoint: 7768 ns, Total: 1367247 ns
[2025-11-29T08:49:24.048+0000][2490.766s][debug][safepoint   ] Safepoint synchronization initiated using futex wait barrier. (222 threads)
[2025-11-29T08:49:24.049+0000][2490.767s][info ][safepoint   ] Safepoint "Cleanup", Time since last: 12003963057 ns, Reaching safepoint: 899821 ns, Cleanup: 15644 ns, At safepoint: 5120 ns, Total: 920585 ns
[2025-11-29T08:49:47.054+0000][2513.775s][debug][safepoint   ] Safepoint synchronization initiated using futex wait barrier. (222 threads)
[2025-11-29T08:49:47.055+0000][2513.776s][info ][safepoint   ] Safepoint "Cleanup", Time since last: 23008327296 ns, Reaching safepoint: 928694 ns, Cleanup: 18106 ns, At safepoint: 6756 ns, Total: 953556 ns
[2025-11-29T08:49:53.057+0000][2519.778s][debug][safepoint   ] Safepoint synchronization initiated using futex wait barrier. (222 threads)
[2025-11-29T08:49:53.059+0000][2519.779s][info ][safepoint   ] Safepoint "Cleanup", Time since last: 6002175612 ns, Reaching safepoint: 1235238 ns, Cleanup: 20977 ns, At safepoint: 7878 ns, Total: 1264093 ns
[2025-11-29T08:50:02.100+0000][2528.823s][debug][safepoint   ] Safepoint synchronization initiated using futex wait barrier. (222 threads)
[2025-11-29T08:50:02.102+0000][2528.825s][info ][safepoint   ] Safepoint "Cleanup", Time since last: 9043802085 ns, Reaching safepoint: 1548927 ns, Cleanup: 20944 ns, At safepoint: 159731 ns, Total: 1729602 ns
[2025-11-29T08:50:03.103+0000][2529.826s][debug][safepoint   ] Safepoint synchronization initiated using futex wait barrier. (222 threads)
[2025-11-29T08:50:03.104+0000][2529.827s][info ][safepoint   ] Safepoint "Cleanup", Time since last: 1001142208 ns, Reaching safepoint: 1017629 ns, Cleanup: 16890 ns, At safepoint: 7751 ns, Total: 1042270 ns
[2025-11-29T08:50:05.105+0000][2531.828s][debug][safepoint   ] Safepoint synchronization initiated using futex wait barrier. (222 threads)
[2025-11-29T08:50:05.106+0000][2531.829s][info ][safepoint   ] Safepoint "Cleanup", Time since last: 2001154145 ns, Reaching safepoint: 808931 ns, Cleanup: 13773 ns, At safepoint: 5628 ns, Total: 828332 ns
[2025-11-29T08:50:13.109+0000][2539.832s][debug][safepoint   ] Safepoint synchronization initiated using futex wait barrier. (222 threads)
[2025-11-29T08:50:13.110+0000][2539.833s][info ][safepoint   ] Safepoint "Cleanup", Time since last: 8002476045 ns, Reaching safepoint: 1014993 ns, Cleanup: 16428 ns, At safepoint: 7837 ns, Total: 1039258 ns
[2025-11-29T08:50:22.113+0000][2548.836s][debug][safepoint   ] Safepoint synchronization initiated using futex wait barrier. (222 threads)
[2025-11-29T08:50:22.114+0000][2548.837s][info ][safepoint   ] Safepoint "Cleanup", Time since last: 9003392534 ns, Reaching safepoint: 958613 ns, Cleanup: 15638 ns, At safepoint: 8201 ns, Total: 982452 ns
[2025-11-29T08:50:32.115+0000][2558.841s][debug][safepoint   ] Safepoint synchronization initiated using futex wait barrier. (221 threads)
[2025-11-29T08:50:32.117+0000][2558.843s][info ][safepoint   ] Safepoint "Cleanup", Time since last: 10003677891 ns, Reaching safepoint: 1201900 ns, Cleanup: 14210 ns, At safepoint: 601640 ns, Total: 1817750 ns
[2025-11-29T08:50:33.118+0000][2559.844s][debug][safepoint   ] Safepoint synchronization initiated using futex wait barrier. (221 threads)
[2025-11-29T08:50:33.119+0000][2559.845s][info ][safepoint   ] Safepoint "Cleanup", Time since last: 1001167271 ns, Reaching safepoint: 1119563 ns, Cleanup: 14826 ns, At safepoint: 8041 ns, Total: 1142430 ns
[2025-11-29T08:50:35.121+0000][2561.846s][debug][safepoint   ] Safepoint synchronization initiated using futex wait barrier. (221 threads)
[2025-11-29T08:50:35.122+0000][2561.848s][info ][safepoint   ] Safepoint "Cleanup", Time since last: 2001353499 ns, Reaching safepoint: 1412247 ns, Cleanup: 20422 ns, At safepoint: 10602 ns, Total: 1443271 ns
[2025-11-29T08:50:47.126+0000][2573.852s][debug][safepoint   ] Safepoint synchronization initiated using futex wait barrier. (221 threads)
[2025-11-29T08:50:47.127+0000][2573.853s][info ][safepoint   ] Safepoint "Cleanup", Time since last: 12004499481 ns, Reaching safepoint: 894271 ns, Cleanup: 17759 ns, At safepoint: 7244 ns, Total: 919274 ns
[2025-11-29T08:51:12.162+0000][2598.892s][debug][safepoint   ] Safepoint synchronization initiated using futex wait barrier. (221 threads)
[2025-11-29T08:51:12.164+0000][2598.893s][info ][safepoint   ] Safepoint "Cleanup", Time since last: 25038670933 ns, Reaching safepoint: 1128278 ns, Cleanup: 18438 ns, At safepoint: 7740 ns, Total: 1154456 ns
[2025-11-29T08:51:26.169+0000][2612.898s][debug][safepoint   ] Safepoint synchronization initiated using futex wait barrier. (221 threads)
[2025-11-29T08:51:26.170+0000][2612.899s][info ][safepoint   ] Safepoint "Cleanup", Time since last: 14005349734 ns, Reaching safepoint: 1141781 ns, Cleanup: 21169 ns, At safepoint: 8097 ns, Total: 1171047 ns
[2025-11-29T08:52:33.226+0000][2679.966s][debug][safepoint   ] Safepoint synchronization initiated using futex wait barrier. (221 threads)
[2025-11-29T08:52:33.227+0000][2679.967s][info ][safepoint   ] Safepoint "Cleanup", Time since last: 67066351407 ns, Reaching safepoint: 817160 ns, Cleanup: 18982 ns, At safepoint: 5590 ns, Total: 841732 ns
[2025-11-29T08:52:36.229+0000][2682.968s][debug][safepoint   ] Safepoint synchronization initiated using futex wait barrier. (221 threads)
[2025-11-29T08:52:36.230+0000][2682.970s][info ][safepoint   ] Safepoint "Cleanup", Time since last: 3001844946 ns, Reaching safepoint: 1501360 ns, Cleanup: 92096 ns, At safepoint: 29294 ns, Total: 1622750 ns
[2025-11-29T08:52:42.233+0000][2688.973s][debug][safepoint   ] Safepoint synchronization initiated using futex wait barrier. (221 threads)
[2025-11-29T08:52:42.234+0000][2688.974s][info ][safepoint   ] Safepoint "Cleanup", Time since last: 6002465390 ns, Reaching safepoint: 1113049 ns, Cleanup: 18812 ns, At safepoint: 8668 ns, Total: 1140529 ns
[2025-11-29T08:53:12.268+0000][2719.013s][debug][safepoint   ] Safepoint synchronization initiated using futex wait barrier. (221 threads)
[2025-11-29T08:53:12.269+0000][2719.014s][info ][gc,start    ] GC(82) Pause Young (Normal) (G1 Evacuation Pause)
[2025-11-29T08:53:12.270+0000][2719.015s][info ][gc,task     ] GC(82) Using 10 workers of 10 for evacuation
[2025-11-29T08:53:12.293+0000][2719.037s][info ][gc,phases   ] GC(82)   Pre Evacuate Collection Set: 0.6ms
[2025-11-29T08:53:12.293+0000][2719.038s][info ][gc,phases   ] GC(82)   Merge Heap Roots: 0.5ms
[2025-11-29T08:53:12.294+0000][2719.038s][info ][gc,phases   ] GC(82)   Evacuate Collection Set: 16.2ms
[2025-11-29T08:53:12.295+0000][2719.039s][info ][gc,phases   ] GC(82)   Post Evacuate Collection Set: 3.9ms
[2025-11-29T08:53:12.295+0000][2719.040s][info ][gc,phases   ] GC(82)   Other: 2.0ms
[2025-11-29T08:53:12.296+0000][2719.040s][info ][gc,heap     ] GC(82) Eden regions: 504->0(513)
[2025-11-29T08:53:12.297+0000][2719.041s][info ][gc,heap     ] GC(82) Survivor regions: 4->4(64)
[2025-11-29T08:53:12.297+0000][2719.042s][info ][gc,heap     ] GC(82) Old regions: 375->375
[2025-11-29T08:53:12.298+0000][2719.042s][info ][gc,heap     ] GC(82) Archive regions: 2->2
[2025-11-29T08:53:12.298+0000][2719.043s][info ][gc,heap     ] GC(82) Humongous regions: 12->12
[2025-11-29T08:53:12.299+0000][2719.044s][info ][gc,metaspace] GC(82) Metaspace: 190036K(191424K)->190036K(191424K) NonClass: 166763K(167488K)->166763K(167488K) Class: 23273K(23936K)->23273K(23936K)
[2025-11-29T08:53:12.300+0000][2719.044s][info ][gc          ] GC(82) Pause Young (Normal) (G1 Evacuation Pause) 895M->391M(1047M) 30.604ms
[2025-11-29T08:53:12.301+0000][2719.045s][info ][gc,cpu      ] GC(82) User=0.14s Sys=0.02s Real=0.04s
[2025-11-29T08:53:12.302+0000][2719.046s][info ][safepoint   ] Safepoint "G1CollectForAllocation", Time since last: 30038967582 ns, Reaching safepoint: 961042 ns, Cleanup: 7667 ns, At safepoint: 32550362 ns, Total: 33519071 ns
[2025-11-29T08:53:22.305+0000][2729.050s][debug][safepoint   ] Safepoint synchronization initiated using futex wait barrier. (221 threads)
[2025-11-29T08:53:22.306+0000][2729.050s][info ][safepoint   ] Safepoint "Cleanup", Time since last: 10003331113 ns, Reaching safepoint: 789896 ns, Cleanup: 27895 ns, At safepoint: 14423 ns, Total: 832214 ns
[2025-11-29T08:53:27.308+0000][2734.052s][debug][safepoint   ] Safepoint synchronization initiated using futex wait barrier. (221 threads)
[2025-11-29T08:53:27.310+0000][2734.054s][info ][safepoint   ] Safepoint "Cleanup", Time since last: 5002134872 ns, Reaching safepoint: 1375436 ns, Cleanup: 13728 ns, At safepoint: 42776 ns, Total: 1431940 ns
[2025-11-29T08:53:47.313+0000][2754.060s][debug][safepoint   ] Safepoint synchronization initiated using futex wait barrier. (221 threads)
[2025-11-29T08:53:47.314+0000][2754.061s][info ][safepoint   ] Safepoint "Cleanup", Time since last: 20006132187 ns, Reaching safepoint: 1008848 ns, Cleanup: 66972 ns, At safepoint: 27221 ns, Total: 1103041 ns
[2025-11-29T08:54:21.337+0000][2788.087s][debug][safepoint   ] Safepoint synchronization initiated using futex wait barrier. (221 threads)
[2025-11-29T08:54:21.338+0000][2788.088s][info ][safepoint   ] Safepoint "Cleanup", Time since last: 34025628912 ns, Reaching safepoint: 730496 ns, Cleanup: 17731 ns, At safepoint: 4294 ns, Total: 752521 ns
[2025-11-29T08:54:47.341+0000][2814.094s][debug][safepoint   ] Safepoint synchronization initiated using futex wait barrier. (221 threads)
[2025-11-29T08:54:47.342+0000][2814.095s][info ][safepoint   ] Safepoint "Cleanup", Time since last: 26006358101 ns, Reaching safepoint: 736146 ns, Cleanup: 21643 ns, At safepoint: 9116 ns, Total: 766905 ns
[2025-11-29T08:55:29.394+0000][2856.151s][debug][safepoint   ] Safepoint synchronization initiated using futex wait barrier. (222 threads)
[2025-11-29T08:55:29.395+0000][2856.152s][info ][safepoint   ] Safepoint "Cleanup", Time since last: 42056183772 ns, Reaching safepoint: 932648 ns, Cleanup: 27037 ns, At safepoint: 8378 ns, Total: 968063 ns
[2025-11-29T08:56:12.449+0000][2899.212s][debug][safepoint   ] Safepoint synchronization initiated using futex wait barrier. (222 threads)
[2025-11-29T08:56:12.450+0000][2899.213s][info ][safepoint   ] Safepoint "Cleanup", Time since last: 43059748817 ns, Reaching safepoint: 1361915 ns, Cleanup: 22920 ns, At safepoint: 9711 ns, Total: 1394546 ns
[2025-11-29T08:56:30.454+0000][2917.219s][debug][safepoint   ] Safepoint synchronization initiated using futex wait barrier. (221 threads)
[2025-11-29T08:56:30.455+0000][2917.220s][info ][safepoint   ] Safepoint "Cleanup", Time since last: 18006385784 ns, Reaching safepoint: 659198 ns, Cleanup: 14851 ns, At safepoint: 3134 ns, Total: 677183 ns
[2025-11-29T08:56:47.460+0000][2934.226s][debug][safepoint   ] Safepoint synchronization initiated using futex wait barrier. (221 threads)
[2025-11-29T08:56:47.461+0000][2934.227s][info ][safepoint   ] Safepoint "Cleanup", Time since last: 17005645071 ns, Reaching safepoint: 1250596 ns, Cleanup: 27807 ns, At safepoint: 9703 ns, Total: 1288106 ns
[2025-11-29T08:58:41.476+0000][3048.255s][debug][safepoint   ] Safepoint synchronization initiated using futex wait barrier. (221 threads)
[2025-11-29T08:58:41.477+0000][3048.255s][info ][safepoint   ] Safepoint "Cleanup", Time since last: 114027563080 ns, Reaching safepoint: 652915 ns, Cleanup: 35248 ns, At safepoint: 19009 ns, Total: 707172 ns
[2025-11-29T08:58:51.481+0000][3058.259s][debug][safepoint   ] Safepoint synchronization initiated using futex wait barrier. (221 threads)
[2025-11-29T08:58:51.482+0000][3058.261s][info ][safepoint   ] Safepoint "Cleanup", Time since last: 10004218856 ns, Reaching safepoint: 1066760 ns, Cleanup: 24942 ns, At safepoint: 10505 ns, Total: 1102207 ns
[2025-11-29T08:59:33.623+0000][3100.408s][debug][safepoint   ] Safepoint synchronization initiated using futex wait barrier. (221 threads)
[2025-11-29T08:59:33.624+0000][3100.410s][info ][safepoint   ] Safepoint "Cleanup", Time since last: 42147904120 ns, Reaching safepoint: 1303183 ns, Cleanup: 14860 ns, At safepoint: 5697 ns, Total: 1323740 ns
[2025-11-29T09:00:26.597+0000][3153.386s][debug][safepoint   ] Safepoint synchronization initiated using futex wait barrier. (221 threads)
[2025-11-29T09:00:26.598+0000][3153.387s][info ][gc,start    ] GC(83) Pause Young (Normal) (G1 Evacuation Pause)
[2025-11-29T09:00:26.599+0000][3153.388s][info ][gc,task     ] GC(83) Using 10 workers of 10 for evacuation
[2025-11-29T09:00:26.613+0000][3153.402s][info ][gc,phases   ] GC(83)   Pre Evacuate Collection Set: 0.7ms
[2025-11-29T09:00:26.614+0000][3153.403s][info ][gc,phases   ] GC(83)   Merge Heap Roots: 0.5ms
[2025-11-29T09:00:26.615+0000][3153.403s][info ][gc,phases   ] GC(83)   Evacuate Collection Set: 8.3ms
[2025-11-29T09:00:26.615+0000][3153.404s][info ][gc,phases   ] GC(83)   Post Evacuate Collection Set: 3.4ms
[2025-11-29T09:00:26.616+0000][3153.405s][info ][gc,phases   ] GC(83)   Other: 2.4ms
[2025-11-29T09:00:26.616+0000][3153.405s][info ][gc,heap     ] GC(83) Eden regions: 513->0(520)
[2025-11-29T09:00:26.616+0000][3153.405s][info ][gc,heap     ] GC(83) Survivor regions: 4->4(65)
[2025-11-29T09:00:26.617+0000][3153.405s][info ][gc,heap     ] GC(83) Old regions: 375->375
[2025-11-29T09:00:26.617+0000][3153.406s][info ][gc,heap     ] GC(83) Archive regions: 2->2
[2025-11-29T09:00:26.617+0000][3153.406s][info ][gc,heap     ] GC(83) Humongous regions: 12->12
[2025-11-29T09:00:26.618+0000][3153.406s][info ][gc,metaspace] GC(83) Metaspace: 190084K(191488K)->190084K(191488K) NonClass: 166811K(167552K)->166811K(167552K) Class: 23273K(23936K)->23273K(23936K)
[2025-11-29T09:00:26.618+0000][3153.407s][info ][gc          ] GC(83) Pause Young (Normal) (G1 Evacuation Pause) 904M->391M(1047M) 19.641ms
[2025-11-29T09:00:26.619+0000][3153.407s][info ][gc,cpu      ] GC(83) User=0.09s Sys=0.00s Real=0.02s
[2025-11-29T09:00:26.619+0000][3153.408s][info ][safepoint   ] Safepoint "G1CollectForAllocation", Time since last: 52975941834 ns, Reaching safepoint: 910472 ns, Cleanup: 9466 ns, At safepoint: 21112133 ns, Total: 22032071 ns
[2025-11-29T09:00:34.620+0000][3161.410s][debug][safepoint   ] Safepoint synchronization initiated using futex wait barrier. (221 threads)
[2025-11-29T09:00:34.621+0000][3161.411s][info ][safepoint   ] Safepoint "Cleanup", Time since last: 8002551438 ns, Reaching safepoint: 883297 ns, Cleanup: 15775 ns, At safepoint: 4417 ns, Total: 903489 ns
[2025-11-29T09:00:46.625+0000][3173.415s][debug][safepoint   ] Safepoint synchronization initiated using futex wait barrier. (221 threads)
[2025-11-29T09:00:46.625+0000][3173.416s][info ][safepoint   ] Safepoint "Cleanup", Time since last: 12003749401 ns, Reaching safepoint: 773723 ns, Cleanup: 41201 ns, At safepoint: 10669 ns, Total: 825593 ns
[2025-11-29T09:01:41.746+0000][3228.542s][debug][safepoint   ] Safepoint synchronization initiated using futex wait barrier. (222 threads)
[2025-11-29T09:01:41.747+0000][3228.543s][info ][safepoint   ] Safepoint "Cleanup", Time since last: 55126611966 ns, Reaching safepoint: 985384 ns, Cleanup: 16718 ns, At safepoint: 29486 ns, Total: 1031588 ns
[2025-11-29T09:02:00.795+0000][3247.594s][debug][safepoint   ] Safepoint synchronization initiated using futex wait barrier. (223 threads)
[2025-11-29T09:02:00.796+0000][3247.595s][info ][safepoint   ] Safepoint "Cleanup", Time since last: 19050424130 ns, Reaching safepoint: 904746 ns, Cleanup: 28170 ns, At safepoint: 8275 ns, Total: 941191 ns
[2025-11-29T09:02:35.803+0000][3282.605s][debug][safepoint   ] Safepoint synchronization initiated using futex wait barrier. (221 threads)
[2025-11-29T09:02:35.804+0000][3282.606s][info ][safepoint   ] Safepoint "Cleanup", Time since last: 35010310051 ns, Reaching safepoint: 1182041 ns, Cleanup: 15567 ns, At safepoint: 4789 ns, Total: 1202397 ns
[2025-11-29T09:03:36.858+0000][3343.666s][debug][safepoint   ] Safepoint synchronization initiated using futex wait barrier. (221 threads)
[2025-11-29T09:03:36.859+0000][3343.667s][info ][safepoint   ] Safepoint "Cleanup", Time since last: 61059936199 ns, Reaching safepoint: 1103343 ns, Cleanup: 21298 ns, At safepoint: 7879 ns, Total: 1132520 ns
[2025-11-29T09:03:37.860+0000][3344.669s][debug][safepoint   ] Safepoint synchronization initiated using futex wait barrier. (222 threads)
[2025-11-29T09:03:37.864+0000][3344.673s][info ][safepoint   ] Safepoint "Cleanup", Time since last: 1001197552 ns, Reaching safepoint: 4129337 ns, Cleanup: 21510 ns, At safepoint: 13149 ns, Total: 4163996 ns
[2025-11-29T09:04:38.874+0000][3405.688s][debug][safepoint   ] Safepoint synchronization initiated using futex wait barrier. (222 threads)
[2025-11-29T09:04:38.875+0000][3405.689s][info ][safepoint   ] Safepoint "Cleanup", Time since last: 61015686809 ns, Reaching safepoint: 811007 ns, Cleanup: 16518 ns, At safepoint: 6750 ns, Total: 834275 ns
[2025-11-29T09:07:04.086+0000][3550.914s][debug][safepoint   ] Safepoint synchronization initiated using futex wait barrier. (223 threads)
[2025-11-29T09:07:04.087+0000][3550.916s][info ][safepoint   ] Safepoint "Cleanup", Time since last: 145225148237 ns, Reaching safepoint: 1131545 ns, Cleanup: 38668 ns, At safepoint: 12818 ns, Total: 1183031 ns
[2025-11-29T09:07:21.092+0000][3567.921s][debug][safepoint   ] Safepoint synchronization initiated using futex wait barrier. (223 threads)
[2025-11-29T09:07:21.094+0000][3567.922s][info ][safepoint   ] Safepoint "Cleanup", Time since last: 17005489250 ns, Reaching safepoint: 1081738 ns, Cleanup: 20196 ns, At safepoint: 8992 ns, Total: 1110926 ns
[2025-11-29T09:07:46.144+0000][3592.980s][debug][safepoint   ] Safepoint synchronization initiated using futex wait barrier. (225 threads)
[2025-11-29T09:07:46.144+0000][3592.981s][info ][gc,start    ] GC(84) Pause Young (Normal) (G1 Evacuation Pause)
[2025-11-29T09:07:46.145+0000][3592.982s][info ][gc,task     ] GC(84) Using 10 workers of 10 for evacuation
[2025-11-29T09:07:46.162+0000][3592.998s][info ][gc,phases   ] GC(84)   Pre Evacuate Collection Set: 0.9ms
[2025-11-29T09:07:46.163+0000][3592.999s][info ][gc,phases   ] GC(84)   Merge Heap Roots: 0.6ms
[2025-11-29T09:07:46.163+0000][3593.000s][info ][gc,phases   ] GC(84)   Evacuate Collection Set: 10.0ms
[2025-11-29T09:07:46.164+0000][3593.000s][info ][gc,phases   ] GC(84)   Post Evacuate Collection Set: 3.2ms
[2025-11-29T09:07:46.164+0000][3593.001s][info ][gc,phases   ] GC(84)   Other: 2.7ms
[2025-11-29T09:07:46.165+0000][3593.001s][info ][gc,heap     ] GC(84) Eden regions: 520->0(526)
[2025-11-29T09:07:46.165+0000][3593.002s][info ][gc,heap     ] GC(84) Survivor regions: 4->4(66)
[2025-11-29T09:07:46.165+0000][3593.002s][info ][gc,heap     ] GC(84) Old regions: 375->375
[2025-11-29T09:07:46.166+0000][3593.003s][info ][gc,heap     ] GC(84) Archive regions: 2->2
[2025-11-29T09:07:46.167+0000][3593.003s][info ][gc,heap     ] GC(84) Humongous regions: 12->12
[2025-11-29T09:07:46.167+0000][3593.004s][info ][gc,metaspace] GC(84) Metaspace: 190127K(191552K)->190127K(191552K) NonClass: 166853K(167616K)->166853K(167616K) Class: 23274K(23936K)->23274K(23936K)
[2025-11-29T09:07:46.168+0000][3593.004s][info ][gc          ] GC(84) Pause Young (Normal) (G1 Evacuation Pause) 911M->391M(1047M) 23.325ms
[2025-11-29T09:07:46.169+0000][3593.005s][info ][gc,cpu      ] GC(84) User=0.11s Sys=0.00s Real=0.03s
[2025-11-29T09:07:46.171+0000][3593.007s][info ][safepoint   ] Safepoint "G1CollectForAllocation", Time since last: 25057905425 ns, Reaching safepoint: 775899 ns, Cleanup: 6417 ns, At safepoint: 26262810 ns, Total: 27045126 ns
[2025-11-29T09:08:43.151+0000][3649.989s][debug][safepoint   ] Safepoint synchronization initiated using futex wait barrier. (221 threads)
[2025-11-29T09:08:43.152+0000][3649.990s][info ][safepoint   ] Safepoint "Cleanup", Time since last: 56981567641 ns, Reaching safepoint: 1333408 ns, Cleanup: 18534 ns, At safepoint: 8598 ns, Total: 1360540 ns
[2025-11-29T09:08:44.153+0000][3650.991s][debug][safepoint   ] Safepoint synchronization initiated using futex wait barrier. (223 threads)
[2025-11-29T09:08:44.155+0000][3650.993s][info ][safepoint   ] Safepoint "Cleanup", Time since last: 1001137907 ns, Reaching safepoint: 1280449 ns, Cleanup: 26775 ns, At safepoint: 5280 ns, Total: 1312504 ns
[2025-11-29T09:10:47.283+0000][3774.132s][debug][safepoint   ] Safepoint synchronization initiated using futex wait barrier. (221 threads)
[2025-11-29T09:10:47.284+0000][3774.133s][info ][safepoint   ] Safepoint "Cleanup", Time since last: 123139835091 ns, Reaching safepoint: 1018146 ns, Cleanup: 20105 ns, At safepoint: 9227 ns, Total: 1047478 ns
[2025-11-29T09:11:47.346+0000][3834.201s][debug][safepoint   ] Safepoint synchronization initiated using futex wait barrier. (221 threads)
[2025-11-29T09:11:47.347+0000][3834.202s][info ][safepoint   ] Safepoint "Cleanup", Time since last: 60067997504 ns, Reaching safepoint: 1050514 ns, Cleanup: 25732 ns, At safepoint: 16171 ns, Total: 1092417 ns
[2025-11-29T09:12:47.360+0000][3894.220s][debug][safepoint   ] Safepoint synchronization initiated using futex wait barrier. (220 threads)
[2025-11-29T09:12:47.361+0000][3894.221s][info ][safepoint   ] Safepoint "Cleanup", Time since last: 60017536548 ns, Reaching safepoint: 961094 ns, Cleanup: 14746 ns, At safepoint: 4233 ns, Total: 980073 ns
[2025-11-29T09:13:46.460+0000][3953.326s][debug][safepoint   ] Safepoint synchronization initiated using futex wait barrier. (219 threads)
[2025-11-29T09:13:46.461+0000][3953.326s][info ][safepoint   ] Safepoint "Cleanup", Time since last: 59104599641 ns, Reaching safepoint: 663750 ns, Cleanup: 11138 ns, At safepoint: 4973 ns, Total: 679861 ns
[2025-11-29T09:13:47.462+0000][3954.327s][debug][safepoint   ] Safepoint synchronization initiated using futex wait barrier. (222 threads)
[2025-11-29T09:13:47.463+0000][3954.328s][info ][safepoint   ] Safepoint "Cleanup", Time since last: 1001043766 ns, Reaching safepoint: 853832 ns, Cleanup: 16254 ns, At safepoint: 4925 ns, Total: 875011 ns
[2025-11-29T09:15:10.799+0000][4037.673s][debug][safepoint   ] Safepoint synchronization initiated using futex wait barrier. (221 threads)
[2025-11-29T09:15:10.800+0000][4037.675s][info ][gc,start    ] GC(85) Pause Young (Normal) (G1 Evacuation Pause)
[2025-11-29T09:15:10.801+0000][4037.676s][info ][gc,task     ] GC(85) Using 10 workers of 10 for evacuation
[2025-11-29T09:15:10.816+0000][4037.690s][info ][gc,phases   ] GC(85)   Pre Evacuate Collection Set: 0.6ms
[2025-11-29T09:15:10.817+0000][4037.691s][info ][gc,phases   ] GC(85)   Merge Heap Roots: 0.5ms
[2025-11-29T09:15:10.817+0000][4037.691s][info ][gc,phases   ] GC(85)   Evacuate Collection Set: 9.6ms
[2025-11-29T09:15:10.818+0000][4037.692s][info ][gc,phases   ] GC(85)   Post Evacuate Collection Set: 3.1ms
[2025-11-29T09:15:10.818+0000][4037.693s][info ][gc,phases   ] GC(85)   Other: 2.2ms
[2025-11-29T09:15:10.819+0000][4037.693s][info ][gc,heap     ] GC(85) Eden regions: 526->0(530)
[2025-11-29T09:15:10.819+0000][4037.694s][info ][gc,heap     ] GC(85) Survivor regions: 4->4(67)
[2025-11-29T09:15:10.820+0000][4037.694s][info ][gc,heap     ] GC(85) Old regions: 375->375
[2025-11-29T09:15:10.820+0000][4037.695s][info ][gc,heap     ] GC(85) Archive regions: 2->2
[2025-11-29T09:15:10.821+0000][4037.695s][info ][gc,heap     ] GC(85) Humongous regions: 12->12
[2025-11-29T09:15:10.822+0000][4037.696s][info ][gc,metaspace] GC(85) Metaspace: 190209K(191616K)->190209K(191616K) NonClass: 166932K(167680K)->166932K(167680K) Class: 23276K(23936K)->23276K(23936K)
[2025-11-29T09:15:10.822+0000][4037.697s][info ][gc          ] GC(85) Pause Young (Normal) (G1 Evacuation Pause) 917M->391M(1047M) 22.119ms
[2025-11-29T09:15:10.823+0000][4037.697s][info ][gc,cpu      ] GC(85) User=0.09s Sys=0.00s Real=0.03s
[2025-11-29T09:15:10.825+0000][4037.699s][info ][safepoint   ] Safepoint "G1CollectForAllocation", Time since last: 83345198429 ns, Reaching safepoint: 1063917 ns, Cleanup: 10694 ns, At safepoint: 24401487 ns, Total: 25476098 ns
[2025-11-29T09:15:11.826+0000][4038.700s][debug][safepoint   ] Safepoint synchronization initiated using futex wait barrier. (221 threads)
[2025-11-29T09:15:11.826+0000][4038.701s][info ][safepoint   ] Safepoint "Cleanup", Time since last: 1001067082 ns, Reaching safepoint: 652256 ns, Cleanup: 58871 ns, At safepoint: 5566 ns, Total: 716693 ns
[2025-11-29T09:15:54.836+0000][4081.713s][debug][safepoint   ] Safepoint synchronization initiated using futex wait barrier. (221 threads)
[2025-11-29T09:15:54.837+0000][4081.714s][info ][safepoint   ] Safepoint "Cleanup", Time since last: 43011895154 ns, Reaching safepoint: 1039273 ns, Cleanup: 19820 ns, At safepoint: 8875 ns, Total: 1067968 ns
[2025-11-29T09:16:36.625+0000][4123.507s][debug][safepoint   ] Safepoint synchronization initiated using futex wait barrier. (221 threads)
[2025-11-29T09:16:36.627+0000][4123.509s][info ][safepoint   ] Safepoint "Cleanup", Time since last: 41793691464 ns, Reaching safepoint: 1328389 ns, Cleanup: 16477 ns, At safepoint: 649834 ns, Total: 1994700 ns
[2025-11-29T09:17:51.691+0000][4198.579s][debug][safepoint   ] Safepoint synchronization initiated using futex wait barrier. (221 threads)
[2025-11-29T09:17:51.693+0000][4198.581s][info ][safepoint   ] Safepoint "Cleanup", Time since last: 75070179435 ns, Reaching safepoint: 1231009 ns, Cleanup: 19663 ns, At safepoint: 7949 ns, Total: 1258621 ns
[2025-11-29T09:19:46.715+0000][4313.614s][debug][safepoint   ] Safepoint synchronization initiated using futex wait barrier. (221 threads)
[2025-11-29T09:19:46.716+0000][4313.615s][info ][safepoint   ] Safepoint "Cleanup", Time since last: 115033486597 ns, Reaching safepoint: 1151825 ns, Cleanup: 17691 ns, At safepoint: 8768 ns, Total: 1178284 ns
[2025-11-29T09:25:29.050+0000][4487.943s][debug][safepoint   ] Safepoint synchronization initiated using futex wait barrier. (218 threads)
[2025-11-29T09:25:29.051+0000][4487.944s][info ][gc,start    ] GC(86) Pause Young (Normal) (G1 Evacuation Pause)
[2025-11-29T09:25:29.052+0000][4487.945s][info ][gc,task     ] GC(86) Using 10 workers of 10 for evacuation
[2025-11-29T09:25:29.075+0000][4487.968s][info ][gc,phases   ] GC(86)   Pre Evacuate Collection Set: 0.4ms
[2025-11-29T09:25:29.076+0000][4487.968s][info ][gc,phases   ] GC(86)   Merge Heap Roots: 0.5ms
[2025-11-29T09:25:29.076+0000][4487.969s][info ][gc,phases   ] GC(86)   Evacuate Collection Set: 17.8ms
[2025-11-29T09:25:29.077+0000][4487.969s][info ][gc,phases   ] GC(86)   Post Evacuate Collection Set: 3.8ms
[2025-11-29T09:25:29.077+0000][4487.970s][info ][gc,phases   ] GC(86)   Other: 1.4ms
[2025-11-29T09:25:29.078+0000][4487.971s][info ][gc,heap     ] GC(86) Eden regions: 530->0(532)
[2025-11-29T09:25:29.078+0000][4487.971s][info ][gc,heap     ] GC(86) Survivor regions: 4->2(67)
[2025-11-29T09:25:29.079+0000][4487.972s][info ][gc,heap     ] GC(86) Old regions: 375->378
[2025-11-29T09:25:29.079+0000][4487.972s][info ][gc,heap     ] GC(86) Archive regions: 2->2
[2025-11-29T09:25:29.080+0000][4487.973s][info ][gc,heap     ] GC(86) Humongous regions: 12->12
[2025-11-29T09:25:29.080+0000][4487.973s][info ][gc,metaspace] GC(86) Metaspace: 190229K(191616K)->190229K(191616K) NonClass: 166952K(167680K)->166952K(167680K) Class: 23276K(23936K)->23276K(23936K)
[2025-11-29T09:25:29.081+0000][4487.974s][info ][gc          ] GC(86) Pause Young (Normal) (G1 Evacuation Pause) 921M->391M(1047M) 29.510ms
[2025-11-29T09:25:29.081+0000][4487.974s][info ][gc,cpu      ] GC(86) User=0.18s Sys=0.01s Real=0.03s
[2025-11-29T09:25:29.083+0000][4487.976s][info ][safepoint   ] Safepoint "G1CollectForAllocation", Time since last: 174327793609 ns, Reaching safepoint: 755684 ns, Cleanup: 5179 ns, At safepoint: 31630070 ns, Total: 32390933 ns
[2025-11-29T09:25:45.087+0000][4503.980s][debug][safepoint   ] Safepoint synchronization initiated using futex wait barrier. (218 threads)
[2025-11-29T09:25:45.089+0000][4503.982s][info ][safepoint   ] Safepoint "Cleanup", Time since last: 16004827162 ns, Reaching safepoint: 1302004 ns, Cleanup: 18592 ns, At safepoint: 8540 ns, Total: 1329136 ns
[2025-11-29T09:26:35.107+0000][4554.004s][debug][safepoint   ] Safepoint synchronization initiated using futex wait barrier. (218 threads)
[2025-11-29T09:26:35.108+0000][4554.005s][info ][safepoint   ] Safepoint "Cleanup", Time since last: 50022325148 ns, Reaching safepoint: 1003318 ns, Cleanup: 25536 ns, At safepoint: 8126 ns, Total: 1036980 ns
[2025-11-29T09:26:46.111+0000][4565.009s][debug][safepoint   ] Safepoint synchronization initiated using futex wait barrier. (219 threads)
[2025-11-29T09:26:46.113+0000][4565.010s][info ][safepoint   ] Safepoint "Cleanup", Time since last: 11003445572 ns, Reaching safepoint: 1106225 ns, Cleanup: 70657 ns, At safepoint: 94849 ns, Total: 1271731 ns
[2025-11-29T09:28:35.121+0000][4674.039s][debug][safepoint   ] Safepoint synchronization initiated using futex wait barrier. (218 threads)
[2025-11-29T09:28:35.122+0000][4674.040s][info ][safepoint   ] Safepoint "Cleanup", Time since last: 109028969704 ns, Reaching safepoint: 1272509 ns, Cleanup: 16150 ns, At safepoint: 6162 ns, Total: 1294821 ns
[2025-11-29T09:28:47.261+0000][4686.180s][debug][safepoint   ] Safepoint synchronization initiated using futex wait barrier. (220 threads)
[2025-11-29T09:28:47.262+0000][4686.181s][debug][safepoint   ] ... found polling page loop exception at pc = 0x00007ef7e14200c7, stub =0x00007ef7e0adb400
[2025-11-29T09:28:47.263+0000][4686.182s][info ][safepoint   ] Safepoint "Cleanup", Time since last: 12139590539 ns, Reaching safepoint: 1844598 ns, Cleanup: 26274 ns, At safepoint: 68924 ns, Total: 1939796 ns
[2025-11-29T09:29:35.272+0000][4734.195s][debug][safepoint   ] Safepoint synchronization initiated using futex wait barrier. (220 threads)
[2025-11-29T09:29:35.273+0000][4734.196s][info ][safepoint   ] Safepoint "Cleanup", Time since last: 48013451888 ns, Reaching safepoint: 1039091 ns, Cleanup: 23743 ns, At safepoint: 10679 ns, Total: 1073513 ns
[2025-11-29T09:29:47.276+0000][4746.199s][debug][safepoint   ] Safepoint synchronization initiated using futex wait barrier. (218 threads)
[2025-11-29T09:29:47.277+0000][4746.200s][info ][safepoint   ] Safepoint "Cleanup", Time since last: 12003060084 ns, Reaching safepoint: 1067808 ns, Cleanup: 21955 ns, At safepoint: 18181 ns, Total: 1107944 ns
[2025-11-29T09:29:48.276+0000][4747.202s][debug][safepoint   ] Safepoint synchronization initiated using futex wait barrier. (219 threads)
[2025-11-29T09:29:48.277+0000][4747.203s][info ][safepoint   ] Safepoint "Cleanup", Time since last: 1001234275 ns, Reaching safepoint: 964242 ns, Cleanup: 16530 ns, At safepoint: 4725 ns, Total: 985497 ns
[2025-11-29T09:30:35.287+0000][4794.216s][debug][safepoint   ] Safepoint synchronization initiated using futex wait barrier. (219 threads)
[2025-11-29T09:30:35.288+0000][4794.217s][info ][safepoint   ] Safepoint "Cleanup", Time since last: 47013637517 ns, Reaching safepoint: 875942 ns, Cleanup: 27397 ns, At safepoint: 8414 ns, Total: 911753 ns
[2025-11-29T09:30:49.291+0000][4808.221s][debug][safepoint   ] Safepoint synchronization initiated using futex wait barrier. (219 threads)
[2025-11-29T09:30:49.291+0000][4808.222s][info ][safepoint   ] Safepoint "Cleanup", Time since last: 14003839249 ns, Reaching safepoint: 806250 ns, Cleanup: 21966 ns, At safepoint: 7768 ns, Total: 835984 ns
[2025-11-29T09:31:35.301+0000][4854.235s][debug][safepoint   ] Safepoint synchronization initiated using futex wait barrier. (219 threads)
[2025-11-29T09:31:35.302+0000][4854.236s][info ][safepoint   ] Safepoint "Cleanup", Time since last: 46013072897 ns, Reaching safepoint: 918739 ns, Cleanup: 21819 ns, At safepoint: 7572 ns, Total: 948130 ns
[2025-11-29T09:31:50.305+0000][4869.241s][debug][safepoint   ] Safepoint synchronization initiated using futex wait barrier. (219 threads)
[2025-11-29T09:31:50.306+0000][4869.242s][info ][safepoint   ] Safepoint "Cleanup", Time since last: 15005130652 ns, Reaching safepoint: 1117012 ns, Cleanup: 27178 ns, At safepoint: 8797 ns, Total: 1152987 ns
[2025-11-29T09:32:35.319+0000][4914.257s][debug][safepoint   ] Safepoint synchronization initiated using futex wait barrier. (219 threads)
[2025-11-29T09:32:35.322+0000][4914.260s][info ][safepoint   ] Safepoint "Cleanup", Time since last: 45014943223 ns, Reaching safepoint: 1924330 ns, Cleanup: 22593 ns, At safepoint: 700069 ns, Total: 2646992 ns
[2025-11-29T09:32:59.682+0000][4938.623s][debug][safepoint   ] Safepoint synchronization initiated using futex wait barrier. (219 threads)
[2025-11-29T09:32:59.683+0000][4938.624s][info ][gc,start    ] GC(87) Pause Young (Normal) (G1 Evacuation Pause)
[2025-11-29T09:32:59.684+0000][4938.625s][info ][gc,task     ] GC(87) Using 10 workers of 10 for evacuation
[2025-11-29T09:32:59.695+0000][4938.636s][info ][gc,phases   ] GC(87)   Pre Evacuate Collection Set: 0.6ms
[2025-11-29T09:32:59.696+0000][4938.637s][info ][gc,phases   ] GC(87)   Merge Heap Roots: 0.6ms
[2025-11-29T09:32:59.696+0000][4938.637s][info ][gc,phases   ] GC(87)   Evacuate Collection Set: 3.5ms
[2025-11-29T09:32:59.697+0000][4938.638s][info ][gc,phases   ] GC(87)   Post Evacuate Collection Set: 4.2ms
[2025-11-29T09:32:59.697+0000][4938.638s][info ][gc,phases   ] GC(87)   Other: 2.7ms
[2025-11-29T09:32:59.698+0000][4938.639s][info ][gc,heap     ] GC(87) Eden regions: 532->0(535)
[2025-11-29T09:32:59.698+0000][4938.639s][info ][gc,heap     ] GC(87) Survivor regions: 2->2(67)
[2025-11-29T09:32:59.699+0000][4938.640s][info ][gc,heap     ] GC(87) Old regions: 378->378
[2025-11-29T09:32:59.700+0000][4938.640s][info ][gc,heap     ] GC(87) Archive regions: 2->2
[2025-11-29T09:32:59.700+0000][4938.641s][info ][gc,heap     ] GC(87) Humongous regions: 12->12
[2025-11-29T09:32:59.701+0000][4938.642s][info ][gc,metaspace] GC(87) Metaspace: 190264K(191680K)->190264K(191680K) NonClass: 166987K(167744K)->166987K(167744K) Class: 23276K(23936K)->23276K(23936K)
[2025-11-29T09:32:59.701+0000][4938.642s][info ][gc          ] GC(87) Pause Young (Normal) (G1 Evacuation Pause) 923M->391M(1047M) 17.904ms
[2025-11-29T09:32:59.702+0000][4938.643s][info ][gc,cpu      ] GC(87) User=0.03s Sys=0.01s Real=0.02s
[2025-11-29T09:32:59.703+0000][4938.644s][info ][safepoint   ] Safepoint "G1CollectForAllocation", Time since last: 24363418104 ns, Reaching safepoint: 1151960 ns, Cleanup: 7082 ns, At safepoint: 19331494 ns, Total: 20490536 ns
[2025-11-29T09:33:29.710+0000][4968.653s][debug][safepoint   ] Safepoint synchronization initiated using futex wait barrier. (219 threads)
[2025-11-29T09:33:29.711+0000][4968.654s][info ][safepoint   ] Safepoint "Cleanup", Time since last: 30009778362 ns, Reaching safepoint: 894022 ns, Cleanup: 59611 ns, At safepoint: 7623 ns, Total: 961256 ns
[2025-11-29T09:33:52.563+0000][4991.509s][debug][safepoint   ] Safepoint synchronization initiated using futex wait barrier. (219 threads)
[2025-11-29T09:33:52.564+0000][4991.510s][info ][safepoint   ] Safepoint "Cleanup", Time since last: 22854847007 ns, Reaching safepoint: 1102962 ns, Cleanup: 18920 ns, At safepoint: 8197 ns, Total: 1130079 ns
[2025-11-29T09:34:29.574+0000][5028.522s][debug][safepoint   ] Safepoint synchronization initiated using futex wait barrier. (219 threads)
[2025-11-29T09:34:29.575+0000][5028.523s][info ][safepoint   ] Safepoint "Cleanup", Time since last: 37012027693 ns, Reaching safepoint: 604571 ns, Cleanup: 15802 ns, At safepoint: 3251 ns, Total: 623624 ns
[2025-11-29T09:35:45.644+0000][5104.597s][debug][safepoint   ] Safepoint synchronization initiated using futex wait barrier. (221 threads)
[2025-11-29T09:35:45.645+0000][5104.598s][info ][safepoint   ] Safepoint "Cleanup", Time since last: 76074198074 ns, Reaching safepoint: 729995 ns, Cleanup: 13575 ns, At safepoint: 5366 ns, Total: 748936 ns
[2025-11-29T09:35:54.646+0000][5113.601s][debug][safepoint   ] Safepoint synchronization initiated using futex wait barrier. (219 threads)
[2025-11-29T09:35:54.647+0000][5113.602s][info ][safepoint   ] Safepoint "Cleanup", Time since last: 9003352245 ns, Reaching safepoint: 1208532 ns, Cleanup: 19271 ns, At safepoint: 4808 ns, Total: 1232611 ns
[2025-11-29T09:36:31.657+0000][5150.615s][debug][safepoint   ] Safepoint synchronization initiated using futex wait barrier. (219 threads)
[2025-11-29T09:36:31.658+0000][5150.616s][info ][safepoint   ] Safepoint "Cleanup", Time since last: 37012524715 ns, Reaching safepoint: 987226 ns, Cleanup: 13066 ns, At safepoint: 40731 ns, Total: 1041023 ns
[2025-11-29T09:36:34.660+0000][5153.618s][debug][safepoint   ] Safepoint synchronization initiated using futex wait barrier. (219 threads)
[2025-11-29T09:36:34.661+0000][5153.619s][info ][safepoint   ] Safepoint "Cleanup", Time since last: 3001546990 ns, Reaching safepoint: 1056731 ns, Cleanup: 22988 ns, At safepoint: 7212 ns, Total: 1086931 ns
[2025-11-29T09:36:55.666+0000][5174.627s][debug][safepoint   ] Safepoint synchronization initiated using futex wait barrier. (219 threads)
[2025-11-29T09:36:55.668+0000][5174.629s][info ][safepoint   ] Safepoint "Cleanup", Time since last: 21008470640 ns, Reaching safepoint: 1758054 ns, Cleanup: 23524 ns, At safepoint: 13713 ns, Total: 1795291 ns
[2025-11-29T09:37:16.676+0000][5195.637s][debug][safepoint   ] Safepoint synchronization initiated using futex wait barrier. (219 threads)
[2025-11-29T09:37:16.677+0000][5195.638s][info ][safepoint   ] Safepoint "Cleanup", Time since last: 21008119362 ns, Reaching safepoint: 597941 ns, Cleanup: 16954 ns, At safepoint: 6554 ns, Total: 621449 ns
[2025-11-29T09:38:32.691+0000][5271.659s][debug][safepoint   ] Safepoint synchronization initiated using futex wait barrier. (219 threads)
[2025-11-29T09:38:32.692+0000][5271.660s][info ][safepoint   ] Safepoint "Cleanup", Time since last: 76021673789 ns, Reaching safepoint: 848876 ns, Cleanup: 14206 ns, At safepoint: 4517 ns, Total: 867599 ns
[2025-11-29T09:38:57.894+0000][5296.864s][debug][safepoint   ] Safepoint synchronization initiated using futex wait barrier. (219 threads)
[2025-11-29T09:38:57.895+0000][5296.865s][info ][safepoint   ] Safepoint "Cleanup", Time since last: 25204229781 ns, Reaching safepoint: 974732 ns, Cleanup: 17185 ns, At safepoint: 6869 ns, Total: 998786 ns
[2025-11-29T09:39:31.904+0000][5330.877s][debug][safepoint   ] Safepoint synchronization initiated using futex wait barrier. (221 threads)
[2025-11-29T09:39:31.905+0000][5330.878s][info ][safepoint   ] Safepoint "Cleanup", Time since last: 34011472015 ns, Reaching safepoint: 1004915 ns, Cleanup: 20351 ns, At safepoint: 8419 ns, Total: 1033685 ns
[2025-11-29T09:39:34.907+0000][5333.880s][debug][safepoint   ] Safepoint synchronization initiated using futex wait barrier. (221 threads)
[2025-11-29T09:39:34.908+0000][5333.881s][info ][safepoint   ] Safepoint "Cleanup", Time since last: 3001738944 ns, Reaching safepoint: 926917 ns, Cleanup: 21369 ns, At safepoint: 8198 ns, Total: 956484 ns
[2025-11-29T09:39:55.911+0000][5354.887s][debug][safepoint   ] Safepoint synchronization initiated using futex wait barrier. (221 threads)
[2025-11-29T09:39:55.912+0000][5354.887s][info ][safepoint   ] Safepoint "Cleanup", Time since last: 21006173792 ns, Reaching safepoint: 541480 ns, Cleanup: 12912 ns, At safepoint: 3559 ns, Total: 557951 ns
[2025-11-29T09:39:58.913+0000][5357.888s][debug][safepoint   ] Safepoint synchronization initiated using futex wait barrier. (221 threads)
[2025-11-29T09:39:58.913+0000][5357.889s][info ][safepoint   ] Safepoint "Cleanup", Time since last: 3000947020 ns, Reaching safepoint: 535570 ns, Cleanup: 12540 ns, At safepoint: 3287 ns, Total: 551397 ns
[2025-11-29T09:40:12.918+0000][5371.893s][debug][safepoint   ] Safepoint synchronization initiated using futex wait barrier. (221 threads)
[2025-11-29T09:40:12.919+0000][5371.895s][info ][safepoint   ] Safepoint "Cleanup", Time since last: 14004590052 ns, Reaching safepoint: 1128574 ns, Cleanup: 17759 ns, At safepoint: 8185 ns, Total: 1154518 ns
[2025-11-29T09:40:33.577+0000][5392.555s][debug][safepoint   ] Safepoint synchronization initiated using futex wait barrier. (219 threads)
[2025-11-29T09:40:33.578+0000][5392.556s][info ][gc,start    ] GC(88) Pause Young (Normal) (G1 Evacuation Pause)
[2025-11-29T09:40:33.579+0000][5392.557s][info ][gc,task     ] GC(88) Using 10 workers of 10 for evacuation
[2025-11-29T09:40:33.590+0000][5392.568s][info ][gc,phases   ] GC(88)   Pre Evacuate Collection Set: 0.3ms
[2025-11-29T09:40:33.591+0000][5392.569s][info ][gc,phases   ] GC(88)   Merge Heap Roots: 0.6ms
[2025-11-29T09:40:33.591+0000][5392.569s][info ][gc,phases   ] GC(88)   Evacuate Collection Set: 5.4ms
[2025-11-29T09:40:33.592+0000][5392.570s][info ][gc,phases   ] GC(88)   Post Evacuate Collection Set: 4.1ms
[2025-11-29T09:40:33.593+0000][5392.570s][info ][gc,phases   ] GC(88)   Other: 1.5ms
[2025-11-29T09:40:33.593+0000][5392.571s][info ][gc,heap     ] GC(88) Eden regions: 535->0(537)
[2025-11-29T09:40:33.594+0000][5392.572s][info ][gc,heap     ] GC(88) Survivor regions: 2->2(68)
[2025-11-29T09:40:33.594+0000][5392.572s][info ][gc,heap     ] GC(88) Old regions: 378->378
[2025-11-29T09:40:33.595+0000][5392.573s][info ][gc,heap     ] GC(88) Archive regions: 2->2
[2025-11-29T09:40:33.596+0000][5392.574s][info ][gc,heap     ] GC(88) Humongous regions: 12->12
[2025-11-29T09:40:33.596+0000][5392.574s][info ][gc,metaspace] GC(88) Metaspace: 190297K(191680K)->190297K(191680K) NonClass: 167020K(167744K)->167020K(167744K) Class: 23276K(23936K)->23276K(23936K)
[2025-11-29T09:40:33.597+0000][5392.575s][info ][gc          ] GC(88) Pause Young (Normal) (G1 Evacuation Pause) 926M->391M(1047M) 18.619ms
[2025-11-29T09:40:33.598+0000][5392.576s][info ][gc,cpu      ] GC(88) User=0.06s Sys=0.00s Real=0.02s
[2025-11-29T09:40:33.598+0000][5392.576s][info ][safepoint   ] Safepoint "G1CollectForAllocation", Time since last: 20660497894 ns, Reaching safepoint: 1091054 ns, Cleanup: 6664 ns, At safepoint: 20265621 ns, Total: 21363339 ns
[2025-11-29T09:41:00.021+0000][5419.002s][debug][safepoint   ] Safepoint synchronization initiated using futex wait barrier. (221 threads)
[2025-11-29T09:41:00.023+0000][5419.003s][info ][safepoint   ] Safepoint "Cleanup", Time since last: 26425164881 ns, Reaching safepoint: 1319650 ns, Cleanup: 35692 ns, At safepoint: 13432 ns, Total: 1368774 ns
[2025-11-29T09:41:10.026+0000][5429.007s][debug][safepoint   ] Safepoint synchronization initiated using futex wait barrier. (220 threads)
[2025-11-29T09:41:10.027+0000][5429.007s][info ][safepoint   ] Safepoint "Cleanup", Time since last: 10003672381 ns, Reaching safepoint: 612169 ns, Cleanup: 14459 ns, At safepoint: 6753 ns, Total: 633381 ns
[2025-11-29T09:48:33.156+0000][5499.088s][debug][safepoint   ] Safepoint synchronization initiated using futex wait barrier. (216 threads)
[2025-11-29T09:48:33.157+0000][5499.089s][info ][safepoint   ] Safepoint "Cleanup", Time since last: 70080416474 ns, Reaching safepoint: 822554 ns, Cleanup: 13268 ns, At safepoint: 6622 ns, Total: 842444 ns
[2025-11-29T09:49:13.165+0000][5539.099s][debug][safepoint   ] Safepoint synchronization initiated using futex wait barrier. (216 threads)
[2025-11-29T09:49:13.166+0000][5539.100s][info ][safepoint   ] Safepoint "Cleanup", Time since last: 40010288715 ns, Reaching safepoint: 874586 ns, Cleanup: 18950 ns, At safepoint: 4526 ns, Total: 898062 ns
[2025-11-29T09:50:16.181+0000][5602.118s][debug][safepoint   ] Safepoint synchronization initiated using futex wait barrier. (216 threads)
[2025-11-29T09:50:16.182+0000][5602.119s][info ][safepoint   ] Safepoint "Cleanup", Time since last: 63018244449 ns, Reaching safepoint: 1171268 ns, Cleanup: 19504 ns, At safepoint: 13545 ns, Total: 1204317 ns
[2025-11-29T09:50:34.186+0000][5620.125s][debug][safepoint   ] Safepoint synchronization initiated using futex wait barrier. (217 threads)
[2025-11-29T09:50:34.187+0000][5620.126s][info ][safepoint   ] Safepoint "Cleanup", Time since last: 18006168781 ns, Reaching safepoint: 678869 ns, Cleanup: 21245 ns, At safepoint: 10873 ns, Total: 710987 ns
[2025-11-29T09:50:48.191+0000][5634.130s][debug][safepoint   ] Safepoint synchronization initiated using futex wait barrier. (217 threads)
[2025-11-29T09:50:48.192+0000][5634.131s][info ][safepoint   ] Safepoint "Cleanup", Time since last: 14004027783 ns, Reaching safepoint: 719074 ns, Cleanup: 14947 ns, At safepoint: 3913 ns, Total: 737934 ns
[2025-11-29T09:51:16.344+0000][5662.286s][debug][safepoint   ] Safepoint synchronization initiated using futex wait barrier. (217 threads)
[2025-11-29T09:51:16.346+0000][5662.287s][info ][safepoint   ] Safepoint "Cleanup", Time since last: 28154929620 ns, Reaching safepoint: 1149522 ns, Cleanup: 19531 ns, At safepoint: 6868 ns, Total: 1175921 ns
[2025-11-29T09:51:45.353+0000][5691.297s][debug][safepoint   ] Safepoint synchronization initiated using futex wait barrier. (217 threads)
[2025-11-29T09:51:45.354+0000][5691.298s][info ][safepoint   ] Safepoint "Cleanup", Time since last: 29009820956 ns, Reaching safepoint: 1024010 ns, Cleanup: 20825 ns, At safepoint: 8693 ns, Total: 1053528 ns
[2025-11-29T09:54:12.382+0000][5838.342s][debug][safepoint   ] Safepoint synchronization initiated using futex wait barrier. (218 threads)
[2025-11-29T09:54:12.383+0000][5838.343s][info ][safepoint   ] Safepoint "Cleanup", Time since last: 147044619737 ns, Reaching safepoint: 913195 ns, Cleanup: 21162 ns, At safepoint: 11227 ns, Total: 945584 ns
[2025-11-29T09:54:22.322+0000][5848.283s][debug][safepoint   ] Safepoint synchronization initiated using futex wait barrier. (217 threads)
[2025-11-29T09:54:22.323+0000][5848.284s][info ][gc,start    ] GC(89) Pause Young (Normal) (G1 Evacuation Pause)
[2025-11-29T09:54:22.323+0000][5848.284s][info ][gc,task     ] GC(89) Using 10 workers of 10 for evacuation
[2025-11-29T09:54:22.336+0000][5848.297s][info ][gc,phases   ] GC(89)   Pre Evacuate Collection Set: 0.5ms
[2025-11-29T09:54:22.337+0000][5848.298s][info ][gc,phases   ] GC(89)   Merge Heap Roots: 0.6ms
[2025-11-29T09:54:22.338+0000][5848.299s][info ][gc,phases   ] GC(89)   Evacuate Collection Set: 7.0ms
[2025-11-29T09:54:22.338+0000][5848.299s][info ][gc,phases   ] GC(89)   Post Evacuate Collection Set: 3.3ms
[2025-11-29T09:54:22.339+0000][5848.300s][info ][gc,phases   ] GC(89)   Other: 2.1ms
[2025-11-29T09:54:22.340+0000][5848.301s][info ][gc,heap     ] GC(89) Eden regions: 537->0(538)
[2025-11-29T09:54:22.340+0000][5848.301s][info ][gc,heap     ] GC(89) Survivor regions: 2->2(68)
[2025-11-29T09:54:22.341+0000][5848.302s][info ][gc,heap     ] GC(89) Old regions: 378->378
[2025-11-29T09:54:22.342+0000][5848.303s][info ][gc,heap     ] GC(89) Archive regions: 2->2
[2025-11-29T09:54:22.342+0000][5848.303s][info ][gc,heap     ] GC(89) Humongous regions: 12->12
[2025-11-29T09:54:22.343+0000][5848.304s][info ][gc,metaspace] GC(89) Metaspace: 190350K(191744K)->190350K(191744K) NonClass: 167073K(167808K)->167073K(167808K) Class: 23276K(23936K)->23276K(23936K)
[2025-11-29T09:54:22.344+0000][5848.305s][info ][gc          ] GC(89) Pause Young (Normal) (G1 Evacuation Pause) 928M->391M(1047M) 21.059ms
[2025-11-29T09:54:22.345+0000][5848.305s][info ][gc,cpu      ] GC(89) User=0.08s Sys=0.00s Real=0.03s
[2025-11-29T09:54:22.346+0000][5848.307s][info ][safepoint   ] Safepoint "G1CollectForAllocation", Time since last: 9939292232 ns, Reaching safepoint: 842361 ns, Cleanup: 10952 ns, At safepoint: 23092666 ns, Total: 23945979 ns
[2025-11-29T09:54:23.347+0000][5849.308s][debug][safepoint   ] Safepoint synchronization initiated using futex wait barrier. (217 threads)
[2025-11-29T09:54:23.348+0000][5849.309s][info ][safepoint   ] Safepoint "Cleanup", Time since last: 1000890927 ns, Reaching safepoint: 1001622 ns, Cleanup: 45606 ns, At safepoint: 31605 ns, Total: 1078833 ns
[2025-11-29T09:54:45.351+0000][5871.316s][debug][safepoint   ] Safepoint synchronization initiated using futex wait barrier. (217 threads)
[2025-11-29T09:54:45.352+0000][5871.317s][info ][safepoint   ] Safepoint "Cleanup", Time since last: 22006959278 ns, Reaching safepoint: 1135747 ns, Cleanup: 23826 ns, At safepoint: 7201 ns, Total: 1166774 ns
[2025-11-29T09:55:28.361+0000][5914.331s][debug][safepoint   ] Safepoint synchronization initiated using futex wait barrier. (217 threads)
[2025-11-29T09:55:28.362+0000][5914.331s][info ][safepoint   ] Safepoint "Cleanup", Time since last: 43013775464 ns, Reaching safepoint: 832830 ns, Cleanup: 17367 ns, At safepoint: 8714 ns, Total: 858911 ns
[2025-11-29T09:56:47.374+0000][5993.354s][debug][safepoint   ] Safepoint synchronization initiated using futex wait barrier. (217 threads)
[2025-11-29T09:56:47.375+0000][5993.355s][info ][safepoint   ] Safepoint "Cleanup", Time since last: 79022604911 ns, Reaching safepoint: 872399 ns, Cleanup: 19788 ns, At safepoint: 13102 ns, Total: 905289 ns
[2025-11-29T09:57:47.372+0000][6053.370s][debug][safepoint   ] Safepoint synchronization initiated using futex wait barrier. (217 threads)
[2025-11-29T09:57:47.372+0000][6053.371s][info ][safepoint   ] Safepoint "Cleanup", Time since last: 60015074987 ns, Reaching safepoint: 841011 ns, Cleanup: 11559 ns, At safepoint: 3984 ns, Total: 856554 ns
[2025-11-29T09:57:48.374+0000][6054.372s][debug][safepoint   ] Safepoint synchronization initiated using futex wait barrier. (217 threads)
[2025-11-29T09:57:48.374+0000][6054.373s][info ][safepoint   ] Safepoint "Cleanup", Time since last: 1001231327 ns, Reaching safepoint: 675180 ns, Cleanup: 25101 ns, At safepoint: 17245 ns, Total: 717526 ns
[2025-11-29T09:57:52.377+0000][6058.375s][debug][safepoint   ] Safepoint synchronization initiated using futex wait barrier. (217 threads)
[2025-11-29T09:57:52.378+0000][6058.376s][info ][safepoint   ] Safepoint "Cleanup", Time since last: 4002143150 ns, Reaching safepoint: 1038975 ns, Cleanup: 22310 ns, At safepoint: 9546 ns, Total: 1070831 ns
[2025-11-29T09:58:23.384+0000][6089.388s][debug][safepoint   ] Safepoint synchronization initiated using futex wait barrier. (216 threads)
[2025-11-29T09:58:23.385+0000][6089.389s][info ][safepoint   ] Safepoint "Cleanup", Time since last: 31011768064 ns, Reaching safepoint: 1196857 ns, Cleanup: 25173 ns, At safepoint: 11895 ns, Total: 1233925 ns
[2025-11-29T09:59:37.803+0000][6163.815s][debug][safepoint   ] Safepoint synchronization initiated using futex wait barrier. (218 threads)
[2025-11-29T09:59:37.805+0000][6163.817s][info ][safepoint   ] Safepoint "Cleanup", Time since last: 74425906282 ns, Reaching safepoint: 1842991 ns, Cleanup: 19492 ns, At safepoint: 450772 ns, Total: 2313255 ns
[2025-11-29T10:02:00.206+0000][6306.230s][debug][safepoint   ] Safepoint synchronization initiated using futex wait barrier. (216 threads)
[2025-11-29T10:02:00.208+0000][6306.231s][info ][gc,start    ] GC(90) Pause Young (Normal) (G1 Evacuation Pause)
[2025-11-29T10:02:00.210+0000][6306.233s][info ][gc,task     ] GC(90) Using 10 workers of 10 for evacuation
[2025-11-29T10:02:00.223+0000][6306.246s][info ][gc,phases   ] GC(90)   Pre Evacuate Collection Set: 0.7ms
[2025-11-29T10:02:00.224+0000][6306.247s][info ][gc,phases   ] GC(90)   Merge Heap Roots: 0.9ms
[2025-11-29T10:02:00.225+0000][6306.248s][info ][gc,phases   ] GC(90)   Evacuate Collection Set: 6.5ms
[2025-11-29T10:02:00.226+0000][6306.249s][info ][gc,phases   ] GC(90)   Post Evacuate Collection Set: 3.9ms
[2025-11-29T10:02:00.227+0000][6306.250s][info ][gc,phases   ] GC(90)   Other: 3.0ms
[2025-11-29T10:02:00.227+0000][6306.251s][info ][gc,heap     ] GC(90) Eden regions: 538->0(540)
[2025-11-29T10:02:00.228+0000][6306.251s][info ][gc,heap     ] GC(90) Survivor regions: 2->2(68)
[2025-11-29T10:02:00.229+0000][6306.252s][info ][gc,heap     ] GC(90) Old regions: 378->378
[2025-11-29T10:02:00.229+0000][6306.253s][info ][gc,heap     ] GC(90) Archive regions: 2->2
[2025-11-29T10:02:00.230+0000][6306.253s][info ][gc,heap     ] GC(90) Humongous regions: 12->12
[2025-11-29T10:02:00.231+0000][6306.254s][info ][gc,metaspace] GC(90) Metaspace: 190360K(191744K)->190360K(191744K) NonClass: 167083K(167808K)->167083K(167808K) Class: 23276K(23936K)->23276K(23936K)
[2025-11-29T10:02:00.231+0000][6306.254s][info ][gc          ] GC(90) Pause Young (Normal) (G1 Evacuation Pause) 929M->391M(1047M) 23.046ms
[2025-11-29T10:02:00.232+0000][6306.255s][info ][gc,cpu      ] GC(90) User=0.07s Sys=0.00s Real=0.02s
[2025-11-29T10:02:00.232+0000][6306.256s][info ][safepoint   ] Safepoint "G1CollectForAllocation", Time since last: 142412414285 ns, Reaching safepoint: 1413256 ns, Cleanup: 10442 ns, At safepoint: 24718609 ns, Total: 26142307 ns
[2025-11-29T10:02:01.233+0000][6307.257s][debug][safepoint   ] Safepoint synchronization initiated using futex wait barrier. (216 threads)
[2025-11-29T10:02:01.235+0000][6307.258s][info ][safepoint   ] Safepoint "Cleanup", Time since last: 1000864348 ns, Reaching safepoint: 1201566 ns, Cleanup: 26266 ns, At safepoint: 11226 ns, Total: 1239058 ns
[2025-11-29T10:02:27.239+0000][6333.266s][debug][safepoint   ] Safepoint synchronization initiated using futex wait barrier. (217 threads)
[2025-11-29T10:02:27.241+0000][6333.267s][info ][safepoint   ] Safepoint "Cleanup", Time since last: 26008190795 ns, Reaching safepoint: 1268314 ns, Cleanup: 23951 ns, At safepoint: 10062 ns, Total: 1302327 ns
[2025-11-29T10:02:28.242+0000][6334.269s][debug][safepoint   ] Safepoint synchronization initiated using futex wait barrier. (217 threads)
[2025-11-29T10:02:28.243+0000][6334.270s][info ][safepoint   ] Safepoint "Cleanup", Time since last: 1001334211 ns, Reaching safepoint: 925732 ns, Cleanup: 14749 ns, At safepoint: 5917 ns, Total: 946398 ns
[2025-11-29T10:04:48.041+0000][6474.084s][debug][safepoint   ] Safepoint synchronization initiated using futex wait barrier. (217 threads)
[2025-11-29T10:04:48.042+0000][6474.085s][info ][safepoint   ] Safepoint "Cleanup", Time since last: 139814209285 ns, Reaching safepoint: 1095105 ns, Cleanup: 21451 ns, At safepoint: 9017 ns, Total: 1125573 ns
[2025-11-29T10:05:29.052+0000][6515.097s][debug][safepoint   ] Safepoint synchronization initiated using futex wait barrier. (217 threads)
[2025-11-29T10:05:29.053+0000][6515.098s][info ][safepoint   ] Safepoint "Cleanup", Time since last: 41011691175 ns, Reaching safepoint: 1134946 ns, Cleanup: 20030 ns, At safepoint: 8862 ns, Total: 1163838 ns
[2025-11-29T10:05:31.055+0000][6517.099s][debug][safepoint   ] Safepoint synchronization initiated using futex wait barrier. (218 threads)
[2025-11-29T10:05:31.056+0000][6517.100s][info ][safepoint   ] Safepoint "Cleanup", Time since last: 2001605445 ns, Reaching safepoint: 874323 ns, Cleanup: 23707 ns, At safepoint: 13201 ns, Total: 911231 ns
[2025-11-29T10:05:35.048+0000][6521.102s][debug][safepoint   ] Safepoint synchronization initiated using futex wait barrier. (218 threads)
[2025-11-29T10:05:35.049+0000][6521.103s][info ][safepoint   ] Safepoint "Cleanup", Time since last: 4001699769 ns, Reaching safepoint: 1132094 ns, Cleanup: 16532 ns, At safepoint: 7794 ns, Total: 1156420 ns
[2025-11-29T10:05:45.054+0000][6531.107s][debug][safepoint   ] Safepoint synchronization initiated using futex wait barrier. (218 threads)
[2025-11-29T10:05:45.055+0000][6531.109s][info ][safepoint   ] Safepoint "Cleanup", Time since last: 10004296113 ns, Reaching safepoint: 1169544 ns, Cleanup: 20485 ns, At safepoint: 6290 ns, Total: 1196319 ns
[2025-11-29T10:05:48.057+0000][6534.111s][debug][safepoint   ] Safepoint synchronization initiated using futex wait barrier. (218 threads)
[2025-11-29T10:05:48.058+0000][6534.112s][info ][safepoint   ] Safepoint "Cleanup", Time since last: 3001910949 ns, Reaching safepoint: 1157840 ns, Cleanup: 18660 ns, At safepoint: 5337 ns, Total: 1181837 ns
[2025-11-29T10:09:38.842+0000][6764.914s][debug][safepoint   ] Safepoint synchronization initiated using futex wait barrier. (217 threads)
[2025-11-29T10:09:38.843+0000][6764.914s][info ][gc,start    ] GC(91) Pause Young (Normal) (G1 Evacuation Pause)
[2025-11-29T10:09:38.843+0000][6764.915s][info ][gc,task     ] GC(91) Using 10 workers of 10 for evacuation
[2025-11-29T10:09:38.854+0000][6764.925s][info ][gc,phases   ] GC(91)   Pre Evacuate Collection Set: 0.3ms
[2025-11-29T10:09:38.855+0000][6764.926s][info ][gc,phases   ] GC(91)   Merge Heap Roots: 0.3ms
[2025-11-29T10:09:38.855+0000][6764.927s][info ][gc,phases   ] GC(91)   Evacuate Collection Set: 5.2ms
[2025-11-29T10:09:38.856+0000][6764.927s][info ][gc,phases   ] GC(91)   Post Evacuate Collection Set: 3.5ms
[2025-11-29T10:09:38.857+0000][6764.928s][info ][gc,phases   ] GC(91)   Other: 1.2ms
[2025-11-29T10:09:38.857+0000][6764.929s][info ][gc,heap     ] GC(91) Eden regions: 540->0(541)
[2025-11-29T10:09:38.858+0000][6764.930s][info ][gc,heap     ] GC(91) Survivor regions: 2->2(68)
[2025-11-29T10:09:38.859+0000][6764.930s][info ][gc,heap     ] GC(91) Old regions: 378->378
[2025-11-29T10:09:38.859+0000][6764.931s][info ][gc,heap     ] GC(91) Archive regions: 2->2
[2025-11-29T10:09:38.860+0000][6764.931s][info ][gc,heap     ] GC(91) Humongous regions: 12->12
[2025-11-29T10:09:38.860+0000][6764.931s][info ][gc,metaspace] GC(91) Metaspace: 190376K(191744K)->190376K(191744K) NonClass: 167099K(167808K)->167099K(167808K) Class: 23276K(23936K)->23276K(23936K)
[2025-11-29T10:09:38.861+0000][6764.932s][info ][gc          ] GC(91) Pause Young (Normal) (G1 Evacuation Pause) 931M->391M(1047M) 17.584ms
[2025-11-29T10:09:38.861+0000][6764.933s][info ][gc,cpu      ] GC(91) User=0.05s Sys=0.01s Real=0.02s
[2025-11-29T10:09:38.863+0000][6764.934s][info ][safepoint   ] Safepoint "G1CollectForAllocation", Time since last: 230801867063 ns, Reaching safepoint: 718556 ns, Cleanup: 7206 ns, At safepoint: 19871649 ns, Total: 20597411 ns
[2025-11-29T10:11:36.875+0000][6882.964s][debug][safepoint   ] Safepoint synchronization initiated using futex wait barrier. (219 threads)
[2025-11-29T10:11:36.876+0000][6882.965s][info ][safepoint   ] Safepoint "Cleanup", Time since last: 118029675135 ns, Reaching safepoint: 840403 ns, Cleanup: 99354 ns, At safepoint: 23661 ns, Total: 963418 ns
[2025-11-29T10:11:44.879+0000][6890.967s][debug][safepoint   ] Safepoint synchronization initiated using futex wait barrier. (219 threads)
[2025-11-29T10:11:44.880+0000][6890.968s][info ][safepoint   ] Safepoint "Cleanup", Time since last: 8002331007 ns, Reaching safepoint: 913330 ns, Cleanup: 20549 ns, At safepoint: 11850 ns, Total: 945729 ns
[2025-11-29T10:13:10.584+0000][6976.687s][debug][safepoint   ] Safepoint synchronization initiated using futex wait barrier. (217 threads)
[2025-11-29T10:13:10.585+0000][6976.687s][info ][safepoint   ] Safepoint "Cleanup", Time since last: 85718463119 ns, Reaching safepoint: 827371 ns, Cleanup: 23964 ns, At safepoint: 6460 ns, Total: 857795 ns
[2025-11-29T10:13:47.590+0000][7013.697s][debug][safepoint   ] Safepoint synchronization initiated using futex wait barrier. (217 threads)
[2025-11-29T10:13:47.591+0000][7013.698s][info ][safepoint   ] Safepoint "Cleanup", Time since last: 37009095460 ns, Reaching safepoint: 965240 ns, Cleanup: 14161 ns, At safepoint: 6394 ns, Total: 985795 ns
[2025-11-29T10:15:05.691+0000][7091.810s][debug][safepoint   ] Safepoint synchronization initiated using futex wait barrier. (218 threads)
[2025-11-29T10:15:05.692+0000][7091.811s][info ][safepoint   ] Safepoint "Cleanup", Time since last: 78111977726 ns, Reaching safepoint: 973459 ns, Cleanup: 26370 ns, At safepoint: 7346 ns, Total: 1007175 ns
[2025-11-29T10:16:41.746+0000][7187.877s][debug][safepoint   ] Safepoint synchronization initiated using futex wait barrier. (216 threads)
[2025-11-29T10:16:41.747+0000][7187.878s][info ][safepoint   ] Safepoint "Cleanup", Time since last: 96066136326 ns, Reaching safepoint: 1293600 ns, Cleanup: 25123 ns, At safepoint: 15489 ns, Total: 1334212 ns
[2025-11-29T10:17:16.549+0000][7222.684s][debug][safepoint   ] Safepoint synchronization initiated using futex wait barrier. (216 threads)
[2025-11-29T10:17:16.550+0000][7222.685s][info ][gc,start    ] GC(92) Pause Young (Normal) (G1 Evacuation Pause)
[2025-11-29T10:17:16.551+0000][7222.686s][info ][gc,task     ] GC(92) Using 10 workers of 10 for evacuation
[2025-11-29T10:17:16.564+0000][7222.698s][info ][gc,phases   ] GC(92)   Pre Evacuate Collection Set: 0.5ms
[2025-11-29T10:17:16.565+0000][7222.699s][info ][gc,phases   ] GC(92)   Merge Heap Roots: 0.5ms
[2025-11-29T10:17:16.566+0000][7222.700s][info ][gc,phases   ] GC(92)   Evacuate Collection Set: 8.0ms
[2025-11-29T10:17:16.567+0000][7222.701s][info ][gc,phases   ] GC(92)   Post Evacuate Collection Set: 2.8ms
[2025-11-29T10:17:16.567+0000][7222.701s][info ][gc,phases   ] GC(92)   Other: 2.2ms
[2025-11-29T10:17:16.568+0000][7222.702s][info ][gc,heap     ] GC(92) Eden regions: 541->0(542)
[2025-11-29T10:17:16.569+0000][7222.703s][info ][gc,heap     ] GC(92) Survivor regions: 2->2(68)
[2025-11-29T10:17:16.569+0000][7222.704s][info ][gc,heap     ] GC(92) Old regions: 378->378
[2025-11-29T10:17:16.570+0000][7222.704s][info ][gc,heap     ] GC(92) Archive regions: 2->2
[2025-11-29T10:17:16.571+0000][7222.705s][info ][gc,heap     ] GC(92) Humongous regions: 12->12
[2025-11-29T10:17:16.571+0000][7222.705s][info ][gc,metaspace] GC(92) Metaspace: 190414K(191808K)->190414K(191808K) NonClass: 167137K(167872K)->167137K(167872K) Class: 23276K(23936K)->23276K(23936K)
[2025-11-29T10:17:16.572+0000][7222.706s][info ][gc          ] GC(92) Pause Young (Normal) (G1 Evacuation Pause) 932M->391M(1047M) 21.447ms
[2025-11-29T10:17:16.573+0000][7222.707s][info ][gc,cpu      ] GC(92) User=0.08s Sys=0.00s Real=0.02s
[2025-11-29T10:17:16.573+0000][7222.708s][info ][safepoint   ] Safepoint "G1CollectForAllocation", Time since last: 34805519464 ns, Reaching safepoint: 959588 ns, Cleanup: 7738 ns, At safepoint: 23210840 ns, Total: 24178166 ns
[2025-11-29T10:17:44.579+0000][7250.717s][debug][safepoint   ] Safepoint synchronization initiated using futex wait barrier. (218 threads)
[2025-11-29T10:17:44.580+0000][7250.718s][info ][safepoint   ] Safepoint "Cleanup", Time since last: 28009001907 ns, Reaching safepoint: 958873 ns, Cleanup: 25022 ns, At safepoint: 98052 ns, Total: 1081947 ns
[2025-11-29T10:17:45.581+0000][7251.719s][debug][safepoint   ] Safepoint synchronization initiated using futex wait barrier. (219 threads)
[2025-11-29T10:17:45.582+0000][7251.720s][info ][safepoint   ] Safepoint "Cleanup", Time since last: 1001284866 ns, Reaching safepoint: 1095222 ns, Cleanup: 28016 ns, At safepoint: 7652 ns, Total: 1130890 ns
[2025-11-29T10:19:44.601+0000][7370.755s][debug][safepoint   ] Safepoint synchronization initiated using futex wait barrier. (217 threads)
[2025-11-29T10:19:44.602+0000][7370.755s][info ][safepoint   ] Safepoint "Cleanup", Time since last: 119034309991 ns, Reaching safepoint: 815710 ns, Cleanup: 18893 ns, At safepoint: 8956 ns, Total: 843559 ns
[2025-11-29T10:21:48.001+0000][7494.171s][debug][safepoint   ] Safepoint synchronization initiated using futex wait barrier. (217 threads)
[2025-11-29T10:21:48.002+0000][7494.172s][info ][safepoint   ] Safepoint "Cleanup", Time since last: 123415352537 ns, Reaching safepoint: 1235103 ns, Cleanup: 28600 ns, At safepoint: 43974 ns, Total: 1307677 ns
[2025-11-29T10:22:32.006+0000][7538.184s][debug][safepoint   ] Safepoint synchronization initiated using futex wait barrier. (217 threads)
[2025-11-29T10:22:32.007+0000][7538.185s][info ][safepoint   ] Safepoint "Cleanup", Time since last: 44012136459 ns, Reaching safepoint: 1035669 ns, Cleanup: 16025 ns, At safepoint: 6345 ns, Total: 1058039 ns
[2025-11-29T10:22:48.013+0000][7554.190s][debug][safepoint   ] Safepoint synchronization initiated using futex wait barrier. (217 threads)
[2025-11-29T10:22:48.014+0000][7554.192s][info ][safepoint   ] Safepoint "Cleanup", Time since last: 16005150688 ns, Reaching safepoint: 1275360 ns, Cleanup: 26465 ns, At safepoint: 9680 ns, Total: 1311505 ns
[2025-11-29T10:23:44.026+0000][7610.208s][debug][safepoint   ] Safepoint synchronization initiated using futex wait barrier. (217 threads)
[2025-11-29T10:23:44.027+0000][7610.209s][info ][safepoint   ] Safepoint "Cleanup", Time since last: 56016770170 ns, Reaching safepoint: 737241 ns, Cleanup: 16915 ns, At safepoint: 5865 ns, Total: 760021 ns
[2025-11-29T10:24:48.030+0000][7674.229s][debug][safepoint   ] Safepoint synchronization initiated using futex wait barrier. (218 threads)
[2025-11-29T10:24:48.030+0000][7674.230s][info ][safepoint   ] Safepoint "Cleanup", Time since last: 64020138658 ns, Reaching safepoint: 655081 ns, Cleanup: 13581 ns, At safepoint: 3273 ns, Total: 671935 ns
[2025-11-29T10:24:56.156+0000][7682.356s][debug][safepoint   ] Safepoint synchronization initiated using futex wait barrier. (217 threads)
[2025-11-29T10:24:56.157+0000][7682.357s][info ][gc,start    ] GC(93) Pause Young (Normal) (G1 Evacuation Pause)
[2025-11-29T10:24:56.158+0000][7682.358s][info ][gc,task     ] GC(93) Using 10 workers of 10 for evacuation
[2025-11-29T10:24:56.178+0000][7682.377s][info ][gc,phases   ] GC(93)   Pre Evacuate Collection Set: 0.5ms
[2025-11-29T10:24:56.179+0000][7682.378s][info ][gc,phases   ] GC(93)   Merge Heap Roots: 0.6ms
[2025-11-29T10:24:56.179+0000][7682.379s][info ][gc,phases   ] GC(93)   Evacuate Collection Set: 12.4ms
[2025-11-29T10:24:56.180+0000][7682.380s][info ][gc,phases   ] GC(93)   Post Evacuate Collection Set: 4.7ms
[2025-11-29T10:24:56.181+0000][7682.380s][info ][gc,phases   ] GC(93)   Other: 2.4ms
[2025-11-29T10:24:56.182+0000][7682.381s][info ][gc,heap     ] GC(93) Eden regions: 542->0(543)
[2025-11-29T10:24:56.182+0000][7682.382s][info ][gc,heap     ] GC(93) Survivor regions: 2->2(68)
[2025-11-29T10:24:56.183+0000][7682.383s][info ][gc,heap     ] GC(93) Old regions: 378->378
[2025-11-29T10:24:56.183+0000][7682.383s][info ][gc,heap     ] GC(93) Archive regions: 2->2
[2025-11-29T10:24:56.184+0000][7682.384s][info ][gc,heap     ] GC(93) Humongous regions: 12->12
[2025-11-29T10:24:56.185+0000][7682.385s][info ][gc,metaspace] GC(93) Metaspace: 190489K(191936K)->190489K(191936K) NonClass: 167212K(168000K)->167212K(168000K) Class: 23276K(23936K)->23276K(23936K)
[2025-11-29T10:24:56.186+0000][7682.385s][info ][gc          ] GC(93) Pause Young (Normal) (G1 Evacuation Pause) 933M->391M(1047M) 28.432ms
[2025-11-29T10:24:56.186+0000][7682.386s][info ][gc,cpu      ] GC(93) User=0.13s Sys=0.00s Real=0.03s
[2025-11-29T10:24:56.187+0000][7682.387s][info ][safepoint   ] Safepoint "G1CollectForAllocation", Time since last: 8125675676 ns, Reaching safepoint: 1130247 ns, Cleanup: 7250 ns, At safepoint: 30278565 ns, Total: 31416062 ns
[2025-11-29T10:24:57.189+0000][7683.389s][debug][safepoint   ] Safepoint synchronization initiated using futex wait barrier. (217 threads)
[2025-11-29T10:24:57.190+0000][7683.390s][info ][safepoint   ] Safepoint "Cleanup", Time since last: 1001557112 ns, Reaching safepoint: 1075254 ns, Cleanup: 107757 ns, At safepoint: 10003 ns, Total: 1193014 ns
[2025-11-29T10:25:47.195+0000][7733.405s][debug][safepoint   ] Safepoint synchronization initiated using futex wait barrier. (217 threads)
[2025-11-29T10:25:47.195+0000][7733.406s][info ][safepoint   ] Safepoint "Cleanup", Time since last: 50015621898 ns, Reaching safepoint: 615117 ns, Cleanup: 12905 ns, At safepoint: 2733 ns, Total: 630755 ns
[2025-11-29T10:25:50.197+0000][7736.408s][debug][safepoint   ] Safepoint synchronization initiated using futex wait barrier. (217 threads)
[2025-11-29T10:25:50.198+0000][7736.409s][info ][safepoint   ] Safepoint "Cleanup", Time since last: 3001634964 ns, Reaching safepoint: 1046001 ns, Cleanup: 13023 ns, At safepoint: 4463 ns, Total: 1063487 ns
[2025-11-29T10:27:47.086+0000][7853.319s][debug][safepoint   ] Safepoint synchronization initiated using futex wait barrier. (217 threads)
[2025-11-29T10:27:47.087+0000][7853.320s][info ][safepoint   ] Safepoint "Cleanup", Time since last: 116909850578 ns, Reaching safepoint: 721900 ns, Cleanup: 137564 ns, At safepoint: 5514 ns, Total: 864978 ns
[2025-11-29T10:27:48.087+0000][7854.320s][debug][safepoint   ] Safepoint synchronization initiated using futex wait barrier. (217 threads)
[2025-11-29T10:27:48.088+0000][7854.321s][info ][safepoint   ] Safepoint "Cleanup", Time since last: 1000801063 ns, Reaching safepoint: 815133 ns, Cleanup: 15798 ns, At safepoint: 7982 ns, Total: 838913 ns
[2025-11-29T10:27:52.090+0000][7858.323s][debug][safepoint   ] Safepoint synchronization initiated using futex wait barrier. (216 threads)
[2025-11-29T10:27:52.091+0000][7858.324s][info ][safepoint   ] Safepoint "Cleanup", Time since last: 4001670408 ns, Reaching safepoint: 781593 ns, Cleanup: 13040 ns, At safepoint: 2459 ns, Total: 797092 ns
[2025-11-29T10:29:45.101+0000][7971.358s][debug][safepoint   ] Safepoint synchronization initiated using futex wait barrier. (217 threads)
[2025-11-29T10:29:45.102+0000][7971.359s][info ][safepoint   ] Safepoint "Cleanup", Time since last: 113034192059 ns, Reaching safepoint: 861129 ns, Cleanup: 16317 ns, At safepoint: 6077 ns, Total: 883523 ns
[2025-11-29T10:29:54.105+0000][7980.362s][debug][safepoint   ] Safepoint synchronization initiated using futex wait barrier. (219 threads)
[2025-11-29T10:29:54.106+0000][7980.363s][debug][safepoint   ] ... found polling page loop exception at pc = 0x00007ef7e1f454ab, stub =0x00007ef7e0adb400
[2025-11-29T10:29:54.107+0000][7980.364s][info ][safepoint   ] Safepoint "Cleanup", Time since last: 9003496605 ns, Reaching safepoint: 1777657 ns, Cleanup: 16819 ns, At safepoint: 196833 ns, Total: 1991309 ns
[2025-11-29T11:26:10.371+0000][8143.577s][debug][safepoint   ] Safepoint synchronization initiated using futex wait barrier. (211 threads)
[2025-11-29T11:26:10.375+0000][8143.581s][info ][gc,start    ] GC(94) Pause Young (Normal) (G1 Evacuation Pause)
[2025-11-29T11:26:10.377+0000][8143.583s][info ][gc,task     ] GC(94) Using 10 workers of 10 for evacuation
[2025-11-29T11:26:10.389+0000][8143.595s][info ][gc,phases   ] GC(94)   Pre Evacuate Collection Set: 0.7ms
[2025-11-29T11:26:10.391+0000][8143.597s][info ][gc,phases   ] GC(94)   Merge Heap Roots: 0.4ms
[2025-11-29T11:26:10.394+0000][8143.600s][info ][gc,phases   ] GC(94)   Evacuate Collection Set: 5.3ms
[2025-11-29T11:26:10.396+0000][8143.602s][info ][gc,phases   ] GC(94)   Post Evacuate Collection Set: 2.5ms
[2025-11-29T11:26:10.400+0000][8143.606s][info ][gc,phases   ] GC(94)   Other: 5.5ms
[2025-11-29T11:26:10.402+0000][8143.608s][info ][gc,heap     ] GC(94) Eden regions: 543->0(545)
[2025-11-29T11:26:10.403+0000][8143.609s][info ][gc,heap     ] GC(94) Survivor regions: 2->1(69)
[2025-11-29T11:26:10.406+0000][8143.613s][info ][gc,heap     ] GC(94) Old regions: 378->378
[2025-11-29T11:26:10.408+0000][8143.614s][info ][gc,heap     ] GC(94) Archive regions: 2->2
[2025-11-29T11:26:10.410+0000][8143.616s][info ][gc,heap     ] GC(94) Humongous regions: 12->12
[2025-11-29T11:26:10.412+0000][8143.618s][info ][gc,metaspace] GC(94) Metaspace: 190527K(191936K)->190527K(191936K) NonClass: 167250K(168000K)->167250K(168000K) Class: 23276K(23936K)->23276K(23936K)
[2025-11-29T11:26:10.415+0000][8143.621s][info ][gc          ] GC(94) Pause Young (Normal) (G1 Evacuation Pause) 934M->391M(1047M) 39.988ms
[2025-11-29T11:26:10.416+0000][8143.623s][info ][gc,cpu      ] GC(94) User=0.06s Sys=0.01s Real=0.04s
[2025-11-29T11:26:10.419+0000][8143.626s][info ][safepoint   ] Safepoint "G1CollectForAllocation", Time since last: 163213162133 ns, Reaching safepoint: 3093942 ns, Cleanup: 11480 ns, At safepoint: 45064260 ns, Total: 48169682 ns
[2025-11-29T11:28:20.907+0000][8274.129s][debug][safepoint   ] Safepoint synchronization initiated using futex wait barrier. (213 threads)
[2025-11-29T11:28:20.908+0000][8274.130s][info ][safepoint   ] Safepoint "Cleanup", Time since last: 130503646800 ns, Reaching safepoint: 1020432 ns, Cleanup: 21485 ns, At safepoint: 10665 ns, Total: 1052582 ns
[2025-11-29T11:30:20.977+0000][8394.219s][debug][safepoint   ] Safepoint synchronization initiated using futex wait barrier. (214 threads)
[2025-11-29T11:30:20.979+0000][8394.221s][info ][safepoint   ] Safepoint "Cleanup", Time since last: 120088752209 ns, Reaching safepoint: 1552763 ns, Cleanup: 26694 ns, At safepoint: 62007 ns, Total: 1641464 ns
[2025-11-29T11:33:38.000+0000][8591.276s][debug][safepoint   ] Safepoint synchronization initiated using futex wait barrier. (213 threads)
[2025-11-29T11:33:38.002+0000][8591.277s][info ][safepoint   ] Safepoint "Cleanup", Time since last: 197055421674 ns, Reaching safepoint: 1242127 ns, Cleanup: 21244 ns, At safepoint: 8342 ns, Total: 1271713 ns
[2025-11-29T11:33:53.123+0000][8606.398s][debug][safepoint   ] Safepoint synchronization initiated using futex wait barrier. (213 threads)
[2025-11-29T11:33:53.124+0000][8606.400s][info ][gc,start    ] GC(95) Pause Young (Normal) (G1 Evacuation Pause)
[2025-11-29T11:33:53.125+0000][8606.401s][info ][gc,task     ] GC(95) Using 10 workers of 10 for evacuation
[2025-11-29T11:33:53.139+0000][8606.414s][info ][gc,phases   ] GC(95)   Pre Evacuate Collection Set: 0.6ms
[2025-11-29T11:33:53.139+0000][8606.415s][info ][gc,phases   ] GC(95)   Merge Heap Roots: 0.4ms
[2025-11-29T11:33:53.140+0000][8606.416s][info ][gc,phases   ] GC(95)   Evacuate Collection Set: 9.5ms
[2025-11-29T11:33:53.140+0000][8606.416s][info ][gc,phases   ] GC(95)   Post Evacuate Collection Set: 2.0ms
[2025-11-29T11:33:53.141+0000][8606.416s][info ][gc,phases   ] GC(95)   Other: 2.1ms
[2025-11-29T11:33:53.141+0000][8606.417s][info ][gc,heap     ] GC(95) Eden regions: 545->0(545)
[2025-11-29T11:33:53.141+0000][8606.417s][info ][gc,heap     ] GC(95) Survivor regions: 1->1(69)
[2025-11-29T11:33:53.142+0000][8606.418s][info ][gc,heap     ] GC(95) Old regions: 378->378
[2025-11-29T11:33:53.142+0000][8606.418s][info ][gc,heap     ] GC(95) Archive regions: 2->2
[2025-11-29T11:33:53.143+0000][8606.419s][info ][gc,heap     ] GC(95) Humongous regions: 12->12
[2025-11-29T11:33:53.144+0000][8606.419s][info ][gc,metaspace] GC(95) Metaspace: 190537K(191936K)->190537K(191936K) NonClass: 167260K(168000K)->167260K(168000K) Class: 23276K(23936K)->23276K(23936K)
[2025-11-29T11:33:53.144+0000][8606.420s][info ][gc          ] GC(95) Pause Young (Normal) (G1 Evacuation Pause) 936M->391M(1047M) 20.207ms
[2025-11-29T11:33:53.145+0000][8606.421s][info ][gc,cpu      ] GC(95) User=0.09s Sys=0.00s Real=0.02s
[2025-11-29T11:33:53.146+0000][8606.422s][info ][safepoint   ] Safepoint "G1CollectForAllocation", Time since last: 15121120806 ns, Reaching safepoint: 1069715 ns, Cleanup: 14769 ns, At safepoint: 22290978 ns, Total: 23375462 ns
[2025-11-29T11:35:39.158+0000][8712.452s][debug][safepoint   ] Safepoint synchronization initiated using futex wait barrier. (214 threads)
[2025-11-29T11:35:39.159+0000][8712.453s][info ][safepoint   ] Safepoint "Cleanup", Time since last: 106030029518 ns, Reaching safepoint: 1270072 ns, Cleanup: 27080 ns, At safepoint: 14226 ns, Total: 1311378 ns
[2025-11-29T11:41:34.092+0000][9067.433s][debug][safepoint   ] Safepoint synchronization initiated using futex wait barrier. (213 threads)
[2025-11-29T11:41:34.094+0000][9067.434s][info ][gc,start    ] GC(96) Pause Young (Normal) (G1 Evacuation Pause)
[2025-11-29T11:41:34.094+0000][9067.435s][info ][gc,task     ] GC(96) Using 10 workers of 10 for evacuation
[2025-11-29T11:41:34.106+0000][9067.447s][info ][gc,phases   ] GC(96)   Pre Evacuate Collection Set: 0.8ms
[2025-11-29T11:41:34.107+0000][9067.448s][info ][gc,phases   ] GC(96)   Merge Heap Roots: 0.6ms
[2025-11-29T11:41:34.108+0000][9067.449s][info ][gc,phases   ] GC(96)   Evacuate Collection Set: 7.1ms
[2025-11-29T11:41:34.109+0000][9067.449s][info ][gc,phases   ] GC(96)   Post Evacuate Collection Set: 2.3ms
[2025-11-29T11:41:34.109+0000][9067.450s][info ][gc,phases   ] GC(96)   Other: 2.0ms
[2025-11-29T11:41:34.110+0000][9067.450s][info ][gc,heap     ] GC(96) Eden regions: 545->0(544)
[2025-11-29T11:41:34.110+0000][9067.451s][info ][gc,heap     ] GC(96) Survivor regions: 1->2(69)
[2025-11-29T11:41:34.111+0000][9067.451s][info ][gc,heap     ] GC(96) Old regions: 378->378
[2025-11-29T11:41:34.111+0000][9067.452s][info ][gc,heap     ] GC(96) Archive regions: 2->2
[2025-11-29T11:41:34.112+0000][9067.452s][info ][gc,heap     ] GC(96) Humongous regions: 12->12
[2025-11-29T11:41:34.112+0000][9067.453s][info ][gc,metaspace] GC(96) Metaspace: 190565K(191936K)->190565K(191936K) NonClass: 167288K(168000K)->167288K(168000K) Class: 23276K(23936K)->23276K(23936K)
[2025-11-29T11:41:34.113+0000][9067.453s][info ][gc          ] GC(96) Pause Young (Normal) (G1 Evacuation Pause) 936M->391M(1047M) 19.116ms
[2025-11-29T11:41:34.113+0000][9067.454s][info ][gc,cpu      ] GC(96) User=0.07s Sys=0.01s Real=0.02s
[2025-11-29T11:41:34.114+0000][9067.455s][info ][safepoint   ] Safepoint "G1CollectForAllocation", Time since last: 354979590936 ns, Reaching safepoint: 1349386 ns, Cleanup: 5968 ns, At safepoint: 20469238 ns, Total: 21824592 ns
[2025-11-29T11:42:20.122+0000][9113.470s][debug][safepoint   ] Safepoint synchronization initiated using futex wait barrier. (214 threads)
[2025-11-29T11:42:20.123+0000][9113.470s][info ][safepoint   ] Safepoint "Cleanup", Time since last: 46015352652 ns, Reaching safepoint: 485074 ns, Cleanup: 17882 ns, At safepoint: 8723 ns, Total: 511679 ns
[2025-11-29T11:43:20.778+0000][9174.131s][debug][safepoint   ] Safepoint synchronization initiated using futex wait barrier. (213 threads)
[2025-11-29T11:43:20.780+0000][9174.133s][info ][safepoint   ] Safepoint "Cleanup", Time since last: 60661058606 ns, Reaching safepoint: 1456962 ns, Cleanup: 21010 ns, At safepoint: 10006 ns, Total: 1487978 ns
[2025-11-29T14:33:26.204+0000][9445.352s][debug][safepoint   ] Safepoint synchronization initiated using futex wait barrier. (212 threads)
[2025-11-29T14:33:26.205+0000][9445.353s][info ][safepoint   ] Safepoint "Cleanup", Time since last: 271218534634 ns, Reaching safepoint: 1379196 ns, Cleanup: 16913 ns, At safepoint: 6325 ns, Total: 1402434 ns
[2025-11-29T14:34:27.217+0000][9506.371s][debug][safepoint   ] Safepoint synchronization initiated using futex wait barrier. (211 threads)
[2025-11-29T14:34:27.218+0000][9506.372s][info ][safepoint   ] Safepoint "Cleanup", Time since last: 61017952167 ns, Reaching safepoint: 1110082 ns, Cleanup: 10665 ns, At safepoint: 3838 ns, Total: 1124585 ns
[2025-11-29T14:34:49.317+0000][9528.473s][debug][safepoint   ] Safepoint synchronization initiated using futex wait barrier. (211 threads)
[2025-11-29T14:34:49.319+0000][9528.475s][info ][gc,start    ] GC(97) Pause Young (Normal) (G1 Evacuation Pause)
[2025-11-29T14:34:49.320+0000][9528.476s][info ][gc,task     ] GC(97) Using 10 workers of 10 for evacuation
[2025-11-29T14:34:49.333+0000][9528.489s][info ][gc,phases   ] GC(97)   Pre Evacuate Collection Set: 0.6ms
[2025-11-29T14:34:49.334+0000][9528.490s][info ][gc,phases   ] GC(97)   Merge Heap Roots: 1.0ms
[2025-11-29T14:34:49.335+0000][9528.491s][info ][gc,phases   ] GC(97)   Evacuate Collection Set: 4.0ms
[2025-11-29T14:34:49.335+0000][9528.492s][info ][gc,phases   ] GC(97)   Post Evacuate Collection Set: 6.4ms
[2025-11-29T14:34:49.336+0000][9528.493s][info ][gc,phases   ] GC(97)   Other: 2.5ms
[2025-11-29T14:34:49.337+0000][9528.493s][info ][gc,heap     ] GC(97) Eden regions: 544->0(546)
[2025-11-29T14:34:49.338+0000][9528.494s][info ][gc,heap     ] GC(97) Survivor regions: 2->1(69)
[2025-11-29T14:34:49.339+0000][9528.495s][info ][gc,heap     ] GC(97) Old regions: 378->378
[2025-11-29T14:34:49.339+0000][9528.495s][info ][gc,heap     ] GC(97) Archive regions: 2->2
[2025-11-29T14:34:49.340+0000][9528.496s][info ][gc,heap     ] GC(97) Humongous regions: 12->12
[2025-11-29T14:34:49.340+0000][9528.497s][info ][gc,metaspace] GC(97) Metaspace: 190569K(191936K)->190569K(191936K) NonClass: 167292K(168000K)->167292K(168000K) Class: 23276K(23936K)->23276K(23936K)
[2025-11-29T14:34:49.341+0000][9528.497s][info ][gc          ] GC(97) Pause Young (Normal) (G1 Evacuation Pause) 935M->391M(1047M) 22.285ms
[2025-11-29T14:34:49.341+0000][9528.497s][info ][gc,cpu      ] GC(97) User=0.06s Sys=0.00s Real=0.03s
[2025-11-29T14:34:49.342+0000][9528.498s][info ][safepoint   ] Safepoint "G1CollectForAllocation", Time since last: 22101416860 ns, Reaching safepoint: 1102992 ns, Cleanup: 7411 ns, At safepoint: 23788677 ns, Total: 24899080 ns
[2025-11-29T14:34:50.343+0000][9529.499s][debug][safepoint   ] Safepoint synchronization initiated using futex wait barrier. (211 threads)
[2025-11-29T14:34:50.343+0000][9529.500s][info ][safepoint   ] Safepoint "Cleanup", Time since last: 1000478118 ns, Reaching safepoint: 741281 ns, Cleanup: 53126 ns, At safepoint: 5181 ns, Total: 799588 ns
[2025-11-29T14:36:54.450+0000][9653.616s][debug][safepoint   ] Safepoint synchronization initiated using futex wait barrier. (211 threads)
[2025-11-29T14:36:54.451+0000][9653.617s][info ][safepoint   ] Safepoint "Cleanup", Time since last: 124116747592 ns, Reaching safepoint: 840856 ns, Cleanup: 29051 ns, At safepoint: 6540 ns, Total: 876447 ns
[2025-11-29T14:39:54.643+0000][9833.823s][debug][safepoint   ] Safepoint synchronization initiated using futex wait barrier. (212 threads)
[2025-11-29T14:39:54.644+0000][9833.824s][info ][safepoint   ] Safepoint "Cleanup", Time since last: 180205671983 ns, Reaching safepoint: 1121724 ns, Cleanup: 18312 ns, At safepoint: 7700 ns, Total: 1147736 ns
[2025-11-29T14:58:52.251+0000][9991.285s][debug][safepoint   ] Safepoint synchronization initiated using futex wait barrier. (209 threads)
[2025-11-29T14:58:52.252+0000][9991.287s][info ][gc,start    ] GC(98) Pause Young (Normal) (G1 Evacuation Pause)
[2025-11-29T14:58:52.253+0000][9991.288s][info ][gc,task     ] GC(98) Using 10 workers of 10 for evacuation
[2025-11-29T14:58:52.265+0000][9991.299s][info ][gc,phases   ] GC(98)   Pre Evacuate Collection Set: 0.7ms
[2025-11-29T14:58:52.265+0000][9991.300s][info ][gc,phases   ] GC(98)   Merge Heap Roots: 0.7ms
[2025-11-29T14:58:52.266+0000][9991.301s][info ][gc,phases   ] GC(98)   Evacuate Collection Set: 7.1ms
[2025-11-29T14:58:52.267+0000][9991.302s][info ][gc,phases   ] GC(98)   Post Evacuate Collection Set: 2.5ms
[2025-11-29T14:58:52.268+0000][9991.302s][info ][gc,phases   ] GC(98)   Other: 1.8ms
[2025-11-29T14:58:52.268+0000][9991.303s][info ][gc,heap     ] GC(98) Eden regions: 546->0(546)
[2025-11-29T14:58:52.269+0000][9991.304s][info ][gc,heap     ] GC(98) Survivor regions: 1->1(69)
[2025-11-29T14:58:52.269+0000][9991.304s][info ][gc,heap     ] GC(98) Old regions: 378->378
[2025-11-29T14:58:52.270+0000][9991.305s][info ][gc,heap     ] GC(98) Archive regions: 2->2
[2025-11-29T14:58:52.271+0000][9991.305s][info ][gc,heap     ] GC(98) Humongous regions: 12->12
[2025-11-29T14:58:52.271+0000][9991.306s][info ][gc,metaspace] GC(98) Metaspace: 190581K(191936K)->190581K(191936K) NonClass: 167304K(168000K)->167304K(168000K) Class: 23277K(23936K)->23277K(23936K)
[2025-11-29T14:58:52.272+0000][9991.307s][info ][gc          ] GC(98) Pause Young (Normal) (G1 Evacuation Pause) 937M->391M(1047M) 19.851ms
[2025-11-29T14:58:52.273+0000][9991.307s][info ][gc,cpu      ] GC(98) User=0.07s Sys=0.00s Real=0.02s
[2025-11-29T14:58:52.274+0000][9991.308s][info ][safepoint   ] Safepoint "G1CollectForAllocation", Time since last: 157461397554 ns, Reaching safepoint: 1255951 ns, Cleanup: 15622 ns, At safepoint: 21583567 ns, Total: 22855140 ns
[2025-11-29T14:59:15.278+0000][10014.315s][debug][safepoint   ] Safepoint synchronization initiated using futex wait barrier. (208 threads)
[2025-11-29T14:59:15.279+0000][10014.316s][info ][safepoint   ] Safepoint "Cleanup", Time since last: 23007129373 ns, Reaching safepoint: 905131 ns, Cleanup: 15626 ns, At safepoint: 3533 ns, Total: 924290 ns
[2025-11-29T15:00:15.080+0000][10074.122s][debug][safepoint   ] Safepoint synchronization initiated using futex wait barrier. (208 threads)
[2025-11-29T15:00:15.081+0000][10074.123s][info ][safepoint   ] Safepoint "Cleanup", Time since last: 59806096531 ns, Reaching safepoint: 773630 ns, Cleanup: 21207 ns, At safepoint: 8875 ns, Total: 803712 ns
[2025-11-29T15:04:14.313+0000][10313.378s][debug][safepoint   ] Safepoint synchronization initiated using futex wait barrier. (209 threads)
[2025-11-29T15:04:14.315+0000][10313.379s][info ][safepoint   ] Safepoint "Cleanup", Time since last: 239254273710 ns, Reaching safepoint: 1199604 ns, Cleanup: 17258 ns, At safepoint: 128145 ns, Total: 1345007 ns
[2025-11-29T15:05:30.325+0000][10389.401s][debug][safepoint   ] Safepoint synchronization initiated using futex wait barrier. (209 threads)
[2025-11-29T15:05:30.326+0000][10389.401s][info ][safepoint   ] Safepoint "Cleanup", Time since last: 76021793878 ns, Reaching safepoint: 701144 ns, Cleanup: 24447 ns, At safepoint: 8774 ns, Total: 734365 ns
[2025-11-29T15:06:10.335+0000][10429.414s][debug][safepoint   ] Safepoint synchronization initiated using futex wait barrier. (208 threads)
[2025-11-29T15:06:10.336+0000][10429.415s][info ][safepoint   ] Safepoint "Cleanup", Time since last: 40012668359 ns, Reaching safepoint: 1325972 ns, Cleanup: 28652 ns, At safepoint: 13082 ns, Total: 1367706 ns
[2025-11-29T15:06:14.339+0000][10433.418s][debug][safepoint   ] Safepoint synchronization initiated using futex wait barrier. (208 threads)
[2025-11-29T15:06:14.339+0000][10433.419s][info ][safepoint   ] Safepoint "Cleanup", Time since last: 4002327404 ns, Reaching safepoint: 790385 ns, Cleanup: 17439 ns, At safepoint: 6235 ns, Total: 814059 ns
[2025-11-29T15:06:28.345+0000][10447.424s][debug][safepoint   ] Safepoint synchronization initiated using futex wait barrier. (209 threads)
[2025-11-29T15:06:28.346+0000][10447.425s][info ][safepoint   ] Safepoint "Cleanup", Time since last: 14005183522 ns, Reaching safepoint: 1150683 ns, Cleanup: 22488 ns, At safepoint: 9925 ns, Total: 1183096 ns
[2025-11-29T15:06:35.135+0000][10454.218s][debug][safepoint   ] Safepoint synchronization initiated using futex wait barrier. (209 threads)
[2025-11-29T15:06:35.136+0000][10454.219s][info ][gc,start    ] GC(99) Pause Young (Normal) (G1 Evacuation Pause)
[2025-11-29T15:06:35.137+0000][10454.220s][info ][gc,task     ] GC(99) Using 10 workers of 10 for evacuation
[2025-11-29T15:06:35.148+0000][10454.230s][info ][gc,phases   ] GC(99)   Pre Evacuate Collection Set: 0.6ms
[2025-11-29T15:06:35.149+0000][10454.231s][info ][gc,phases   ] GC(99)   Merge Heap Roots: 0.5ms
[2025-11-29T15:06:35.150+0000][10454.232s][info ][gc,phases   ] GC(99)   Evacuate Collection Set: 5.3ms
[2025-11-29T15:06:35.151+0000][10454.233s][info ][gc,phases   ] GC(99)   Post Evacuate Collection Set: 3.1ms
[2025-11-29T15:06:35.152+0000][10454.234s][info ][gc,phases   ] GC(99)   Other: 2.3ms
[2025-11-29T15:06:35.152+0000][10454.235s][info ][gc,heap     ] GC(99) Eden regions: 546->0(547)
[2025-11-29T15:06:35.154+0000][10454.236s][info ][gc,heap     ] GC(99) Survivor regions: 1->1(69)
[2025-11-29T15:06:35.155+0000][10454.237s][info ][gc,heap     ] GC(99) Old regions: 378->378
[2025-11-29T15:06:35.156+0000][10454.238s][info ][gc,heap     ] GC(99) Archive regions: 2->2
[2025-11-29T15:06:35.157+0000][10454.239s][info ][gc,heap     ] GC(99) Humongous regions: 12->12
[2025-11-29T15:06:35.158+0000][10454.240s][info ][gc,metaspace] GC(99) Metaspace: 190595K(191936K)->190595K(191936K) NonClass: 167317K(168000K)->167317K(168000K) Class: 23277K(23936K)->23277K(23936K)
[2025-11-29T15:06:35.159+0000][10454.241s][info ][gc          ] GC(99) Pause Young (Normal) (G1 Evacuation Pause) 937M->391M(1047M) 22.362ms
[2025-11-29T15:06:35.160+0000][10454.242s][info ][gc,cpu      ] GC(99) User=0.05s Sys=0.00s Real=0.02s
[2025-11-29T15:06:35.161+0000][10454.243s][info ][safepoint   ] Safepoint "G1CollectForAllocation", Time since last: 6792762195 ns, Reaching safepoint: 852375 ns, Cleanup: 7573 ns, At safepoint: 24775710 ns, Total: 25635658 ns
[2025-11-29T15:07:03.166+0000][10482.251s][debug][safepoint   ] Safepoint synchronization initiated using futex wait barrier. (210 threads)
[2025-11-29T15:07:03.170+0000][10482.255s][info ][safepoint   ] Safepoint "Cleanup", Time since last: 28007705759 ns, Reaching safepoint: 3842753 ns, Cleanup: 14382 ns, At safepoint: 576263 ns, Total: 4433398 ns
[2025-11-29T15:07:15.334+0000][10494.420s][debug][safepoint   ] Safepoint synchronization initiated using futex wait barrier. (210 threads)
[2025-11-29T15:07:15.335+0000][10494.421s][info ][safepoint   ] Safepoint "Cleanup", Time since last: 12164234273 ns, Reaching safepoint: 830638 ns, Cleanup: 57323 ns, At safepoint: 6451 ns, Total: 894412 ns
[2025-11-29T15:07:39.550+0000][10518.638s][debug][safepoint   ] Safepoint synchronization initiated using futex wait barrier. (210 threads)
[2025-11-29T15:07:39.551+0000][10518.639s][info ][safepoint   ] Safepoint "Cleanup", Time since last: 24217719067 ns, Reaching safepoint: 1001387 ns, Cleanup: 14222 ns, At safepoint: 4132 ns, Total: 1019741 ns
[2025-11-29T15:07:40.552+0000][10519.641s][debug][safepoint   ] Safepoint synchronization initiated using futex wait barrier. (210 threads)
[2025-11-29T15:07:40.553+0000][10519.642s][info ][safepoint   ] Safepoint "Cleanup", Time since last: 1001273680 ns, Reaching safepoint: 1037332 ns, Cleanup: 21310 ns, At safepoint: 8722 ns, Total: 1067364 ns
[2025-11-29T15:10:09.630+0000][10668.732s][debug][safepoint   ] Safepoint synchronization initiated using futex wait barrier. (208 threads)
[2025-11-29T15:10:09.631+0000][10668.733s][info ][safepoint   ] Safepoint "Cleanup", Time since last: 149089830764 ns, Reaching safepoint: 1135711 ns, Cleanup: 26768 ns, At safepoint: 9349 ns, Total: 1171828 ns
[2025-11-29T15:10:30.635+0000][10689.740s][debug][safepoint   ] Safepoint synchronization initiated using futex wait barrier. (210 threads)
[2025-11-29T15:10:30.636+0000][10689.741s][info ][safepoint   ] Safepoint "Cleanup", Time since last: 21007149267 ns, Reaching safepoint: 988193 ns, Cleanup: 18783 ns, At safepoint: 10317 ns, Total: 1017293 ns
[2025-11-29T15:10:31.637+0000][10690.742s][debug][safepoint   ] Safepoint synchronization initiated using futex wait barrier. (210 threads)
[2025-11-29T15:10:31.638+0000][10690.743s][info ][safepoint   ] Safepoint "Cleanup", Time since last: 1001121869 ns, Reaching safepoint: 1073877 ns, Cleanup: 21120 ns, At safepoint: 10443 ns, Total: 1105440 ns
[2025-11-29T15:11:06.744+0000][10725.852s][debug][safepoint   ] Safepoint synchronization initiated using futex wait barrier. (210 threads)
[2025-11-29T15:11:06.745+0000][10725.853s][info ][safepoint   ] Safepoint "Cleanup", Time since last: 35108586444 ns, Reaching safepoint: 1196140 ns, Cleanup: 23237 ns, At safepoint: 13290 ns, Total: 1232667 ns
[2025-11-29T15:11:14.749+0000][10733.856s][debug][safepoint   ] Safepoint synchronization initiated using futex wait barrier. (209 threads)
[2025-11-29T15:11:14.750+0000][10733.857s][info ][safepoint   ] Safepoint "Cleanup", Time since last: 8003329806 ns, Reaching safepoint: 1128012 ns, Cleanup: 21891 ns, At safepoint: 9237 ns, Total: 1159140 ns
[2025-11-29T15:11:19.752+0000][10738.860s][debug][safepoint   ] Safepoint synchronization initiated using futex wait barrier. (211 threads)
[2025-11-29T15:11:19.757+0000][10738.865s][info ][safepoint   ] Safepoint "Cleanup", Time since last: 5002559293 ns, Reaching safepoint: 3051704 ns, Cleanup: 27889 ns, At safepoint: 1597140 ns, Total: 4676733 ns
[2025-11-29T15:13:11.863+0000][10850.981s][debug][safepoint   ] Safepoint synchronization initiated using futex wait barrier. (213 threads)
[2025-11-29T15:13:11.864+0000][10850.982s][info ][safepoint   ] Safepoint "Cleanup", Time since last: 112115981145 ns, Reaching safepoint: 1171609 ns, Cleanup: 17231 ns, At safepoint: 7663 ns, Total: 1196503 ns
[2025-11-29T15:14:15.606+0000][10914.731s][debug][safepoint   ] Safepoint synchronization initiated using futex wait barrier. (214 threads)
[2025-11-29T15:14:15.607+0000][10914.732s][info ][gc,start    ] GC(100) Pause Young (Normal) (G1 Evacuation Pause)
[2025-11-29T15:14:15.608+0000][10914.733s][info ][gc,task     ] GC(100) Using 10 workers of 10 for evacuation
[2025-11-29T15:14:15.625+0000][10914.749s][info ][gc,phases   ] GC(100)   Pre Evacuate Collection Set: 0.4ms
[2025-11-29T15:14:15.626+0000][10914.750s][info ][gc,phases   ] GC(100)   Merge Heap Roots: 0.6ms
[2025-11-29T15:14:15.626+0000][10914.750s][info ][gc,phases   ] GC(100)   Evacuate Collection Set: 12.5ms
[2025-11-29T15:14:15.627+0000][10914.751s][info ][gc,phases   ] GC(100)   Post Evacuate Collection Set: 2.1ms
[2025-11-29T15:14:15.627+0000][10914.752s][info ][gc,phases   ] GC(100)   Other: 1.8ms
[2025-11-29T15:14:15.628+0000][10914.752s][info ][gc,heap     ] GC(100) Eden regions: 547->0(545)
[2025-11-29T15:14:15.628+0000][10914.753s][info ][gc,heap     ] GC(100) Survivor regions: 1->2(69)
[2025-11-29T15:14:15.629+0000][10914.753s][info ][gc,heap     ] GC(100) Old regions: 378->378
[2025-11-29T15:14:15.629+0000][10914.754s][info ][gc,heap     ] GC(100) Archive regions: 2->2
[2025-11-29T15:14:15.630+0000][10914.754s][info ][gc,heap     ] GC(100) Humongous regions: 12->12
[2025-11-29T15:14:15.630+0000][10914.755s][info ][gc,metaspace] GC(100) Metaspace: 190642K(192000K)->190642K(192000K) NonClass: 167363K(168064K)->167363K(168064K) Class: 23278K(23936K)->23278K(23936K)
[2025-11-29T15:14:15.631+0000][10914.755s][info ][gc          ] GC(100) Pause Young (Normal) (G1 Evacuation Pause) 938M->391M(1047M) 23.609ms
[2025-11-29T15:14:15.632+0000][10914.756s][info ][gc,cpu      ] GC(100) User=0.10s Sys=0.01s Real=0.02s
[2025-11-29T15:14:15.633+0000][10914.758s][info ][safepoint   ] Safepoint "G1CollectForAllocation", Time since last: 63748954588 ns, Reaching safepoint: 979419 ns, Cleanup: 8780 ns, At safepoint: 25875304 ns, Total: 26863503 ns
[2025-11-29T15:15:09.644+0000][10968.774s][debug][safepoint   ] Safepoint synchronization initiated using futex wait barrier. (212 threads)
[2025-11-29T15:15:09.645+0000][10968.774s][info ][safepoint   ] Safepoint "Cleanup", Time since last: 54015921900 ns, Reaching safepoint: 781915 ns, Cleanup: 18408 ns, At safepoint: 8307 ns, Total: 808630 ns
[2025-11-29T15:15:49.653+0000][11008.785s][debug][safepoint   ] Safepoint synchronization initiated using futex wait barrier. (212 threads)
[2025-11-29T15:15:49.654+0000][11008.786s][info ][safepoint   ] Safepoint "Cleanup", Time since last: 40010978696 ns, Reaching safepoint: 991182 ns, Cleanup: 19848 ns, At safepoint: 10021 ns, Total: 1021051 ns
[2025-11-29T15:21:58.255+0000][11377.438s][debug][safepoint   ] Safepoint synchronization initiated using futex wait barrier. (213 threads)
[2025-11-29T15:21:58.258+0000][11377.441s][info ][gc,start    ] GC(101) Pause Young (Normal) (G1 Evacuation Pause)
[2025-11-29T15:21:58.259+0000][11377.442s][info ][gc,task     ] GC(101) Using 10 workers of 10 for evacuation
[2025-11-29T15:21:58.268+0000][11377.451s][info ][gc,phases   ] GC(101)   Pre Evacuate Collection Set: 0.6ms
[2025-11-29T15:21:58.269+0000][11377.452s][info ][gc,phases   ] GC(101)   Merge Heap Roots: 0.3ms
[2025-11-29T15:21:58.270+0000][11377.453s][info ][gc,phases   ] GC(101)   Evacuate Collection Set: 5.4ms
[2025-11-29T15:21:58.270+0000][11377.453s][info ][gc,phases   ] GC(101)   Post Evacuate Collection Set: 2.8ms
[2025-11-29T15:21:58.271+0000][11377.454s][info ][gc,phases   ] GC(101)   Other: 1.4ms
[2025-11-29T15:21:58.272+0000][11377.455s][info ][gc,heap     ] GC(101) Eden regions: 545->0(546)
[2025-11-29T15:21:58.272+0000][11377.455s][info ][gc,heap     ] GC(101) Survivor regions: 2->1(69)
[2025-11-29T15:21:58.273+0000][11377.456s][info ][gc,heap     ] GC(101) Old regions: 378->378
[2025-11-29T15:21:58.273+0000][11377.456s][info ][gc,heap     ] GC(101) Archive regions: 2->2
[2025-11-29T15:21:58.274+0000][11377.457s][info ][gc,heap     ] GC(101) Humongous regions: 12->12
[2025-11-29T15:21:58.275+0000][11377.458s][info ][gc,metaspace] GC(101) Metaspace: 190658K(192064K)->190658K(192064K) NonClass: 167380K(168128K)->167380K(168128K) Class: 23278K(23936K)->23278K(23936K)
[2025-11-29T15:21:58.275+0000][11377.458s][info ][gc          ] GC(101) Pause Young (Normal) (G1 Evacuation Pause) 936M->391M(1047M) 17.283ms
[2025-11-29T15:21:58.276+0000][11377.459s][info ][gc,cpu      ] GC(101) User=0.04s Sys=0.00s Real=0.02s
[2025-11-29T15:21:58.277+0000][11377.460s][info ][safepoint   ] Safepoint "G1CollectForAllocation", Time since last: 368651931562 ns, Reaching safepoint: 2585381 ns, Cleanup: 8764 ns, At safepoint: 18993977 ns, Total: 21588122 ns
[2025-11-29T15:22:14.279+0000][11393.465s][debug][safepoint   ] Safepoint synchronization initiated using futex wait barrier. (213 threads)
[2025-11-29T15:22:14.280+0000][11393.466s][info ][safepoint   ] Safepoint "Cleanup", Time since last: 16005588780 ns, Reaching safepoint: 846360 ns, Cleanup: 14798 ns, At safepoint: 4510 ns, Total: 865668 ns
